Archive member included to satisfy reference by file (symbol)

c:/ac6/systemworkbench/plugins/fr.ac6.mcu.externaltools.arm-none.win32_1.17.0.201812190825/tools/compiler/bin/../lib/gcc/arm-none-eabi/7.3.1/../../../../arm-none-eabi/lib/thumb/v6-m\libm.a(lib_a-s_floor.o)
                              boards/m2m-76-impulse-counter/rtc-board.o (floor)
c:/ac6/systemworkbench/plugins/fr.ac6.mcu.externaltools.arm-none.win32_1.17.0.201812190825/tools/compiler/bin/../lib/gcc/arm-none-eabi/7.3.1/thumb/v6-m\libgcc.a(_thumb1_case_uqi.o)
                              boards/m2m-76-impulse-counter/cmsis/system_stm32l0xx.o (__gnu_thumb1_case_uqi)
c:/ac6/systemworkbench/plugins/fr.ac6.mcu.externaltools.arm-none.win32_1.17.0.201812190825/tools/compiler/bin/../lib/gcc/arm-none-eabi/7.3.1/thumb/v6-m\libgcc.a(_udivsi3.o)
                              boards/m2m-76-impulse-counter/board.o (__aeabi_uidiv)
c:/ac6/systemworkbench/plugins/fr.ac6.mcu.externaltools.arm-none.win32_1.17.0.201812190825/tools/compiler/bin/../lib/gcc/arm-none-eabi/7.3.1/thumb/v6-m\libgcc.a(_divsi3.o)
                              boards/mcu/stm32/STM32L0xx_HAL_Driver/Src/stm32l0xx_hal_rcc.o (__aeabi_idiv)
c:/ac6/systemworkbench/plugins/fr.ac6.mcu.externaltools.arm-none.win32_1.17.0.201812190825/tools/compiler/bin/../lib/gcc/arm-none-eabi/7.3.1/thumb/v6-m\libgcc.a(_dvmd_tls.o)
                              c:/ac6/systemworkbench/plugins/fr.ac6.mcu.externaltools.arm-none.win32_1.17.0.201812190825/tools/compiler/bin/../lib/gcc/arm-none-eabi/7.3.1/thumb/v6-m\libgcc.a(_udivsi3.o) (__aeabi_idiv0)
c:/ac6/systemworkbench/plugins/fr.ac6.mcu.externaltools.arm-none.win32_1.17.0.201812190825/tools/compiler/bin/../lib/gcc/arm-none-eabi/7.3.1/thumb/v6-m\libgcc.a(_arm_cmpdf2.o)
                              system/gps.o (__aeabi_dcmpeq)
c:/ac6/systemworkbench/plugins/fr.ac6.mcu.externaltools.arm-none.win32_1.17.0.201812190825/tools/compiler/bin/../lib/gcc/arm-none-eabi/7.3.1/thumb/v6-m\libgcc.a(_arm_cmpsf2.o)
                              boards/m2m-76-impulse-counter/rtc-board.o (__aeabi_fcmplt)
c:/ac6/systemworkbench/plugins/fr.ac6.mcu.externaltools.arm-none.win32_1.17.0.201812190825/tools/compiler/bin/../lib/gcc/arm-none-eabi/7.3.1/thumb/v6-m\libgcc.a(_aeabi_ldivmod.o)
                              boards/m2m-76-impulse-counter/rtc-board.o (__aeabi_ldivmod)
c:/ac6/systemworkbench/plugins/fr.ac6.mcu.externaltools.arm-none.win32_1.17.0.201812190825/tools/compiler/bin/../lib/gcc/arm-none-eabi/7.3.1/thumb/v6-m\libgcc.a(_aeabi_uldivmod.o)
                              boards/m2m-76-impulse-counter/rtc-board.o (__aeabi_uldivmod)
c:/ac6/systemworkbench/plugins/fr.ac6.mcu.externaltools.arm-none.win32_1.17.0.201812190825/tools/compiler/bin/../lib/gcc/arm-none-eabi/7.3.1/thumb/v6-m\libgcc.a(_fixunssfsi.o)
                              boards/m2m-76-impulse-counter/rtc-board.o (__aeabi_f2uiz)
c:/ac6/systemworkbench/plugins/fr.ac6.mcu.externaltools.arm-none.win32_1.17.0.201812190825/tools/compiler/bin/../lib/gcc/arm-none-eabi/7.3.1/thumb/v6-m\libgcc.a(_udivmoddi4.o)
                              c:/ac6/systemworkbench/plugins/fr.ac6.mcu.externaltools.arm-none.win32_1.17.0.201812190825/tools/compiler/bin/../lib/gcc/arm-none-eabi/7.3.1/thumb/v6-m\libgcc.a(_aeabi_uldivmod.o) (__udivmoddi4)
c:/ac6/systemworkbench/plugins/fr.ac6.mcu.externaltools.arm-none.win32_1.17.0.201812190825/tools/compiler/bin/../lib/gcc/arm-none-eabi/7.3.1/thumb/v6-m\libgcc.a(bpabi.o)
                              c:/ac6/systemworkbench/plugins/fr.ac6.mcu.externaltools.arm-none.win32_1.17.0.201812190825/tools/compiler/bin/../lib/gcc/arm-none-eabi/7.3.1/thumb/v6-m\libgcc.a(_aeabi_ldivmod.o) (__gnu_ldivmod_helper)
c:/ac6/systemworkbench/plugins/fr.ac6.mcu.externaltools.arm-none.win32_1.17.0.201812190825/tools/compiler/bin/../lib/gcc/arm-none-eabi/7.3.1/thumb/v6-m\libgcc.a(addsf3.o)
                              boards/m2m-76-impulse-counter/rtc-board.o (__aeabi_fadd)
c:/ac6/systemworkbench/plugins/fr.ac6.mcu.externaltools.arm-none.win32_1.17.0.201812190825/tools/compiler/bin/../lib/gcc/arm-none-eabi/7.3.1/thumb/v6-m\libgcc.a(divsf3.o)
                              boards/m2m-76-impulse-counter/rtc-board.o (__aeabi_fdiv)
c:/ac6/systemworkbench/plugins/fr.ac6.mcu.externaltools.arm-none.win32_1.17.0.201812190825/tools/compiler/bin/../lib/gcc/arm-none-eabi/7.3.1/thumb/v6-m\libgcc.a(eqsf2.o)
                              c:/ac6/systemworkbench/plugins/fr.ac6.mcu.externaltools.arm-none.win32_1.17.0.201812190825/tools/compiler/bin/../lib/gcc/arm-none-eabi/7.3.1/thumb/v6-m\libgcc.a(_arm_cmpsf2.o) (__eqsf2)
c:/ac6/systemworkbench/plugins/fr.ac6.mcu.externaltools.arm-none.win32_1.17.0.201812190825/tools/compiler/bin/../lib/gcc/arm-none-eabi/7.3.1/thumb/v6-m\libgcc.a(gesf2.o)
                              c:/ac6/systemworkbench/plugins/fr.ac6.mcu.externaltools.arm-none.win32_1.17.0.201812190825/tools/compiler/bin/../lib/gcc/arm-none-eabi/7.3.1/thumb/v6-m\libgcc.a(_arm_cmpsf2.o) (__gesf2)
[...]
Memory Configuration

Name             Origin             Length             Attributes
RAM              0x20000000         0x00005000         xrw
ROM              0x08000000         0x00006000         xr
*default*        0x00000000         0xffffffff

Linker script and memory map

LOAD c:/ac6/systemworkbench/plugins/fr.ac6.mcu.externaltools.arm-none.win32_1.17.0.201812190825/tools/compiler/bin/../lib/gcc/arm-none-eabi/7.3.1/thumb/v6-m/crti.o
LOAD c:/ac6/systemworkbench/plugins/fr.ac6.mcu.externaltools.arm-none.win32_1.17.0.201812190825/tools/compiler/bin/../lib/gcc/arm-none-eabi/7.3.1/thumb/v6-m/crtbegin.o
LOAD c:/ac6/systemworkbench/plugins/fr.ac6.mcu.externaltools.arm-none.win32_1.17.0.201812190825/tools/compiler/bin/../lib/gcc/arm-none-eabi/7.3.1/../../../../arm-none-eabi/lib/thumb/v6-m/crt0.o
LOAD boards/m2m-76-impulse-counter/adc-board.o
LOAD boards/m2m-76-impulse-counter/ade7953.o
LOAD boards/m2m-76-impulse-counter/board.o
LOAD boards/m2m-76-impulse-counter/delay-board.o
LOAD boards/m2m-76-impulse-counter/eeprom-board.o
LOAD boards/m2m-76-impulse-counter/gpio-board.o
LOAD boards/m2m-76-impulse-counter/lpm-board.o
LOAD boards/m2m-76-impulse-counter/rtc-board.o
LOAD boards/m2m-76-impulse-counter/spi-board.o
LOAD boards/m2m-76-impulse-counter/sx1276mb1las-board.o
LOAD boards/m2m-76-impulse-counter/uart-board.o
LOAD boards/m2m-76-impulse-counter/cmsis/system_stm32l0xx.o
LOAD boards/mcu/stm32/STM32L0xx_HAL_Driver/Src/stm32l0xx_hal.o
LOAD boards/mcu/stm32/STM32L0xx_HAL_Driver/Src/stm32l0xx_hal_adc.o
LOAD boards/mcu/stm32/STM32L0xx_HAL_Driver/Src/stm32l0xx_hal_adc_ex.o
LOAD boards/mcu/stm32/STM32L0xx_HAL_Driver/Src/stm32l0xx_hal_cortex.o
LOAD boards/mcu/stm32/STM32L0xx_HAL_Driver/Src/stm32l0xx_hal_dma.o
LOAD boards/mcu/stm32/STM32L0xx_HAL_Driver/Src/stm32l0xx_hal_flash.o
LOAD boards/mcu/stm32/STM32L0xx_HAL_Driver/Src/stm32l0xx_hal_flash_ex.o
LOAD boards/mcu/stm32/STM32L0xx_HAL_Driver/Src/stm32l0xx_hal_flash_ramfunc.o
LOAD boards/mcu/stm32/STM32L0xx_HAL_Driver/Src/stm32l0xx_hal_gpio.o
LOAD boards/mcu/stm32/STM32L0xx_HAL_Driver/Src/stm32l0xx_hal_i2c.o
LOAD boards/mcu/stm32/STM32L0xx_HAL_Driver/Src/stm32l0xx_hal_i2c_ex.o
LOAD boards/mcu/stm32/STM32L0xx_HAL_Driver/Src/stm32l0xx_hal_i2s.o
LOAD boards/mcu/stm32/STM32L0xx_HAL_Driver/Src/stm32l0xx_hal_pwr.o
LOAD boards/mcu/stm32/STM32L0xx_HAL_Driver/Src/stm32l0xx_hal_pwr_ex.o
LOAD boards/mcu/stm32/STM32L0xx_HAL_Driver/Src/stm32l0xx_hal_rcc.o
LOAD boards/mcu/stm32/STM32L0xx_HAL_Driver/Src/stm32l0xx_hal_rcc_ex.o
LOAD boards/mcu/stm32/STM32L0xx_HAL_Driver/Src/stm32l0xx_hal_rtc.o
LOAD boards/mcu/stm32/STM32L0xx_HAL_Driver/Src/stm32l0xx_hal_rtc_ex.o
LOAD boards/mcu/stm32/STM32L0xx_HAL_Driver/Src/stm32l0xx_hal_smartcard.o
LOAD boards/mcu/stm32/STM32L0xx_HAL_Driver/Src/stm32l0xx_hal_spi.o
LOAD boards/mcu/stm32/STM32L0xx_HAL_Driver/Src/stm32l0xx_hal_tim.o
LOAD boards/mcu/stm32/STM32L0xx_HAL_Driver/Src/stm32l0xx_hal_tim_ex.o
LOAD boards/mcu/stm32/STM32L0xx_HAL_Driver/Src/stm32l0xx_hal_uart.o
LOAD boards/mcu/stm32/STM32L0xx_HAL_Driver/Src/stm32l0xx_hal_uart_ex.o
LOAD boards/mcu/stm32/STM32L0xx_HAL_Driver/Src/stm32l0xx_hal_usart.o
LOAD boards/mcu/stm32/STM32L0xx_HAL_Driver/Src/stm32l0xx_hal_wwdg.o
LOAD boards/mcu/stm32/STM32L0xx_HAL_Driver/Src/stm32l0xx_ll_gpio.o
LOAD boards/mcu/stm32/STM32L0xx_HAL_Driver/Src/stm32l0xx_ll_lptim.o
LOAD boards/mcu/stm32/STM32L0xx_HAL_Driver/Src/stm32l0xx_ll_rcc.o
LOAD boards/mcu/stm32/STM32L0xx_HAL_Driver/Src/stm32l0xx_ll_spi.o
LOAD boards/mcu/stm32/STM32L0xx_HAL_Driver/Src/stm32l0xx_ll_usart.o
LOAD boards/mcu/stm32/sysIrqHandlers.o
LOAD boards/mcu/utilities.o
LOAD m2m-fuota/AT25SF041.o
LOAD m2m-fuota/LiteDisk.o
LOAD m2m-fuota/LiteDiskDefs.o
LOAD m2m-fuota/flash.o
LOAD m2m-fuota/syslog.o
LOAD m2m-fuota/version.o
LOAD m2m-fuota/xprintf.o
LOAD src/main.o
LOAD startup/startup_stm32.o
LOAD startup/sysmem.o
LOAD system/adc.o
LOAD system/delay.o
LOAD system/eeprom.o
LOAD system/fifo.o
LOAD system/gpio.o
LOAD system/gps.o
LOAD system/i2c.o
LOAD system/nvmm.o
LOAD system/systime.o
LOAD system/timer.o
LOAD system/uart.o
LOAD c:/ac6/systemworkbench/plugins/fr.ac6.mcu.externaltools.arm-none.win32_1.17.0.201812190825/tools/compiler/bin/../lib/gcc/arm-none-eabi/7.3.1/../../../../arm-none-eabi/lib/thumb/v6-m\libm.a
START GROUP
LOAD c:/ac6/systemworkbench/plugins/fr.ac6.mcu.externaltools.arm-none.win32_1.17.0.201812190825/tools/compiler/bin/../lib/gcc/arm-none-eabi/7.3.1/thumb/v6-m\libgcc.a
LOAD c:/ac6/systemworkbench/plugins/fr.ac6.mcu.externaltools.arm-none.win32_1.17.0.201812190825/tools/compiler/bin/../lib/gcc/arm-none-eabi/7.3.1/../../../../arm-none-eabi/lib/thumb/v6-m\libc.a
END GROUP
START GROUP
LOAD c:/ac6/systemworkbench/plugins/fr.ac6.mcu.externaltools.arm-none.win32_1.17.0.201812190825/tools/compiler/bin/../lib/gcc/arm-none-eabi/7.3.1/thumb/v6-m\libgcc.a
LOAD c:/ac6/systemworkbench/plugins/fr.ac6.mcu.externaltools.arm-none.win32_1.17.0.201812190825/tools/compiler/bin/../lib/gcc/arm-none-eabi/7.3.1/../../../../arm-none-eabi/lib/thumb/v6-m\libc.a
LOAD c:/ac6/systemworkbench/plugins/fr.ac6.mcu.externaltools.arm-none.win32_1.17.0.201812190825/tools/compiler/bin/../lib/gcc/arm-none-eabi/7.3.1/../../../../arm-none-eabi/lib/thumb/v6-m\libnosys.a
END GROUP
LOAD c:/ac6/systemworkbench/plugins/fr.ac6.mcu.externaltools.arm-none.win32_1.17.0.201812190825/tools/compiler/bin/../lib/gcc/arm-none-eabi/7.3.1/thumb/v6-m/crtend.o
LOAD c:/ac6/systemworkbench/plugins/fr.ac6.mcu.externaltools.arm-none.win32_1.17.0.201812190825/tools/compiler/bin/../lib/gcc/arm-none-eabi/7.3.1/thumb/v6-m/crtn.o
                0x20005000                _estack = 0x20005000
                0x00000000                _Min_Heap_Size = 0x0
                0x00000400                _Min_Stack_Size = 0x400

.isr_vector     0x08000000       0xb8
                0x08000000                . = ALIGN (0x4)
 *(.isr_vector)
 .isr_vector    0x08000000       0xb8 startup/startup_stm32.o
                0x08000000                g_pfnVectors
                0x080000b8                . = ALIGN (0x4)

.version        0x080000b8       0x10
                0x080000b8                . = ALIGN (0x4)
 *(.version)
 .version       0x080000b8       0x10 m2m-fuota/version.o
                0x080000b8                __ver_struct
                0x080000c8                . = ALIGN (0x4)

.text           0x080000c8     0x3994
                0x080000c8                . = ALIGN (0x4)
 *(.text)
 .text          0x080000c8       0x48 c:/ac6/systemworkbench/plugins/fr.ac6.mcu.externaltools.arm-none.win32_1.17.0.201812190825/tools/compiler/bin/../lib/gcc/arm-none-eabi/7.3.1/thumb/v6-m/crtbegin.o
 .text          0x08000110       0x14 c:/ac6/systemworkbench/plugins/fr.ac6.mcu.externaltools.arm-none.win32_1.17.0.201812190825/tools/compiler/bin/../lib/gcc/arm-none-eabi/7.3.1/thumb/v6-m\libgcc.a(_thumb1_case_uqi.o)
                0x08000110                __gnu_thumb1_case_uqi
 .text          0x08000124      0x114 c:/ac6/systemworkbench/plugins/fr.ac6.mcu.externaltools.arm-none.win32_1.17.0.201812190825/tools/compiler/bin/../lib/gcc/arm-none-eabi/7.3.1/thumb/v6-m\libgcc.a(_udivsi3.o)
                0x08000124                __aeabi_uidiv
                0x08000124                __udivsi3
                0x08000230                __aeabi_uidivmod
 .text          0x08000238      0x1d4 c:/ac6/systemworkbench/plugins/fr.ac6.mcu.externaltools.arm-none.win32_1.17.0.201812190825/tools/compiler/bin/../lib/gcc/arm-none-eabi/7.3.1/thumb/v6-m\libgcc.a(_divsi3.o)
                0x08000238                __divsi3
                0x08000238                __aeabi_idiv
                0x08000404                __aeabi_idivmod
 .text          0x0800040c        0x4 c:/ac6/systemworkbench/plugins/fr.ac6.mcu.externaltools.arm-none.win32_1.17.0.201812190825/tools/compiler/bin/../lib/gcc/arm-none-eabi/7.3.1/thumb/v6-m\libgcc.a(_dvmd_tls.o)
                0x0800040c                __aeabi_idiv0
                0x0800040c                __aeabi_ldiv0
 .text          0x08000410       0x40 c:/ac6/systemworkbench/plugins/fr.ac6.mcu.externaltools.arm-none.win32_1.17.0.201812190825/tools/compiler/bin/../lib/gcc/arm-none-eabi/7.3.1/thumb/v6-m\libgcc.a(_aeabi_uldivmod.o)
                0x08000410                __aeabi_uldivmod
 .text          0x08000450      0x184 c:/ac6/systemworkbench/plugins/fr.ac6.mcu.externaltools.arm-none.win32_1.17.0.201812190825/tools/compiler/bin/../lib/gcc/arm-none-eabi/7.3.1/thumb/v6-m\libgcc.a(_udivmoddi4.o)
                0x08000450                __udivmoddi4
 .text          0x080005d4       0x3c c:/ac6/systemworkbench/plugins/fr.ac6.mcu.externaltools.arm-none.win32_1.17.0.201812190825/tools/compiler/bin/../lib/gcc/arm-none-eabi/7.3.1/thumb/v6-m\libgcc.a(_clzsi2.o)
                0x080005d4                __clzsi2
 .text          0x08000610       0x18 c:/ac6/systemworkbench/plugins/fr.ac6.mcu.externaltools.arm-none.win32_1.17.0.201812190825/tools/compiler/bin/../lib/gcc/arm-none-eabi/7.3.1/thumb/v6-m\libgcc.a(_clzdi2.o)
                0x08000610                __clzdi2
 *(.text*)
 .text.OnCalibrateSystemWakeupTimeTimerEvent
                0x08000628       0x14 boards/m2m-76-impulse-counter/board.o
 .text.BoardCriticalSectionBegin
                0x0800063c        0xa boards/m2m-76-impulse-counter/board.o
                0x0800063c                BoardCriticalSectionBegin
 .text.BoardCriticalSectionEnd
                0x08000646        0x8 boards/m2m-76-impulse-counter/board.o
                0x08000646                BoardCriticalSectionEnd
 .text.BoardInitPeriph
                0x0800064e        0x2 boards/m2m-76-impulse-counter/board.o
                0x0800064e                BoardInitPeriph
 .text.BoardResetMcu
                0x08000650       0x24 boards/m2m-76-impulse-counter/board.o
                0x08000650                BoardResetMcu
 .text.SysTick_Handler
                0x08000674        0xc boards/m2m-76-impulse-counter/board.o
                0x08000674                SysTick_Handler
 .text.GetBoardPowerSource
                0x08000680       0x10 boards/m2m-76-impulse-counter/board.o
                0x08000680                GetBoardPowerSource
 .text.BoardInitMcu
                0x08000690      0x1b8 boards/m2m-76-impulse-counter/board.o
                0x08000690                BoardInitMcu
 .text.DelayMsMcu
                0x08000848        0x8 boards/m2m-76-impulse-counter/delay-board.o
                0x08000848                DelayMsMcu
 .text.GpioMcuWrite
                0x08000850       0x1a boards/m2m-76-impulse-counter/gpio-board.o
                0x08000850                GpioMcuWrite
 *fill*         0x0800086a        0x2 
 .text.GpioMcuInit
                0x0800086c      0x100 boards/m2m-76-impulse-counter/gpio-board.o
                0x0800086c                GpioMcuInit
 .text.EXTI0_1_IRQHandler
                0x0800096c       0x10 boards/m2m-76-impulse-counter/gpio-board.o
                0x0800096c                EXTI0_1_IRQHandler
 .text.EXTI2_3_IRQHandler
                0x0800097c       0x10 boards/m2m-76-impulse-counter/gpio-board.o
                0x0800097c                EXTI2_3_IRQHandler
 .text.EXTI4_15_IRQHandler
                0x0800098c       0x5c boards/m2m-76-impulse-counter/gpio-board.o
                0x0800098c                EXTI4_15_IRQHandler
 .text.HAL_GPIO_EXTI_Callback
                0x080009e8       0x30 boards/m2m-76-impulse-counter/gpio-board.o
                0x080009e8                HAL_GPIO_EXTI_Callback
 .text.LpmSetOffMode
                0x08000a18       0x34 boards/m2m-76-impulse-counter/lpm-board.o
                0x08000a18                LpmSetOffMode
 .text.LpmSetStopMode
                0x08000a4c       0x34 boards/m2m-76-impulse-counter/lpm-board.o
                0x08000a4c                LpmSetStopMode
 .text.LpmGetMode
                0x08000a80       0x28 boards/m2m-76-impulse-counter/lpm-board.o
                0x08000a80                LpmGetMode
 .text.RtcGetCalendarValue
                0x08000aa8       0xb0 boards/m2m-76-impulse-counter/rtc-board.o
 .text.RtcSetTimerContext
                0x08000b58       0x18 boards/m2m-76-impulse-counter/rtc-board.o
                0x08000b58                RtcSetTimerContext
 .text.RtcInit  0x08000b70       0x98 boards/m2m-76-impulse-counter/rtc-board.o
                0x08000b70                RtcInit
 .text.RtcGetTimerContext
                0x08000c08        0xc boards/m2m-76-impulse-counter/rtc-board.o
                0x08000c08                RtcGetTimerContext
 .text.RtcGetMinimumTimeout
                0x08000c14        0x4 boards/m2m-76-impulse-counter/rtc-board.o
                0x08000c14                RtcGetMinimumTimeout
 .text.RtcMs2Tick
                0x08000c18       0x10 boards/m2m-76-impulse-counter/rtc-board.o
                0x08000c18                RtcMs2Tick
 .text.RtcStopAlarm
                0x08000c28       0x30 boards/m2m-76-impulse-counter/rtc-board.o
                0x08000c28                RtcStopAlarm
 .text.RtcStartAlarm
                0x08000c58      0x13c boards/m2m-76-impulse-counter/rtc-board.o
                0x08000c58                RtcStartAlarm
 .text.RtcGetTimerElapsedTime
                0x08000d94       0x18 boards/m2m-76-impulse-counter/rtc-board.o
                0x08000d94                RtcGetTimerElapsedTime
 .text.RtcSetAlarm
                0x08000dac       0x4c boards/m2m-76-impulse-counter/rtc-board.o
                0x08000dac                RtcSetAlarm
 .text.RtcSetMcuWakeUpTime
                0x08000df8       0x78 boards/m2m-76-impulse-counter/rtc-board.o
                0x08000df8                RtcSetMcuWakeUpTime
 .text.RTC_IRQHandler
                0x08000e70       0x40 boards/m2m-76-impulse-counter/rtc-board.o
                0x08000e70                RTC_IRQHandler
 .text.SpiFormat
                0x08000eb0       0x50 boards/m2m-76-impulse-counter/spi-board.o
                0x08000eb0                SpiFormat
 .text.SpiFrequency
                0x08000f00       0x40 boards/m2m-76-impulse-counter/spi-board.o
                0x08000f00                SpiFrequency
 .text.SpiInit  0x08000f40      0x150 boards/m2m-76-impulse-counter/spi-board.o
                0x08000f40                SpiInit
 .text.SpiInOut
                0x08001090       0x48 boards/m2m-76-impulse-counter/spi-board.o
                0x08001090                SpiInOut
 .text.Board_LL_Usart2_Config
                0x080010d8       0xec boards/m2m-76-impulse-counter/uart-board.o
                0x080010d8                Board_LL_Usart2_Config
 .text.Board_LL_Usart2_Init
                0x080011c4       0x70 boards/m2m-76-impulse-counter/uart-board.o
                0x080011c4                Board_LL_Usart2_Init
 .text.USART2_sendChar
                0x08001234       0x14 boards/m2m-76-impulse-counter/uart-board.o
                0x08001234                USART2_sendChar
 .text.USART2_IRQHandler
                0x08001248       0x10 boards/m2m-76-impulse-counter/uart-board.o
                0x08001248                USART2_IRQHandler
 .text.SystemInit
                0x08001258       0x5c boards/m2m-76-impulse-counter/cmsis/system_stm32l0xx.o
                0x08001258                SystemInit
 .text.HAL_MspInit
                0x080012b4        0x2 boards/mcu/stm32/STM32L0xx_HAL_Driver/Src/stm32l0xx_hal.o
                0x080012b4                HAL_MspInit
 *fill*         0x080012b6        0x2 
 .text.HAL_InitTick
                0x080012b8       0x28 boards/mcu/stm32/STM32L0xx_HAL_Driver/Src/stm32l0xx_hal.o
                0x080012b8                HAL_InitTick
 .text.HAL_Init
                0x080012e0       0x20 boards/mcu/stm32/STM32L0xx_HAL_Driver/Src/stm32l0xx_hal.o
                0x080012e0                HAL_Init
 .text.HAL_IncTick
                0x08001300       0x10 boards/mcu/stm32/STM32L0xx_HAL_Driver/Src/stm32l0xx_hal.o
                0x08001300                HAL_IncTick
 .text.HAL_GetTick
                0x08001310        0xc boards/mcu/stm32/STM32L0xx_HAL_Driver/Src/stm32l0xx_hal.o
                0x08001310                HAL_GetTick
 .text.HAL_Delay
                0x0800131c       0x18 boards/mcu/stm32/STM32L0xx_HAL_Driver/Src/stm32l0xx_hal.o
                0x0800131c                HAL_Delay
 .text.HAL_DBGMCU_EnableDBGSleepMode
                0x08001334       0x10 boards/mcu/stm32/STM32L0xx_HAL_Driver/Src/stm32l0xx_hal.o
                0x08001334                HAL_DBGMCU_EnableDBGSleepMode
 .text.HAL_DBGMCU_EnableDBGStopMode
                0x08001344       0x10 boards/mcu/stm32/STM32L0xx_HAL_Driver/Src/stm32l0xx_hal.o
                0x08001344                HAL_DBGMCU_EnableDBGStopMode
 .text.HAL_DBGMCU_EnableDBGStandbyMode
                0x08001354       0x10 boards/mcu/stm32/STM32L0xx_HAL_Driver/Src/stm32l0xx_hal.o
                0x08001354                HAL_DBGMCU_EnableDBGStandbyMode
 .text.HAL_NVIC_SetPriority
                0x08001364       0x54 boards/mcu/stm32/STM32L0xx_HAL_Driver/Src/stm32l0xx_hal_cortex.o
                0x08001364                HAL_NVIC_SetPriority
 .text.HAL_NVIC_EnableIRQ
                0x080013b8       0x14 boards/mcu/stm32/STM32L0xx_HAL_Driver/Src/stm32l0xx_hal_cortex.o
                0x080013b8                HAL_NVIC_EnableIRQ
 .text.HAL_SYSTICK_Config
                0x080013cc       0x34 boards/mcu/stm32/STM32L0xx_HAL_Driver/Src/stm32l0xx_hal_cortex.o
                0x080013cc                HAL_SYSTICK_Config
 .text.HAL_NVIC_GetPendingIRQ
                0x08001400       0x18 boards/mcu/stm32/STM32L0xx_HAL_Driver/Src/stm32l0xx_hal_cortex.o
                0x08001400                HAL_NVIC_GetPendingIRQ
 .text.HAL_SYSTICK_CLKSourceConfig
                0x08001418       0x1c boards/mcu/stm32/STM32L0xx_HAL_Driver/Src/stm32l0xx_hal_cortex.o
                0x08001418                HAL_SYSTICK_CLKSourceConfig
 .text.HAL_SYSTICK_Callback
                0x08001434        0x2 boards/mcu/stm32/STM32L0xx_HAL_Driver/Src/stm32l0xx_hal_cortex.o
                0x08001434                HAL_SYSTICK_Callback
 .text.HAL_SYSTICK_IRQHandler
                0x08001436        0x8 boards/mcu/stm32/STM32L0xx_HAL_Driver/Src/stm32l0xx_hal_cortex.o
                0x08001436                HAL_SYSTICK_IRQHandler
 *fill*         0x0800143e        0x2 
 .text.HAL_GPIO_Init
                0x08001440      0x174 boards/mcu/stm32/STM32L0xx_HAL_Driver/Src/stm32l0xx_hal_gpio.o
                0x08001440                HAL_GPIO_Init
 .text.HAL_GPIO_WritePin
                0x080015b4        0xc boards/mcu/stm32/STM32L0xx_HAL_Driver/Src/stm32l0xx_hal_gpio.o
                0x080015b4                HAL_GPIO_WritePin
 .text.HAL_GPIO_EXTI_IRQHandler
                0x080015c0       0x18 boards/mcu/stm32/STM32L0xx_HAL_Driver/Src/stm32l0xx_hal_gpio.o
                0x080015c0                HAL_GPIO_EXTI_IRQHandler
 .text.RCC_SetFlashLatencyFromMSIRange
                0x080015d8       0x70 boards/mcu/stm32/STM32L0xx_HAL_Driver/Src/stm32l0xx_hal_rcc.o
 .text.HAL_RCC_OscConfig
                0x08001648      0x464 boards/mcu/stm32/STM32L0xx_HAL_Driver/Src/stm32l0xx_hal_rcc.o
                0x08001648                HAL_RCC_OscConfig
 .text.HAL_RCC_GetSysClockFreq
                0x08001aac       0x80 boards/mcu/stm32/STM32L0xx_HAL_Driver/Src/stm32l0xx_hal_rcc.o
                0x08001aac                HAL_RCC_GetSysClockFreq
 .text.HAL_RCC_ClockConfig
                0x08001b2c      0x170 boards/mcu/stm32/STM32L0xx_HAL_Driver/Src/stm32l0xx_hal_rcc.o
                0x08001b2c                HAL_RCC_ClockConfig
 .text.HAL_RCC_GetHCLKFreq
                0x08001c9c        0xc boards/mcu/stm32/STM32L0xx_HAL_Driver/Src/stm32l0xx_hal_rcc.o
                0x08001c9c                HAL_RCC_GetHCLKFreq
 .text.HAL_RCCEx_PeriphCLKConfig
                0x08001ca8      0x19c boards/mcu/stm32/STM32L0xx_HAL_Driver/Src/stm32l0xx_hal_rcc_ex.o
                0x08001ca8                HAL_RCCEx_PeriphCLKConfig
 .text.HAL_RTC_MspInit
                0x08001e44        0x2 boards/mcu/stm32/STM32L0xx_HAL_Driver/Src/stm32l0xx_hal_rtc.o
                0x08001e44                HAL_RTC_MspInit
 *fill*         0x08001e46        0x2 
 .text.HAL_RTC_DeactivateAlarm
                0x08001e48       0xc0 boards/mcu/stm32/STM32L0xx_HAL_Driver/Src/stm32l0xx_hal_rtc.o
                0x08001e48                HAL_RTC_DeactivateAlarm
 .text.HAL_RTC_WaitForSynchro
                0x08001f08       0x34 boards/mcu/stm32/STM32L0xx_HAL_Driver/Src/stm32l0xx_hal_rtc.o
                0x08001f08                HAL_RTC_WaitForSynchro
 .text.RTC_EnterInitMode
                0x08001f3c       0x38 boards/mcu/stm32/STM32L0xx_HAL_Driver/Src/stm32l0xx_hal_rtc.o
                0x08001f3c                RTC_EnterInitMode
 .text.HAL_RTC_Init
                0x08001f74       0x94 boards/mcu/stm32/STM32L0xx_HAL_Driver/Src/stm32l0xx_hal_rtc.o
                0x08001f74                HAL_RTC_Init
 .text.RTC_ByteToBcd2
                0x08002008       0x16 boards/mcu/stm32/STM32L0xx_HAL_Driver/Src/stm32l0xx_hal_rtc.o
                0x08002008                RTC_ByteToBcd2
 *fill*         0x0800201e        0x2 
 .text.HAL_RTC_SetTime
                0x08002020      0x100 boards/mcu/stm32/STM32L0xx_HAL_Driver/Src/stm32l0xx_hal_rtc.o
                0x08002020                HAL_RTC_SetTime
 .text.HAL_RTC_SetDate
                0x08002120       0xd8 boards/mcu/stm32/STM32L0xx_HAL_Driver/Src/stm32l0xx_hal_rtc.o
                0x08002120                HAL_RTC_SetDate
 .text.HAL_RTC_SetAlarm_IT
                0x080021f8      0x190 boards/mcu/stm32/STM32L0xx_HAL_Driver/Src/stm32l0xx_hal_rtc.o
                0x080021f8                HAL_RTC_SetAlarm_IT
 .text.RTC_Bcd2ToByte
                0x08002388       0x10 boards/mcu/stm32/STM32L0xx_HAL_Driver/Src/stm32l0xx_hal_rtc.o
                0x08002388                RTC_Bcd2ToByte
 .text.HAL_RTC_GetTime
                0x08002398       0x54 boards/mcu/stm32/STM32L0xx_HAL_Driver/Src/stm32l0xx_hal_rtc.o
                0x08002398                HAL_RTC_GetTime
 .text.HAL_RTC_GetDate
                0x080023ec       0x44 boards/mcu/stm32/STM32L0xx_HAL_Driver/Src/stm32l0xx_hal_rtc.o
                0x080023ec                HAL_RTC_GetDate
 .text.HAL_RTC_GetAlarm
                0x08002430       0xc4 boards/mcu/stm32/STM32L0xx_HAL_Driver/Src/stm32l0xx_hal_rtc.o
                0x08002430                HAL_RTC_GetAlarm
 .text.HAL_RTCEx_EnableBypassShadow
                0x080024f4       0x34 boards/mcu/stm32/STM32L0xx_HAL_Driver/Src/stm32l0xx_hal_rtc_ex.o
                0x080024f4                HAL_RTCEx_EnableBypassShadow
 .text.HAL_SPI_MspInit
                0x08002528        0x2 boards/mcu/stm32/STM32L0xx_HAL_Driver/Src/stm32l0xx_hal_spi.o
                0x08002528                HAL_SPI_MspInit
 *fill*         0x0800252a        0x2 
 .text.HAL_SPI_Init
                0x0800252c       0x80 boards/mcu/stm32/STM32L0xx_HAL_Driver/Src/stm32l0xx_hal_spi.o
                0x0800252c                HAL_SPI_Init
 .text.LL_GPIO_Init
                0x080025ac       0xb8 boards/mcu/stm32/STM32L0xx_HAL_Driver/Src/stm32l0xx_ll_gpio.o
                0x080025ac                LL_GPIO_Init
 .text.LL_GPIO_StructInit
                0x08002664       0x18 boards/mcu/stm32/STM32L0xx_HAL_Driver/Src/stm32l0xx_ll_gpio.o
                0x08002664                LL_GPIO_StructInit
 .text.RCC_GetHCLKClockFreq
                0x0800267c       0x18 boards/mcu/stm32/STM32L0xx_HAL_Driver/Src/stm32l0xx_ll_rcc.o
                0x0800267c                RCC_GetHCLKClockFreq
 .text.RCC_GetPCLK1ClockFreq
                0x08002694       0x18 boards/mcu/stm32/STM32L0xx_HAL_Driver/Src/stm32l0xx_ll_rcc.o
                0x08002694                RCC_GetPCLK1ClockFreq
 .text.RCC_GetPCLK2ClockFreq
                0x080026ac       0x18 boards/mcu/stm32/STM32L0xx_HAL_Driver/Src/stm32l0xx_ll_rcc.o
                0x080026ac                RCC_GetPCLK2ClockFreq
 .text.RCC_PLL_GetFreqDomain_SYS
                0x080026c4       0x3c boards/mcu/stm32/STM32L0xx_HAL_Driver/Src/stm32l0xx_ll_rcc.o
                0x080026c4                RCC_PLL_GetFreqDomain_SYS
 .text.RCC_GetSystemClockFreq
                0x08002700       0x48 boards/mcu/stm32/STM32L0xx_HAL_Driver/Src/stm32l0xx_ll_rcc.o
                0x08002700                RCC_GetSystemClockFreq
 .text.LL_RCC_GetSystemClocksFreq
                0x08002748       0x20 boards/mcu/stm32/STM32L0xx_HAL_Driver/Src/stm32l0xx_ll_rcc.o
                0x08002748                LL_RCC_GetSystemClocksFreq
 .text.LL_RCC_GetUSARTClockFreq
                0x08002768       0xa8 boards/mcu/stm32/STM32L0xx_HAL_Driver/Src/stm32l0xx_ll_rcc.o
                0x08002768                LL_RCC_GetUSARTClockFreq
 .text.LL_USART_Init
                0x08002810       0xc8 boards/mcu/stm32/STM32L0xx_HAL_Driver/Src/stm32l0xx_ll_usart.o
                0x08002810                LL_USART_Init
 .text.NMI_Handler
                0x080028d8        0x2 boards/mcu/stm32/sysIrqHandlers.o
                0x080028d8                NMI_Handler
 *fill*         0x080028da        0x2 
 .text.AT25AT25SF041InOut
                0x080028dc       0x8c m2m-fuota/AT25SF041.o
 .text.at25sf041_init
                0x08002968       0xc8 m2m-fuota/AT25SF041.o
                0x08002968                at25sf041_init
 .text.AT25AT25SFResetWP
                0x08002a30       0x1e m2m-fuota/AT25SF041.o
 .text.AT25AT25SFSetWP
                0x08002a4e       0x20 m2m-fuota/AT25SF041.o
 *fill*         0x08002a6e        0x2 
 .text.at25sf041_sector_read
                0x08002a70       0x54 m2m-fuota/AT25SF041.o
                0x08002a70                at25sf041_sector_read
 .text.AT25AT25SFWaitReady.constprop.0
                0x08002ac4       0x50 m2m-fuota/AT25SF041.o
 .text.at25sf041_sector_write
                0x08002b14       0xa0 m2m-fuota/AT25SF041.o
                0x08002b14                at25sf041_sector_write
 .text.at25sf041_erase_sector
                0x08002bb4       0x62 m2m-fuota/AT25SF041.o
                0x08002bb4                at25sf041_erase_sector
 *fill*         0x08002c16        0x2 
 .text.FindFileRecord
                0x08002c18       0x30 m2m-fuota/LiteDisk.o
 .text.LiteDiskInit
                0x08002c48       0x28 m2m-fuota/LiteDisk.o
                0x08002c48                LiteDiskInit
 .text.LiteDiskFileClear
                0x08002c70       0x5c m2m-fuota/LiteDisk.o
                0x08002c70                LiteDiskFileClear
 .text.LiteDiskFileWrite
                0x08002ccc       0x90 m2m-fuota/LiteDisk.o
                0x08002ccc                LiteDiskFileWrite
 .text.LiteDiskFileRead
                0x08002d5c       0x90 m2m-fuota/LiteDisk.o
                0x08002d5c                LiteDiskFileRead
 .text.FlashProgramApp
                0x08002dec        0x4 m2m-fuota/flash.o
                0x08002dec                FlashProgramApp
 .text.VersionRead
                0x08002df0       0x68 m2m-fuota/version.o
                0x08002df0                VersionRead
 .text.xputc    0x08002e58       0x34 m2m-fuota/xprintf.o
                0x08002e58                xputc
 .text.xputs    0x08002e8c       0x14 m2m-fuota/xprintf.o
                0x08002e8c                xputs
 .text.xvprintf
                0x08002ea0      0x1bc m2m-fuota/xprintf.o
 .text.xprintf  0x0800305c       0x16 m2m-fuota/xprintf.o
                0x0800305c                xprintf
 *fill*         0x08003072        0x2 
 .text.crc32_app
                0x08003074       0x30 src/main.o
 .text.boot_putchar
                0x080030a4        0x8 src/main.o
 .text.BootloaderGetInfoFile
                0x080030ac       0x58 src/main.o
 .text.BootloaderCheckCrcFile.isra.0
                0x08003104       0x94 src/main.o
 .text.BootloaderSaveRecovery
                0x08003198       0x90 src/main.o
 .text.startup.main
                0x08003228      0x280 src/main.o
                0x08003228                main
 .text.Reset_Handler
                0x080034a8       0x50 startup/startup_stm32.o
                0x080034a8                Reset_Handler
 .text.Default_Handler
                0x080034f8        0x2 startup/startup_stm32.o
                0x080034f8                HardFault_Handler
                0x080034f8                TIM6_IRQHandler
                0x080034f8                PVD_IRQHandler
                0x080034f8                PendSV_Handler
                0x080034f8                I2C1_IRQHandler
                0x080034f8                USART4_USART5_IRQHandler
                0x080034f8                SPI1_IRQHandler
                0x080034f8                I2C2_IRQHandler
                0x080034f8                TIM3_IRQHandler
                0x080034f8                RCC_IRQHandler
                0x080034f8                DMA1_Channel1_IRQHandler
                0x080034f8                Default_Handler
                0x080034f8                TIM22_IRQHandler
                0x080034f8                TIM7_IRQHandler
                0x080034f8                I2C3_IRQHandler
                0x080034f8                SPI2_IRQHandler
                0x080034f8                SVC_Handler
                0x080034f8                TIM21_IRQHandler
                0x080034f8                WWDG_IRQHandler
                0x080034f8                TIM2_IRQHandler
                0x080034f8                DMA1_Channel2_3_IRQHandler
                0x080034f8                ADC_COMP_IRQHandler
                0x080034f8                DMA1_Channel4_7_IRQHandler
                0x080034f8                FLASH_IRQHandler
                0x080034f8                USART1_IRQHandler
                0x080034f8                AES_RNG_LPUART1_IRQHandler
                0x080034f8                LPTIM1_IRQHandler
 .text.DelayMs  0x080034fa        0x8 system/delay.o
                0x080034fa                DelayMs
 .text.GpioInit
                0x08003502       0x12 system/gpio.o
                0x08003502                GpioInit
 .text.GpioWrite
                0x08003514        0x8 system/gpio.o
                0x08003514                GpioWrite
 .text.TimerSetTimeout
                0x0800351c       0x2a system/timer.o
 *fill*         0x08003546        0x2 
 .text.TimerInsertNewHeadTimer
                0x08003548       0x1c system/timer.o
 .text.TimerInit
                0x08003564       0x12 system/timer.o
                0x08003564                TimerInit
 *fill*         0x08003576        0x2 
 .text.TimerStart
                0x08003578       0x78 system/timer.o
                0x08003578                TimerStart
 .text.TimerIrqHandler
                0x080035f0       0x84 system/timer.o
                0x080035f0                TimerIrqHandler
 .text.TimerStop
                0x08003674       0x5c system/timer.o
                0x08003674                TimerStop
 .text.TimerSetValue
                0x080036d0       0x22 system/timer.o
                0x080036d0                TimerSetValue
 *fill*         0x080036f2        0x2 
 .text.__libc_init_array
                0x080036f4       0x48 c:/ac6/systemworkbench/plugins/fr.ac6.mcu.externaltools.arm-none.win32_1.17.0.201812190825/tools/compiler/bin/../lib/gcc/arm-none-eabi/7.3.1/../../../../arm-none-eabi/lib/thumb/v6-m\libc.a(lib_a-init.o)
                0x080036f4                __libc_init_array
 .text.memcpy   0x0800373c       0x88 c:/ac6/systemworkbench/plugins/fr.ac6.mcu.externaltools.arm-none.win32_1.17.0.201812190825/tools/compiler/bin/../lib/gcc/arm-none-eabi/7.3.1/../../../../arm-none-eabi/lib/thumb/v6-m\libc.a(lib_a-memcpy-stub.o)
                0x0800373c                memcpy
 .text.memset   0x080037c4       0x9c c:/ac6/systemworkbench/plugins/fr.ac6.mcu.externaltools.arm-none.win32_1.17.0.201812190825/tools/compiler/bin/../lib/gcc/arm-none-eabi/7.3.1/../../../../arm-none-eabi/lib/thumb/v6-m\libc.a(lib_a-memset.o)
                0x080037c4                memset
 .text.strncmp  0x08003860       0x8c c:/ac6/systemworkbench/plugins/fr.ac6.mcu.externaltools.arm-none.win32_1.17.0.201812190825/tools/compiler/bin/../lib/gcc/arm-none-eabi/7.3.1/../../../../arm-none-eabi/lib/thumb/v6-m\libc.a(lib_a-strncmp.o)
                0x08003860                strncmp
 .text.startup.register_fini
                0x080038ec       0x18 c:/ac6/systemworkbench/plugins/fr.ac6.mcu.externaltools.arm-none.win32_1.17.0.201812190825/tools/compiler/bin/../lib/gcc/arm-none-eabi/7.3.1/../../../../arm-none-eabi/lib/thumb/v6-m\libc.a(lib_a-__call_atexit.o)
 .text.atexit   0x08003904       0x10 c:/ac6/systemworkbench/plugins/fr.ac6.mcu.externaltools.arm-none.win32_1.17.0.201812190825/tools/compiler/bin/../lib/gcc/arm-none-eabi/7.3.1/../../../../arm-none-eabi/lib/thumb/v6-m\libc.a(lib_a-atexit.o)
                0x08003904                atexit
 .text.__libc_fini_array
                0x08003914       0x34 c:/ac6/systemworkbench/plugins/fr.ac6.mcu.externaltools.arm-none.win32_1.17.0.201812190825/tools/compiler/bin/../lib/gcc/arm-none-eabi/7.3.1/../../../../arm-none-eabi/lib/thumb/v6-m\libc.a(lib_a-fini.o)
                0x08003914                __libc_fini_array
 .text.__retarget_lock_acquire_recursive
                0x08003948        0x4 c:/ac6/systemworkbench/plugins/fr.ac6.mcu.externaltools.arm-none.win32_1.17.0.201812190825/tools/compiler/bin/../lib/gcc/arm-none-eabi/7.3.1/../../../../arm-none-eabi/lib/thumb/v6-m\libc.a(lib_a-lock.o)
                0x08003948                __retarget_lock_acquire_recursive
 .text.__retarget_lock_release_recursive
                0x0800394c        0x4 c:/ac6/systemworkbench/plugins/fr.ac6.mcu.externaltools.arm-none.win32_1.17.0.201812190825/tools/compiler/bin/../lib/gcc/arm-none-eabi/7.3.1/../../../../arm-none-eabi/lib/thumb/v6-m\libc.a(lib_a-lock.o)
                0x0800394c                __retarget_lock_release_recursive
 .text.__register_exitproc
                0x08003950       0xf4 c:/ac6/systemworkbench/plugins/fr.ac6.mcu.externaltools.arm-none.win32_1.17.0.201812190825/tools/compiler/bin/../lib/gcc/arm-none-eabi/7.3.1/../../../../arm-none-eabi/lib/thumb/v6-m\libc.a(lib_a-__atexit.o)
                0x08003950                __register_exitproc
 *(.glue_7)
 .glue_7        0x08003a44        0x0 linker stubs
 *(.glue_7t)
 .glue_7t       0x08003a44        0x0 linker stubs
 *(.eh_frame)
 .eh_frame      0x08003a44        0x0 c:/ac6/systemworkbench/plugins/fr.ac6.mcu.externaltools.arm-none.win32_1.17.0.201812190825/tools/compiler/bin/../lib/gcc/arm-none-eabi/7.3.1/thumb/v6-m/crtbegin.o
 *(.init)
 .init          0x08003a44        0x4 c:/ac6/systemworkbench/plugins/fr.ac6.mcu.externaltools.arm-none.win32_1.17.0.201812190825/tools/compiler/bin/../lib/gcc/arm-none-eabi/7.3.1/thumb/v6-m/crti.o
                0x08003a44                _init
 .init          0x08003a48        0x8 c:/ac6/systemworkbench/plugins/fr.ac6.mcu.externaltools.arm-none.win32_1.17.0.201812190825/tools/compiler/bin/../lib/gcc/arm-none-eabi/7.3.1/thumb/v6-m/crtn.o
 *(.fini)
 .fini          0x08003a50        0x4 c:/ac6/systemworkbench/plugins/fr.ac6.mcu.externaltools.arm-none.win32_1.17.0.201812190825/tools/compiler/bin/../lib/gcc/arm-none-eabi/7.3.1/thumb/v6-m/crti.o
                0x08003a50                _fini
 .fini          0x08003a54        0x8 c:/ac6/systemworkbench/plugins/fr.ac6.mcu.externaltools.arm-none.win32_1.17.0.201812190825/tools/compiler/bin/../lib/gcc/arm-none-eabi/7.3.1/thumb/v6-m/crtn.o
                0x08003a5c                . = ALIGN (0x4)
                0x08003a5c                _etext = .

.vfp11_veneer   0x08003a5c        0x0
 .vfp11_veneer  0x08003a5c        0x0 linker stubs

.v4_bx          0x08003a5c        0x0
 .v4_bx         0x08003a5c        0x0 linker stubs

.iplt           0x08003a5c        0x0
 .iplt          0x08003a5c        0x0 c:/ac6/systemworkbench/plugins/fr.ac6.mcu.externaltools.arm-none.win32_1.17.0.201812190825/tools/compiler/bin/../lib/gcc/arm-none-eabi/7.3.1/thumb/v6-m/crtbegin.o

.rodata         0x08003a5c      0x3b8
                0x08003a5c                . = ALIGN (0x4)
 *(.rodata)
 .rodata        0x08003a5c       0x18 boards/m2m-76-impulse-counter/rtc-board.o
 .rodata        0x08003a74       0x21 boards/m2m-76-impulse-counter/cmsis/system_stm32l0xx.o
                0x08003a74                PLLMulTable
                0x08003a7d                AHBPrescTable
                0x08003a8d                APBPrescTable
 *fill*         0x08003a95        0x3 
 .rodata        0x08003a98       0x14 m2m-fuota/AT25SF041.o
                0x08003a98                DISK
 .rodata        0x08003aac       0x12 m2m-fuota/LiteDiskDefs.o
                0x08003aac                FILE_TABLE
 *fill*         0x08003abe        0x2 
 .rodata        0x08003ac0       0x28 src/main.o
 *(.rodata*)
 .rodata.str1.1
                0x08003ae8       0x49 m2m-fuota/AT25SF041.o
 .rodata.str1.1
                0x08003b31        0x8 m2m-fuota/version.o
 .rodata.str1.1
                0x08003b39      0x2d4 src/main.o
                                0x2dc (size before relaxing)
 *fill*         0x08003e0d        0x3 
 .rodata._global_impure_ptr
                0x08003e10        0x4 c:/ac6/systemworkbench/plugins/fr.ac6.mcu.externaltools.arm-none.win32_1.17.0.201812190825/tools/compiler/bin/../lib/gcc/arm-none-eabi/7.3.1/../../../../arm-none-eabi/lib/thumb/v6-m\libc.a(lib_a-impure.o)
                0x08003e10                _global_impure_ptr
                0x08003e14                . = ALIGN (0x4)

.ARM.extab      0x08003e14        0x0
                0x08003e14                . = ALIGN (0x4)
 *(.ARM.extab* .gnu.linkonce.armextab.*)
                0x08003e14                . = ALIGN (0x4)

.ARM            0x08003e14        0x8
                0x08003e14                . = ALIGN (0x4)
                0x08003e14                __exidx_start = .
 *(.ARM.exidx*)
 .ARM.exidx     0x08003e14        0x8 c:/ac6/systemworkbench/plugins/fr.ac6.mcu.externaltools.arm-none.win32_1.17.0.201812190825/tools/compiler/bin/../lib/gcc/arm-none-eabi/7.3.1/thumb/v6-m\libgcc.a(_udivmoddi4.o)
                0x08003e1c                __exidx_end = .
                0x08003e1c                . = ALIGN (0x4)

.rel.dyn        0x08003e1c        0x0
 .rel.iplt      0x08003e1c        0x0 c:/ac6/systemworkbench/plugins/fr.ac6.mcu.externaltools.arm-none.win32_1.17.0.201812190825/tools/compiler/bin/../lib/gcc/arm-none-eabi/7.3.1/thumb/v6-m/crtbegin.o

.preinit_array  0x08003e1c        0x0
                0x08003e1c                . = ALIGN (0x4)
                0x08003e1c                PROVIDE (__preinit_array_start = .)
 *(.preinit_array*)
                0x08003e1c                PROVIDE (__preinit_array_end = .)
                0x08003e1c                . = ALIGN (0x4)

.init_array     0x08003e1c        0x8
                0x08003e1c                . = ALIGN (0x4)
                0x08003e1c                PROVIDE (__init_array_start = .)
 *(SORT_BY_NAME(.init_array.*))
 .init_array.00000
                0x08003e1c        0x4 c:/ac6/systemworkbench/plugins/fr.ac6.mcu.externaltools.arm-none.win32_1.17.0.201812190825/tools/compiler/bin/../lib/gcc/arm-none-eabi/7.3.1/../../../../arm-none-eabi/lib/thumb/v6-m\libc.a(lib_a-__call_atexit.o)
 *(.init_array*)
 .init_array    0x08003e20        0x4 c:/ac6/systemworkbench/plugins/fr.ac6.mcu.externaltools.arm-none.win32_1.17.0.201812190825/tools/compiler/bin/../lib/gcc/arm-none-eabi/7.3.1/thumb/v6-m/crtbegin.o
                0x08003e24                PROVIDE (__init_array_end = .)
                0x08003e24                . = ALIGN (0x4)

.fini_array     0x08003e24        0x4
                0x08003e24                . = ALIGN (0x4)
                0x08003e24                PROVIDE (__fini_array_start = .)
 *(SORT_BY_NAME(.fini_array.*))
 *(.fini_array*)
 .fini_array    0x08003e24        0x4 c:/ac6/systemworkbench/plugins/fr.ac6.mcu.externaltools.arm-none.win32_1.17.0.201812190825/tools/compiler/bin/../lib/gcc/arm-none-eabi/7.3.1/thumb/v6-m/crtbegin.o
                0x08003e28                PROVIDE (__fini_array_end = .)
                0x08003e28                . = ALIGN (0x4)
                0x08003e28                _sidata = LOADADDR (.data)

.data           0x20000000      0x434 load address 0x08003e28
                0x20000000                . = ALIGN (0x4)
                0x20000000                _sdata = .
 *(.data)
 .data          0x20000000        0x4 boards/m2m-76-impulse-counter/cmsis/system_stm32l0xx.o
                0x20000000                SystemCoreClock
 *(.data*)
 *fill*         0x20000004        0x4 
 .data.impure_data
                0x20000008      0x428 c:/ac6/systemworkbench/plugins/fr.ac6.mcu.externaltools.arm-none.win32_1.17.0.201812190825/tools/compiler/bin/../lib/gcc/arm-none-eabi/7.3.1/../../../../arm-none-eabi/lib/thumb/v6-m\libc.a(lib_a-impure.o)
 .data.__atexit_recursive_mutex
                0x20000430        0x4 c:/ac6/systemworkbench/plugins/fr.ac6.mcu.externaltools.arm-none.win32_1.17.0.201812190825/tools/compiler/bin/../lib/gcc/arm-none-eabi/7.3.1/../../../../arm-none-eabi/lib/thumb/v6-m\libc.a(lib_a-__call_atexit.o)
                0x20000430                __atexit_recursive_mutex
                0x20000434                . = ALIGN (0x4)
                0x20000434                _edata = .

.igot.plt       0x20000434        0x0 load address 0x0800425c
 .igot.plt      0x20000434        0x0 c:/ac6/systemworkbench/plugins/fr.ac6.mcu.externaltools.arm-none.win32_1.17.0.201812190825/tools/compiler/bin/../lib/gcc/arm-none-eabi/7.3.1/thumb/v6-m/crtbegin.o
                0x20000434                . = ALIGN (0x4)

.bss            0x20000434      0x2e4 load address 0x0800425c
                0x20000434                _sbss = .
                0x20000434                __bss_start__ = _sbss
 *(.bss)
 .bss           0x20000434       0x1c c:/ac6/systemworkbench/plugins/fr.ac6.mcu.externaltools.arm-none.win32_1.17.0.201812190825/tools/compiler/bin/../lib/gcc/arm-none-eabi/7.3.1/thumb/v6-m/crtbegin.o
 .bss           0x20000450       0x1c boards/m2m-76-impulse-counter/board.o
 .bss           0x2000046c       0x40 boards/m2m-76-impulse-counter/gpio-board.o
 .bss           0x200004ac        0x8 boards/m2m-76-impulse-counter/lpm-board.o
 .bss           0x200004b4       0x6f boards/m2m-76-impulse-counter/rtc-board.o
 *fill*         0x20000523        0x1 
 .bss           0x20000524       0xb0 boards/m2m-76-impulse-counter/spi-board.o
 .bss           0x200005d4       0x40 m2m-fuota/AT25SF041.o
                0x200005d4                at25sf041
 .bss           0x20000614        0x8 m2m-fuota/LiteDisk.o
 .bss           0x2000061c        0x4 m2m-fuota/xprintf.o
 .bss           0x20000620        0x1 src/main.o
 *fill*         0x20000621        0x3 
 .bss           0x20000624        0x4 system/timer.o
 *(.bss*)
 *(COMMON)
 COMMON         0x20000628       0xc4 boards/m2m-76-impulse-counter/board.o
                0x20000628                Led2
                0x2000063c                Uart1
                0x20000684                Led1
                0x20000698                Spi
 COMMON         0x200006ec        0x4 boards/mcu/stm32/STM32L0xx_HAL_Driver/Src/stm32l0xx_hal.o
                0x200006ec                uwTick
 COMMON         0x200006f0        0x4 m2m-fuota/xprintf.o
                0x200006f0                xfunc_out
 COMMON         0x200006f4       0x21 c:/ac6/systemworkbench/plugins/fr.ac6.mcu.externaltools.arm-none.win32_1.17.0.201812190825/tools/compiler/bin/../lib/gcc/arm-none-eabi/7.3.1/../../../../arm-none-eabi/lib/thumb/v6-m\libc.a(lib_a-lock.o)
                0x200006f4                __lock___atexit_recursive_mutex
                0x200006f8                __lock___arc4random_mutex
                0x200006fc                __lock___env_recursive_mutex
                0x20000700                __lock___sinit_recursive_mutex
                0x20000704                __lock___malloc_recursive_mutex
                0x20000708                __lock___at_quick_exit_mutex
                0x2000070c                __lock___dd_hash_mutex
                0x20000710                __lock___tz_mutex
                0x20000714                __lock___sfp_recursive_mutex
                0x20000718                . = ALIGN (0x4)
 *fill*         0x20000715        0x3 
                0x20000718                _ebss = .
                0x20000718                __bss_end__ = _ebss

._user_heap_stack
                0x20000718      0x400 load address 0x0800425c
                0x20000718                . = ALIGN (0x8)
                0x20000718                PROVIDE (end = .)
                [!provide]                PROVIDE (_end = .)
                0x20000718                . = (. + _Min_Heap_Size)
                0x20000b18                . = (. + _Min_Stack_Size)
 *fill*         0x20000718      0x400 
                0x20000b18                . = ALIGN (0x8)

/DISCARD/
 libc.a(*)
 libm.a(*)
 libgcc.a(*)

.ARM.attributes
                0x00000000       0x28
 *(.ARM.attributes)
 .ARM.attributes
                0x00000000       0x1e c:/ac6/systemworkbench/plugins/fr.ac6.mcu.externaltools.arm-none.win32_1.17.0.201812190825/tools/compiler/bin/../lib/gcc/arm-none-eabi/7.3.1/thumb/v6-m/crti.o
 .ARM.attributes
                0x0000001e       0x2c c:/ac6/systemworkbench/plugins/fr.ac6.mcu.externaltools.arm-none.win32_1.17.0.201812190825/tools/compiler/bin/../lib/gcc/arm-none-eabi/7.3.1/thumb/v6-m/crtbegin.o
 .ARM.attributes
                0x0000004a       0x32 boards/m2m-76-impulse-counter/board.o
 .ARM.attributes
                0x0000007c       0x32 boards/m2m-76-impulse-counter/delay-board.o
 .ARM.attributes
                0x000000ae       0x32 boards/m2m-76-impulse-counter/gpio-board.o
 .ARM.attributes
                0x000000e0       0x32 boards/m2m-76-impulse-counter/lpm-board.o
 .ARM.attributes
                0x00000112       0x32 boards/m2m-76-impulse-counter/rtc-board.o
 .ARM.attributes
                0x00000144       0x32 boards/m2m-76-impulse-counter/spi-board.o
 .ARM.attributes
                0x00000176       0x32 boards/m2m-76-impulse-counter/uart-board.o
 .ARM.attributes
                0x000001a8       0x32 boards/m2m-76-impulse-counter/cmsis/system_stm32l0xx.o
 .ARM.attributes
                0x000001da       0x32 boards/mcu/stm32/STM32L0xx_HAL_Driver/Src/stm32l0xx_hal.o
 .ARM.attributes
                0x0000020c       0x32 boards/mcu/stm32/STM32L0xx_HAL_Driver/Src/stm32l0xx_hal_cortex.o
 .ARM.attributes
                0x0000023e       0x32 boards/mcu/stm32/STM32L0xx_HAL_Driver/Src/stm32l0xx_hal_gpio.o
 .ARM.attributes
                0x00000270       0x32 boards/mcu/stm32/STM32L0xx_HAL_Driver/Src/stm32l0xx_hal_rcc.o
 .ARM.attributes
                0x000002a2       0x32 boards/mcu/stm32/STM32L0xx_HAL_Driver/Src/stm32l0xx_hal_rcc_ex.o
 .ARM.attributes
                0x000002d4       0x32 boards/mcu/stm32/STM32L0xx_HAL_Driver/Src/stm32l0xx_hal_rtc.o
 .ARM.attributes
                0x00000306       0x32 boards/mcu/stm32/STM32L0xx_HAL_Driver/Src/stm32l0xx_hal_rtc_ex.o
 .ARM.attributes
                0x00000338       0x32 boards/mcu/stm32/STM32L0xx_HAL_Driver/Src/stm32l0xx_hal_spi.o
 .ARM.attributes
                0x0000036a       0x32 boards/mcu/stm32/STM32L0xx_HAL_Driver/Src/stm32l0xx_ll_gpio.o
 .ARM.attributes
                0x0000039c       0x32 boards/mcu/stm32/STM32L0xx_HAL_Driver/Src/stm32l0xx_ll_rcc.o
 .ARM.attributes
                0x000003ce       0x32 boards/mcu/stm32/STM32L0xx_HAL_Driver/Src/stm32l0xx_ll_usart.o
 .ARM.attributes
                0x00000400       0x32 boards/mcu/stm32/sysIrqHandlers.o
 .ARM.attributes
                0x00000432       0x32 m2m-fuota/AT25SF041.o
 .ARM.attributes
                0x00000464       0x32 m2m-fuota/LiteDisk.o
 .ARM.attributes
                0x00000496       0x32 m2m-fuota/LiteDiskDefs.o
 .ARM.attributes
                0x000004c8       0x32 m2m-fuota/flash.o
 .ARM.attributes
                0x000004fa       0x32 m2m-fuota/version.o
 .ARM.attributes
                0x0000052c       0x32 m2m-fuota/xprintf.o
 .ARM.attributes
                0x0000055e       0x32 src/main.o
 .ARM.attributes
                0x00000590       0x22 startup/startup_stm32.o
 .ARM.attributes
                0x000005b2       0x32 system/delay.o
 .ARM.attributes
                0x000005e4       0x32 system/gpio.o
 .ARM.attributes
                0x00000616       0x32 system/timer.o
 .ARM.attributes
                0x00000648       0x1e c:/ac6/systemworkbench/plugins/fr.ac6.mcu.externaltools.arm-none.win32_1.17.0.201812190825/tools/compiler/bin/../lib/gcc/arm-none-eabi/7.3.1/thumb/v6-m\libgcc.a(_thumb1_case_uqi.o)
 .ARM.attributes
                0x00000666       0x1e c:/ac6/systemworkbench/plugins/fr.ac6.mcu.externaltools.arm-none.win32_1.17.0.201812190825/tools/compiler/bin/../lib/gcc/arm-none-eabi/7.3.1/thumb/v6-m\libgcc.a(_udivsi3.o)
 .ARM.attributes
                0x00000684       0x1e c:/ac6/systemworkbench/plugins/fr.ac6.mcu.externaltools.arm-none.win32_1.17.0.201812190825/tools/compiler/bin/../lib/gcc/arm-none-eabi/7.3.1/thumb/v6-m\libgcc.a(_divsi3.o)
 .ARM.attributes
                0x000006a2       0x1e c:/ac6/systemworkbench/plugins/fr.ac6.mcu.externaltools.arm-none.win32_1.17.0.201812190825/tools/compiler/bin/../lib/gcc/arm-none-eabi/7.3.1/thumb/v6-m\libgcc.a(_dvmd_tls.o)
 .ARM.attributes
                0x000006c0       0x1e c:/ac6/systemworkbench/plugins/fr.ac6.mcu.externaltools.arm-none.win32_1.17.0.201812190825/tools/compiler/bin/../lib/gcc/arm-none-eabi/7.3.1/thumb/v6-m\libgcc.a(_aeabi_uldivmod.o)
 .ARM.attributes
                0x000006de       0x2c c:/ac6/systemworkbench/plugins/fr.ac6.mcu.externaltools.arm-none.win32_1.17.0.201812190825/tools/compiler/bin/../lib/gcc/arm-none-eabi/7.3.1/thumb/v6-m\libgcc.a(_udivmoddi4.o)
 .ARM.attributes
                0x0000070a       0x1e c:/ac6/systemworkbench/plugins/fr.ac6.mcu.externaltools.arm-none.win32_1.17.0.201812190825/tools/compiler/bin/../lib/gcc/arm-none-eabi/7.3.1/thumb/v6-m\libgcc.a(_clzsi2.o)
 .ARM.attributes
                0x00000728       0x1e c:/ac6/systemworkbench/plugins/fr.ac6.mcu.externaltools.arm-none.win32_1.17.0.201812190825/tools/compiler/bin/../lib/gcc/arm-none-eabi/7.3.1/thumb/v6-m\libgcc.a(_clzdi2.o)
 .ARM.attributes
                0x00000746       0x2c c:/ac6/systemworkbench/plugins/fr.ac6.mcu.externaltools.arm-none.win32_1.17.0.201812190825/tools/compiler/bin/../lib/gcc/arm-none-eabi/7.3.1/../../../../arm-none-eabi/lib/thumb/v6-m\libc.a(lib_a-impure.o)
 .ARM.attributes
                0x00000772       0x2c c:/ac6/systemworkbench/plugins/fr.ac6.mcu.externaltools.arm-none.win32_1.17.0.201812190825/tools/compiler/bin/../lib/gcc/arm-none-eabi/7.3.1/../../../../arm-none-eabi/lib/thumb/v6-m\libc.a(lib_a-init.o)
 .ARM.attributes
                0x0000079e       0x2c c:/ac6/systemworkbench/plugins/fr.ac6.mcu.externaltools.arm-none.win32_1.17.0.201812190825/tools/compiler/bin/../lib/gcc/arm-none-eabi/7.3.1/../../../../arm-none-eabi/lib/thumb/v6-m\libc.a(lib_a-memcpy-stub.o)
 .ARM.attributes
                0x000007ca       0x2c c:/ac6/systemworkbench/plugins/fr.ac6.mcu.externaltools.arm-none.win32_1.17.0.201812190825/tools/compiler/bin/../lib/gcc/arm-none-eabi/7.3.1/../../../../arm-none-eabi/lib/thumb/v6-m\libc.a(lib_a-memset.o)
 .ARM.attributes
                0x000007f6       0x2c c:/ac6/systemworkbench/plugins/fr.ac6.mcu.externaltools.arm-none.win32_1.17.0.201812190825/tools/compiler/bin/../lib/gcc/arm-none-eabi/7.3.1/../../../../arm-none-eabi/lib/thumb/v6-m\libc.a(lib_a-strncmp.o)
 .ARM.attributes
                0x00000822       0x2c c:/ac6/systemworkbench/plugins/fr.ac6.mcu.externaltools.arm-none.win32_1.17.0.201812190825/tools/compiler/bin/../lib/gcc/arm-none-eabi/7.3.1/../../../../arm-none-eabi/lib/thumb/v6-m\libc.a(lib_a-__call_atexit.o)
 .ARM.attributes
                0x0000084e       0x2c c:/ac6/systemworkbench/plugins/fr.ac6.mcu.externaltools.arm-none.win32_1.17.0.201812190825/tools/compiler/bin/../lib/gcc/arm-none-eabi/7.3.1/../../../../arm-none-eabi/lib/thumb/v6-m\libc.a(lib_a-atexit.o)
 .ARM.attributes
                0x0000087a       0x2c c:/ac6/systemworkbench/plugins/fr.ac6.mcu.externaltools.arm-none.win32_1.17.0.201812190825/tools/compiler/bin/../lib/gcc/arm-none-eabi/7.3.1/../../../../arm-none-eabi/lib/thumb/v6-m\libc.a(lib_a-fini.o)
 .ARM.attributes
                0x000008a6       0x2c c:/ac6/systemworkbench/plugins/fr.ac6.mcu.externaltools.arm-none.win32_1.17.0.201812190825/tools/compiler/bin/../lib/gcc/arm-none-eabi/7.3.1/../../../../arm-none-eabi/lib/thumb/v6-m\libc.a(lib_a-lock.o)
 .ARM.attributes
                0x000008d2       0x2c c:/ac6/systemworkbench/plugins/fr.ac6.mcu.externaltools.arm-none.win32_1.17.0.201812190825/tools/compiler/bin/../lib/gcc/arm-none-eabi/7.3.1/../../../../arm-none-eabi/lib/thumb/v6-m\libc.a(lib_a-__atexit.o)
 .ARM.attributes
                0x000008fe       0x1e c:/ac6/systemworkbench/plugins/fr.ac6.mcu.externaltools.arm-none.win32_1.17.0.201812190825/tools/compiler/bin/../lib/gcc/arm-none-eabi/7.3.1/thumb/v6-m/crtn.o
OUTPUT(m2m-76-impulse-counter-bootloader.elf elf32-littlearm)

.debug_info     0x00000000    0x1dcf8
 .debug_info    0x00000000     0x2615 boards/m2m-76-impulse-counter/board.o
 .debug_info    0x00002615      0x976 boards/m2m-76-impulse-counter/delay-board.o
 .debug_info    0x00002f8b     0x166a boards/m2m-76-impulse-counter/gpio-board.o
 .debug_info    0x000045f5      0xba5 boards/m2m-76-impulse-counter/lpm-board.o
 .debug_info    0x0000519a     0x1ad5 boards/m2m-76-impulse-counter/rtc-board.o
 .debug_info    0x00006c6f     0x1832 boards/m2m-76-impulse-counter/spi-board.o
 .debug_info    0x000084a1     0x1f10 boards/m2m-76-impulse-counter/uart-board.o
 .debug_info    0x0000a3b1      0xbab boards/m2m-76-impulse-counter/cmsis/system_stm32l0xx.o
 .debug_info    0x0000af5c     0x1008 boards/mcu/stm32/STM32L0xx_HAL_Driver/Src/stm32l0xx_hal.o
 .debug_info    0x0000bf64     0x115a boards/mcu/stm32/STM32L0xx_HAL_Driver/Src/stm32l0xx_hal_cortex.o
 .debug_info    0x0000d0be      0xee6 boards/mcu/stm32/STM32L0xx_HAL_Driver/Src/stm32l0xx_hal_gpio.o
 .debug_info    0x0000dfa4     0x132f boards/mcu/stm32/STM32L0xx_HAL_Driver/Src/stm32l0xx_hal_rcc.o
 .debug_info    0x0000f2d3      0xd8d boards/mcu/stm32/STM32L0xx_HAL_Driver/Src/stm32l0xx_hal_rcc_ex.o
 .debug_info    0x00010060     0x15c7 boards/mcu/stm32/STM32L0xx_HAL_Driver/Src/stm32l0xx_hal_rtc.o
 .debug_info    0x00011627     0x181c boards/mcu/stm32/STM32L0xx_HAL_Driver/Src/stm32l0xx_hal_rtc_ex.o
 .debug_info    0x00012e43     0x1da8 boards/mcu/stm32/STM32L0xx_HAL_Driver/Src/stm32l0xx_hal_spi.o
 .debug_info    0x00014beb      0xfb6 boards/mcu/stm32/STM32L0xx_HAL_Driver/Src/stm32l0xx_ll_gpio.o
 .debug_info    0x00015ba1     0x119f boards/mcu/stm32/STM32L0xx_HAL_Driver/Src/stm32l0xx_ll_rcc.o
 .debug_info    0x00016d40     0x10bc boards/mcu/stm32/STM32L0xx_HAL_Driver/Src/stm32l0xx_ll_usart.o
 .debug_info    0x00017dfc       0x7b boards/mcu/stm32/sysIrqHandlers.o
 .debug_info    0x00017e77      0xe79 m2m-fuota/AT25SF041.o
 .debug_info    0x00018cf0      0x578 m2m-fuota/LiteDisk.o
 .debug_info    0x00019268      0x65d m2m-fuota/LiteDiskDefs.o
 .debug_info    0x000198c5      0xf89 m2m-fuota/flash.o
 .debug_info    0x0001a84e      0x26c m2m-fuota/version.o
 .debug_info    0x0001aaba      0x5a2 m2m-fuota/xprintf.o
 .debug_info    0x0001b05c     0x1c38 src/main.o
 .debug_info    0x0001cc94       0x22 startup/startup_stm32.o
 .debug_info    0x0001ccb6      0x122 system/delay.o
 .debug_info    0x0001cdd8      0x7b3 system/gpio.o
 .debug_info    0x0001d58b      0x76d system/timer.o

.debug_abbrev   0x00000000     0x5080
 .debug_abbrev  0x00000000      0x543 boards/m2m-76-impulse-counter/board.o
 .debug_abbrev  0x00000543      0x1e3 boards/m2m-76-impulse-counter/delay-board.o
 .debug_abbrev  0x00000726      0x37c boards/m2m-76-impulse-counter/gpio-board.o
 .debug_abbrev  0x00000aa2      0x28e boards/m2m-76-impulse-counter/lpm-board.o
 .debug_abbrev  0x00000d30      0x46c boards/m2m-76-impulse-counter/rtc-board.o
 .debug_abbrev  0x0000119c      0x297 boards/m2m-76-impulse-counter/spi-board.o
 .debug_abbrev  0x00001433      0x33e boards/m2m-76-impulse-counter/uart-board.o
 .debug_abbrev  0x00001771      0x205 boards/m2m-76-impulse-counter/cmsis/system_stm32l0xx.o
 .debug_abbrev  0x00001976      0x2fd boards/mcu/stm32/STM32L0xx_HAL_Driver/Src/stm32l0xx_hal.o
 .debug_abbrev  0x00001c73      0x34b boards/mcu/stm32/STM32L0xx_HAL_Driver/Src/stm32l0xx_hal_cortex.o
 .debug_abbrev  0x00001fbe      0x28f boards/mcu/stm32/STM32L0xx_HAL_Driver/Src/stm32l0xx_hal_gpio.o
 .debug_abbrev  0x0000224d      0x36d boards/mcu/stm32/STM32L0xx_HAL_Driver/Src/stm32l0xx_hal_rcc.o
 .debug_abbrev  0x000025ba      0x2a3 boards/mcu/stm32/STM32L0xx_HAL_Driver/Src/stm32l0xx_hal_rcc_ex.o
 .debug_abbrev  0x0000285d      0x2f4 boards/mcu/stm32/STM32L0xx_HAL_Driver/Src/stm32l0xx_hal_rtc.o
 .debug_abbrev  0x00002b51      0x303 boards/mcu/stm32/STM32L0xx_HAL_Driver/Src/stm32l0xx_hal_rtc_ex.o
 .debug_abbrev  0x00002e54      0x3a5 boards/mcu/stm32/STM32L0xx_HAL_Driver/Src/stm32l0xx_hal_spi.o
 .debug_abbrev  0x000031f9      0x2ab boards/mcu/stm32/STM32L0xx_HAL_Driver/Src/stm32l0xx_ll_gpio.o
 .debug_abbrev  0x000034a4      0x38d boards/mcu/stm32/STM32L0xx_HAL_Driver/Src/stm32l0xx_ll_rcc.o
 .debug_abbrev  0x00003831      0x37f boards/mcu/stm32/STM32L0xx_HAL_Driver/Src/stm32l0xx_ll_usart.o
 .debug_abbrev  0x00003bb0       0x5f boards/mcu/stm32/sysIrqHandlers.o
 .debug_abbrev  0x00003c0f      0x2f1 m2m-fuota/AT25SF041.o
 .debug_abbrev  0x00003f00      0x1af m2m-fuota/LiteDisk.o
 .debug_abbrev  0x000040af       0xf1 m2m-fuota/LiteDiskDefs.o
 .debug_abbrev  0x000041a0      0x205 m2m-fuota/flash.o
 .debug_abbrev  0x000043a5      0x185 m2m-fuota/version.o
 .debug_abbrev  0x0000452a      0x21e m2m-fuota/xprintf.o
 .debug_abbrev  0x00004748      0x46c src/main.o
 .debug_abbrev  0x00004bb4       0x12 startup/startup_stm32.o
 .debug_abbrev  0x00004bc6       0xe0 system/delay.o
 .debug_abbrev  0x00004ca6      0x124 system/gpio.o
 .debug_abbrev  0x00004dca      0x2b6 system/timer.o

.debug_loc      0x00000000     0x86b6
 .debug_loc     0x00000000      0x18d boards/m2m-76-impulse-counter/board.o
 .debug_loc     0x0000018d       0x21 boards/m2m-76-impulse-counter/delay-board.o
 .debug_loc     0x000001ae      0x44e boards/m2m-76-impulse-counter/gpio-board.o
 .debug_loc     0x000005fc       0x97 boards/m2m-76-impulse-counter/lpm-board.o
 .debug_loc     0x00000693      0xfaa boards/m2m-76-impulse-counter/rtc-board.o
 .debug_loc     0x0000163d      0x31a boards/m2m-76-impulse-counter/spi-board.o
 .debug_loc     0x00001957      0x269 boards/m2m-76-impulse-counter/uart-board.o
 .debug_loc     0x00001bc0      0x17f boards/m2m-76-impulse-counter/cmsis/system_stm32l0xx.o
 .debug_loc     0x00001d3f       0xac boards/mcu/stm32/STM32L0xx_HAL_Driver/Src/stm32l0xx_hal.o
 .debug_loc     0x00001deb      0x3aa boards/mcu/stm32/STM32L0xx_HAL_Driver/Src/stm32l0xx_hal_cortex.o
 .debug_loc     0x00002195      0x2ed boards/mcu/stm32/STM32L0xx_HAL_Driver/Src/stm32l0xx_hal_gpio.o
 .debug_loc     0x00002482      0x571 boards/mcu/stm32/STM32L0xx_HAL_Driver/Src/stm32l0xx_hal_rcc.o
 .debug_loc     0x000029f3      0x44d boards/mcu/stm32/STM32L0xx_HAL_Driver/Src/stm32l0xx_hal_rcc_ex.o
 .debug_loc     0x00002e40      0xc39 boards/mcu/stm32/STM32L0xx_HAL_Driver/Src/stm32l0xx_hal_rtc.o
 .debug_loc     0x00003a79      0xfc7 boards/mcu/stm32/STM32L0xx_HAL_Driver/Src/stm32l0xx_hal_rtc_ex.o
 .debug_loc     0x00004a40     0x104d boards/mcu/stm32/STM32L0xx_HAL_Driver/Src/stm32l0xx_hal_spi.o
 .debug_loc     0x00005a8d      0x344 boards/mcu/stm32/STM32L0xx_HAL_Driver/Src/stm32l0xx_ll_gpio.o
 .debug_loc     0x00005dd1      0x3ec boards/mcu/stm32/STM32L0xx_HAL_Driver/Src/stm32l0xx_ll_rcc.o
 .debug_loc     0x000061bd      0x42e boards/mcu/stm32/STM32L0xx_HAL_Driver/Src/stm32l0xx_ll_usart.o
 .debug_loc     0x000065eb      0x570 m2m-fuota/AT25SF041.o
 .debug_loc     0x00006b5b      0x4d7 m2m-fuota/LiteDisk.o
 .debug_loc     0x00007032       0x21 m2m-fuota/flash.o
 .debug_loc     0x00007053       0xec m2m-fuota/version.o
 .debug_loc     0x0000713f      0x870 m2m-fuota/xprintf.o
 .debug_loc     0x000079af      0x5a4 src/main.o
 .debug_loc     0x00007f53       0x7e system/delay.o
 .debug_loc     0x00007fd1      0x247 system/gpio.o
 .debug_loc     0x00008218      0x49e system/timer.o

.debug_aranges  0x00000000      0xc08
 .debug_aranges
                0x00000000       0xb0 boards/m2m-76-impulse-counter/board.o
 .debug_aranges
                0x000000b0       0x20 boards/m2m-76-impulse-counter/delay-board.o
 .debug_aranges
                0x000000d0       0x70 boards/m2m-76-impulse-counter/gpio-board.o
 .debug_aranges
                0x00000140       0x40 boards/m2m-76-impulse-counter/lpm-board.o
 .debug_aranges
                0x00000180       0xc8 boards/m2m-76-impulse-counter/rtc-board.o
 .debug_aranges
                0x00000248       0x40 boards/m2m-76-impulse-counter/spi-board.o
 .debug_aranges
                0x00000288       0x38 boards/m2m-76-impulse-counter/uart-board.o
 .debug_aranges
                0x000002c0       0x28 boards/m2m-76-impulse-counter/cmsis/system_stm32l0xx.o
 .debug_aranges
                0x000002e8       0xd8 boards/mcu/stm32/STM32L0xx_HAL_Driver/Src/stm32l0xx_hal.o
 .debug_aranges
                0x000003c0       0x80 boards/mcu/stm32/STM32L0xx_HAL_Driver/Src/stm32l0xx_hal_cortex.o
 .debug_aranges
                0x00000440       0x58 boards/mcu/stm32/STM32L0xx_HAL_Driver/Src/stm32l0xx_hal_gpio.o
 .debug_aranges
                0x00000498       0x88 boards/mcu/stm32/STM32L0xx_HAL_Driver/Src/stm32l0xx_hal_rcc.o
 .debug_aranges
                0x00000520       0x58 boards/mcu/stm32/STM32L0xx_HAL_Driver/Src/stm32l0xx_hal_rcc_ex.o
 .debug_aranges
                0x00000578       0xa8 boards/mcu/stm32/STM32L0xx_HAL_Driver/Src/stm32l0xx_hal_rtc.o
 .debug_aranges
                0x00000620      0x108 boards/mcu/stm32/STM32L0xx_HAL_Driver/Src/stm32l0xx_hal_rtc_ex.o
 .debug_aranges
                0x00000728      0x108 boards/mcu/stm32/STM32L0xx_HAL_Driver/Src/stm32l0xx_hal_spi.o
 .debug_aranges
                0x00000830       0x30 boards/mcu/stm32/STM32L0xx_HAL_Driver/Src/stm32l0xx_ll_gpio.o
 .debug_aranges
                0x00000860       0x70 boards/mcu/stm32/STM32L0xx_HAL_Driver/Src/stm32l0xx_ll_rcc.o
 .debug_aranges
                0x000008d0       0x40 boards/mcu/stm32/STM32L0xx_HAL_Driver/Src/stm32l0xx_ll_usart.o
 .debug_aranges
                0x00000910       0x38 boards/mcu/stm32/sysIrqHandlers.o
 .debug_aranges
                0x00000948       0x58 m2m-fuota/AT25SF041.o
 .debug_aranges
                0x000009a0       0x40 m2m-fuota/LiteDisk.o
 .debug_aranges
                0x000009e0       0x18 m2m-fuota/LiteDiskDefs.o
 .debug_aranges
                0x000009f8       0x20 m2m-fuota/flash.o
 .debug_aranges
                0x00000a18       0x20 m2m-fuota/version.o
 .debug_aranges
                0x00000a38       0x60 m2m-fuota/xprintf.o
 .debug_aranges
                0x00000a98       0x48 src/main.o
 .debug_aranges
                0x00000ae0       0x28 startup/startup_stm32.o
 .debug_aranges
                0x00000b08       0x28 system/delay.o
 .debug_aranges
                0x00000b30       0x50 system/gpio.o
 .debug_aranges
                0x00000b80       0x88 system/timer.o

.debug_ranges   0x00000000     0x10d8
 .debug_ranges  0x00000000       0xb8 boards/m2m-76-impulse-counter/board.o
 .debug_ranges  0x000000b8       0x10 boards/m2m-76-impulse-counter/delay-board.o
 .debug_ranges  0x000000c8       0xc0 boards/m2m-76-impulse-counter/gpio-board.o
 .debug_ranges  0x00000188       0x30 boards/m2m-76-impulse-counter/lpm-board.o
 .debug_ranges  0x000001b8       0xd8 boards/m2m-76-impulse-counter/rtc-board.o
 .debug_ranges  0x00000290       0x30 boards/m2m-76-impulse-counter/spi-board.o
 .debug_ranges  0x000002c0      0x170 boards/m2m-76-impulse-counter/uart-board.o
 .debug_ranges  0x00000430       0x18 boards/m2m-76-impulse-counter/cmsis/system_stm32l0xx.o
 .debug_ranges  0x00000448       0xc8 boards/mcu/stm32/STM32L0xx_HAL_Driver/Src/stm32l0xx_hal.o
 .debug_ranges  0x00000510      0x128 boards/mcu/stm32/STM32L0xx_HAL_Driver/Src/stm32l0xx_hal_cortex.o
 .debug_ranges  0x00000638       0x48 boards/mcu/stm32/STM32L0xx_HAL_Driver/Src/stm32l0xx_hal_gpio.o
 .debug_ranges  0x00000680       0xe0 boards/mcu/stm32/STM32L0xx_HAL_Driver/Src/stm32l0xx_hal_rcc.o
 .debug_ranges  0x00000760       0x68 boards/mcu/stm32/STM32L0xx_HAL_Driver/Src/stm32l0xx_hal_rcc_ex.o
 .debug_ranges  0x000007c8       0x98 boards/mcu/stm32/STM32L0xx_HAL_Driver/Src/stm32l0xx_hal_rtc.o
 .debug_ranges  0x00000860       0xf8 boards/mcu/stm32/STM32L0xx_HAL_Driver/Src/stm32l0xx_hal_rtc_ex.o
 .debug_ranges  0x00000958      0x158 boards/mcu/stm32/STM32L0xx_HAL_Driver/Src/stm32l0xx_hal_spi.o
 .debug_ranges  0x00000ab0       0x80 boards/mcu/stm32/STM32L0xx_HAL_Driver/Src/stm32l0xx_ll_gpio.o
 .debug_ranges  0x00000b30      0x178 boards/mcu/stm32/STM32L0xx_HAL_Driver/Src/stm32l0xx_ll_rcc.o
 .debug_ranges  0x00000ca8       0x60 boards/mcu/stm32/STM32L0xx_HAL_Driver/Src/stm32l0xx_ll_usart.o
 .debug_ranges  0x00000d08       0x28 boards/mcu/stm32/sysIrqHandlers.o
 .debug_ranges  0x00000d30       0xc8 m2m-fuota/AT25SF041.o
 .debug_ranges  0x00000df8       0x58 m2m-fuota/LiteDisk.o
 .debug_ranges  0x00000e50       0x10 m2m-fuota/flash.o
 .debug_ranges  0x00000e60       0x28 m2m-fuota/version.o
 .debug_ranges  0x00000e88       0x50 m2m-fuota/xprintf.o
 .debug_ranges  0x00000ed8       0xf8 src/main.o
 .debug_ranges  0x00000fd0       0x20 startup/startup_stm32.o
 .debug_ranges  0x00000ff0       0x18 system/delay.o
 .debug_ranges  0x00001008       0x40 system/gpio.o
 .debug_ranges  0x00001048       0x90 system/timer.o

.debug_macro    0x00000000     0x8094
 .debug_macro   0x00000000      0x46b boards/m2m-76-impulse-counter/board.o
 .debug_macro   0x0000046b       0x34 boards/m2m-76-impulse-counter/board.o
 .debug_macro   0x0000049f       0x36 boards/m2m-76-impulse-counter/board.o
 .debug_macro   0x000004d5       0x22 boards/m2m-76-impulse-counter/board.o
 .debug_macro   0x000004f7     0x14bd boards/m2m-76-impulse-counter/board.o
 .debug_macro   0x000019b4      0x79c boards/m2m-76-impulse-counter/board.o
 .debug_macro   0x00002150       0x2b boards/m2m-76-impulse-counter/board.o
 .debug_macro   0x0000217b       0x10 boards/m2m-76-impulse-counter/board.o
 .debug_macro   0x0000218b       0x35 boards/m2m-76-impulse-counter/board.o
 .debug_macro   0x000021c0      0x31b boards/m2m-76-impulse-counter/board.o
 .debug_macro   0x000024db      0x33a boards/m2m-76-impulse-counter/delay-board.o
 .debug_macro   0x00002815      0x394 boards/m2m-76-impulse-counter/gpio-board.o
 .debug_macro   0x00002ba9       0x1c boards/m2m-76-impulse-counter/gpio-board.o
 .debug_macro   0x00002bc5      0x346 boards/m2m-76-impulse-counter/lpm-board.o
 .debug_macro   0x00002f0b      0x456 boards/m2m-76-impulse-counter/rtc-board.o
 .debug_macro   0x00003361      0x174 boards/m2m-76-impulse-counter/rtc-board.o
 .debug_macro   0x000034d5      0x1e1 boards/m2m-76-impulse-counter/rtc-board.o
 .debug_macro   0x000036b6       0x16 boards/m2m-76-impulse-counter/rtc-board.o
 .debug_macro   0x000036cc       0x10 boards/m2m-76-impulse-counter/rtc-board.o
 .debug_macro   0x000036dc       0x10 boards/m2m-76-impulse-counter/rtc-board.o
 .debug_macro   0x000036ec       0x35 boards/m2m-76-impulse-counter/rtc-board.o
 .debug_macro   0x00003721       0x1c boards/m2m-76-impulse-counter/rtc-board.o
 .debug_macro   0x0000373d       0x10 boards/m2m-76-impulse-counter/rtc-board.o
 .debug_macro   0x0000374d       0xac boards/m2m-76-impulse-counter/rtc-board.o
 .debug_macro   0x000037f9      0x37b boards/m2m-76-impulse-counter/spi-board.o
 .debug_macro   0x00003b74      0x3ab boards/m2m-76-impulse-counter/uart-board.o
 .debug_macro   0x00003f1f      0x102 boards/m2m-76-impulse-counter/uart-board.o
 .debug_macro   0x00004021      0x13a boards/m2m-76-impulse-counter/uart-board.o
 .debug_macro   0x0000415b      0x336 boards/m2m-76-impulse-counter/cmsis/system_stm32l0xx.o
 .debug_macro   0x00004491      0x354 boards/mcu/stm32/STM32L0xx_HAL_Driver/Src/stm32l0xx_hal.o
 .debug_macro   0x000047e5      0x330 boards/mcu/stm32/STM32L0xx_HAL_Driver/Src/stm32l0xx_hal_cortex.o
 .debug_macro   0x00004b15      0x368 boards/mcu/stm32/STM32L0xx_HAL_Driver/Src/stm32l0xx_hal_gpio.o
 .debug_macro   0x00004e7d      0x390 boards/mcu/stm32/STM32L0xx_HAL_Driver/Src/stm32l0xx_hal_rcc.o
 .debug_macro   0x0000520d      0x330 boards/mcu/stm32/STM32L0xx_HAL_Driver/Src/stm32l0xx_hal_rcc_ex.o
 .debug_macro   0x0000553d      0x330 boards/mcu/stm32/STM32L0xx_HAL_Driver/Src/stm32l0xx_hal_rtc.o
 .debug_macro   0x0000586d      0x330 boards/mcu/stm32/STM32L0xx_HAL_Driver/Src/stm32l0xx_hal_rtc_ex.o
 .debug_macro   0x00005b9d      0x338 boards/mcu/stm32/STM32L0xx_HAL_Driver/Src/stm32l0xx_hal_spi.o
 .debug_macro   0x00005ed5      0x372 boards/mcu/stm32/STM32L0xx_HAL_Driver/Src/stm32l0xx_ll_gpio.o
 .debug_macro   0x00006247      0x134 boards/mcu/stm32/STM32L0xx_HAL_Driver/Src/stm32l0xx_ll_gpio.o
 .debug_macro   0x0000637b      0x35d boards/mcu/stm32/STM32L0xx_HAL_Driver/Src/stm32l0xx_ll_rcc.o
 .debug_macro   0x000066d8      0x429 boards/mcu/stm32/STM32L0xx_HAL_Driver/Src/stm32l0xx_ll_rcc.o
 .debug_macro   0x00006b01      0x399 boards/mcu/stm32/STM32L0xx_HAL_Driver/Src/stm32l0xx_ll_usart.o
 .debug_macro   0x00006e9a      0x315 boards/mcu/stm32/STM32L0xx_HAL_Driver/Src/stm32l0xx_ll_usart.o
 .debug_macro   0x000071af       0x11 boards/mcu/stm32/sysIrqHandlers.o
 .debug_macro   0x000071c0      0x14c m2m-fuota/AT25SF041.o
 .debug_macro   0x0000730c       0x16 m2m-fuota/AT25SF041.o
 .debug_macro   0x00007322       0x22 m2m-fuota/AT25SF041.o
 .debug_macro   0x00007344       0x58 m2m-fuota/AT25SF041.o
 .debug_macro   0x0000739c       0x40 m2m-fuota/AT25SF041.o
 .debug_macro   0x000073dc       0x1c m2m-fuota/AT25SF041.o
 .debug_macro   0x000073f8       0x7b m2m-fuota/LiteDisk.o
 .debug_macro   0x00007473       0xd6 m2m-fuota/LiteDiskDefs.o
 .debug_macro   0x00007549       0x3a m2m-fuota/LiteDiskDefs.o
 .debug_macro   0x00007583      0x3dd m2m-fuota/flash.o
 .debug_macro   0x00007960       0x22 m2m-fuota/flash.o
 .debug_macro   0x00007982       0x4c m2m-fuota/flash.o
 .debug_macro   0x000079ce       0x1c m2m-fuota/flash.o
 .debug_macro   0x000079ea       0x16 m2m-fuota/flash.o
 .debug_macro   0x00007a00       0x72 m2m-fuota/version.o
 .debug_macro   0x00007a72       0x1c m2m-fuota/version.o
 .debug_macro   0x00007a8e       0x29 m2m-fuota/xprintf.o
 .debug_macro   0x00007ab7      0x40c src/main.o
 .debug_macro   0x00007ec3       0x16 src/main.o
 .debug_macro   0x00007ed9       0x77 system/delay.o
 .debug_macro   0x00007f50       0x89 system/gpio.o
 .debug_macro   0x00007fd9       0xbb system/timer.o

.debug_line     0x00000000    0x10a34
 .debug_line    0x00000000      0xce6 boards/m2m-76-impulse-counter/board.o
 .debug_line    0x00000ce6      0x88b boards/m2m-76-impulse-counter/delay-board.o
 .debug_line    0x00001571      0xa8b boards/m2m-76-impulse-counter/gpio-board.o
 .debug_line    0x00001ffc      0x919 boards/m2m-76-impulse-counter/lpm-board.o
 .debug_line    0x00002915      0xc48 boards/m2m-76-impulse-counter/rtc-board.o
 .debug_line    0x0000355d      0x9c8 boards/m2m-76-impulse-counter/spi-board.o
 .debug_line    0x00003f25      0xae8 boards/m2m-76-impulse-counter/uart-board.o
 .debug_line    0x00004a0d      0x841 boards/m2m-76-impulse-counter/cmsis/system_stm32l0xx.o
 .debug_line    0x0000524e      0xa3a boards/mcu/stm32/STM32L0xx_HAL_Driver/Src/stm32l0xx_hal.o
 .debug_line    0x00005c88      0xa1f boards/mcu/stm32/STM32L0xx_HAL_Driver/Src/stm32l0xx_hal_cortex.o
 .debug_line    0x000066a7      0x9ff boards/mcu/stm32/STM32L0xx_HAL_Driver/Src/stm32l0xx_hal_gpio.o
 .debug_line    0x000070a6      0xbfe boards/mcu/stm32/STM32L0xx_HAL_Driver/Src/stm32l0xx_hal_rcc.o
 .debug_line    0x00007ca4      0xa54 boards/mcu/stm32/STM32L0xx_HAL_Driver/Src/stm32l0xx_hal_rcc_ex.o
 .debug_line    0x000086f8      0xca1 boards/mcu/stm32/STM32L0xx_HAL_Driver/Src/stm32l0xx_hal_rtc.o
 .debug_line    0x00009399      0xfe4 boards/mcu/stm32/STM32L0xx_HAL_Driver/Src/stm32l0xx_hal_rtc_ex.o
 .debug_line    0x0000a37d     0x1196 boards/mcu/stm32/STM32L0xx_HAL_Driver/Src/stm32l0xx_hal_spi.o
 .debug_line    0x0000b513      0x970 boards/mcu/stm32/STM32L0xx_HAL_Driver/Src/stm32l0xx_ll_gpio.o
 .debug_line    0x0000be83      0xb3e boards/mcu/stm32/STM32L0xx_HAL_Driver/Src/stm32l0xx_ll_rcc.o
 .debug_line    0x0000c9c1      0x9a6 boards/mcu/stm32/STM32L0xx_HAL_Driver/Src/stm32l0xx_ll_usart.o
 .debug_line    0x0000d367       0xb0 boards/mcu/stm32/sysIrqHandlers.o
 .debug_line    0x0000d417      0x602 m2m-fuota/AT25SF041.o
 .debug_line    0x0000da19      0x3ed m2m-fuota/LiteDisk.o
 .debug_line    0x0000de06      0x432 m2m-fuota/LiteDiskDefs.o
 .debug_line    0x0000e238      0x9b0 m2m-fuota/flash.o
 .debug_line    0x0000ebe8      0x336 m2m-fuota/version.o
 .debug_line    0x0000ef1e      0x2fb m2m-fuota/xprintf.o
 .debug_line    0x0000f219      0xb66 src/main.o
 .debug_line    0x0000fd7f       0x7c startup/startup_stm32.o
 .debug_line    0x0000fdfb      0x354 system/delay.o
 .debug_line    0x0001014f      0x3ca system/gpio.o
 .debug_line    0x00010519      0x51b system/timer.o

.debug_str      0x00000000    0x89065
 .debug_str     0x00000000    0x80357 boards/m2m-76-impulse-counter/board.o
                              0x80b53 (size before relaxing)
 .debug_str     0x00080357       0x82 boards/m2m-76-impulse-counter/delay-board.o
                              0x7636d (size before relaxing)
 .debug_str     0x000803d9      0x34b boards/m2m-76-impulse-counter/gpio-board.o
                              0x7745c (size before relaxing)
 .debug_str     0x00080724      0x10d boards/m2m-76-impulse-counter/lpm-board.o
                              0x7686a (size before relaxing)
 .debug_str     0x00080831     0x1604 boards/m2m-76-impulse-counter/rtc-board.o
                              0x78671 (size before relaxing)
 .debug_str     0x00081e35      0x42b boards/m2m-76-impulse-counter/spi-board.o
                              0x77125 (size before relaxing)
 .debug_str     0x00082260     0x140f boards/m2m-76-impulse-counter/uart-board.o
                              0x7986a (size before relaxing)
 .debug_str     0x0008366f       0xbf boards/m2m-76-impulse-counter/cmsis/system_stm32l0xx.o
                              0x76471 (size before relaxing)
 .debug_str     0x0008372e      0x3e3 boards/mcu/stm32/STM32L0xx_HAL_Driver/Src/stm32l0xx_hal.o
                              0x76a6d (size before relaxing)
 .debug_str     0x00083b11      0x1e7 boards/mcu/stm32/STM32L0xx_HAL_Driver/Src/stm32l0xx_hal_cortex.o
                              0x7686d (size before relaxing)
 .debug_str     0x00083cf8      0x1d7 boards/mcu/stm32/STM32L0xx_HAL_Driver/Src/stm32l0xx_hal_gpio.o
                              0x7670d (size before relaxing)
 .debug_str     0x00083ecf      0x427 boards/mcu/stm32/STM32L0xx_HAL_Driver/Src/stm32l0xx_hal_rcc.o
                              0x76a79 (size before relaxing)
 .debug_str     0x000842f6      0x14a boards/mcu/stm32/STM32L0xx_HAL_Driver/Src/stm32l0xx_hal_rcc_ex.o
                              0x76691 (size before relaxing)
 .debug_str     0x00084440      0x18d boards/mcu/stm32/STM32L0xx_HAL_Driver/Src/stm32l0xx_hal_rtc.o
                              0x76851 (size before relaxing)
 .debug_str     0x000845cd      0x547 boards/mcu/stm32/STM32L0xx_HAL_Driver/Src/stm32l0xx_hal_rtc_ex.o
                              0x76bb3 (size before relaxing)
 .debug_str     0x00084b14      0x3e5 boards/mcu/stm32/STM32L0xx_HAL_Driver/Src/stm32l0xx_hal_spi.o
                              0x76b26 (size before relaxing)
 .debug_str     0x00084ef9      0x577 boards/mcu/stm32/STM32L0xx_HAL_Driver/Src/stm32l0xx_ll_gpio.o
                              0x7780d (size before relaxing)
 .debug_str     0x00085470     0x22f0 boards/mcu/stm32/STM32L0xx_HAL_Driver/Src/stm32l0xx_ll_rcc.o
                              0x786ba (size before relaxing)
 .debug_str     0x00087760      0x859 boards/mcu/stm32/STM32L0xx_HAL_Driver/Src/stm32l0xx_ll_usart.o
                              0x7a3c0 (size before relaxing)
 .debug_str     0x00087fb9       0xa3 boards/mcu/stm32/sysIrqHandlers.o
                               0x2d5a (size before relaxing)
 .debug_str     0x0008805c      0x593 m2m-fuota/AT25SF041.o
                               0x50be (size before relaxing)
 .debug_str     0x000885ef      0x13f m2m-fuota/LiteDisk.o
                               0x419d (size before relaxing)
 .debug_str     0x0008872e      0x181 m2m-fuota/LiteDiskDefs.o
                               0x4929 (size before relaxing)
 .debug_str     0x000888af       0xcb m2m-fuota/flash.o
                              0x77353 (size before relaxing)
 .debug_str     0x0008897a       0xb4 m2m-fuota/version.o
                               0x3d15 (size before relaxing)
 .debug_str     0x00088a2e       0x94 m2m-fuota/xprintf.o
                               0x2fef (size before relaxing)
 .debug_str     0x00088ac2      0x2d6 src/main.o
                              0x777c2 (size before relaxing)
 .debug_str     0x00088d98       0x29 startup/startup_stm32.o
                                 0x93 (size before relaxing)
 .debug_str     0x00088dc1       0x3d system/delay.o
                               0x3c48 (size before relaxing)
 .debug_str     0x00088dfe       0x84 system/gpio.o
                               0x451f (size before relaxing)
 .debug_str     0x00088e82      0x1e3 system/timer.o
                               0x44bd (size before relaxing)

.comment        0x00000000       0x7f
 .comment       0x00000000       0x7f boards/m2m-76-impulse-counter/board.o
                                 0x80 (size before relaxing)
 .comment       0x0000007f       0x80 boards/m2m-76-impulse-counter/delay-board.o
 .comment       0x0000007f       0x80 boards/m2m-76-impulse-counter/gpio-board.o
 .comment       0x0000007f       0x80 boards/m2m-76-impulse-counter/lpm-board.o
 .comment       0x0000007f       0x80 boards/m2m-76-impulse-counter/rtc-board.o
 .comment       0x0000007f       0x80 boards/m2m-76-impulse-counter/spi-board.o
 .comment       0x0000007f       0x80 boards/m2m-76-impulse-counter/uart-board.o
 .comment       0x0000007f       0x80 boards/m2m-76-impulse-counter/cmsis/system_stm32l0xx.o
 .comment       0x0000007f       0x80 boards/mcu/stm32/STM32L0xx_HAL_Driver/Src/stm32l0xx_hal.o
 .comment       0x0000007f       0x80 boards/mcu/stm32/STM32L0xx_HAL_Driver/Src/stm32l0xx_hal_cortex.o
 .comment       0x0000007f       0x80 boards/mcu/stm32/STM32L0xx_HAL_Driver/Src/stm32l0xx_hal_gpio.o
 .comment       0x0000007f       0x80 boards/mcu/stm32/STM32L0xx_HAL_Driver/Src/stm32l0xx_hal_rcc.o
 .comment       0x0000007f       0x80 boards/mcu/stm32/STM32L0xx_HAL_Driver/Src/stm32l0xx_hal_rcc_ex.o
 .comment       0x0000007f       0x80 boards/mcu/stm32/STM32L0xx_HAL_Driver/Src/stm32l0xx_hal_rtc.o
 .comment       0x0000007f       0x80 boards/mcu/stm32/STM32L0xx_HAL_Driver/Src/stm32l0xx_hal_rtc_ex.o
 .comment       0x0000007f       0x80 boards/mcu/stm32/STM32L0xx_HAL_Driver/Src/stm32l0xx_hal_spi.o
 .comment       0x0000007f       0x80 boards/mcu/stm32/STM32L0xx_HAL_Driver/Src/stm32l0xx_ll_gpio.o
 .comment       0x0000007f       0x80 boards/mcu/stm32/STM32L0xx_HAL_Driver/Src/stm32l0xx_ll_rcc.o
 .comment       0x0000007f       0x80 boards/mcu/stm32/STM32L0xx_HAL_Driver/Src/stm32l0xx_ll_usart.o
 .comment       0x0000007f       0x80 boards/mcu/stm32/sysIrqHandlers.o
 .comment       0x0000007f       0x80 m2m-fuota/AT25SF041.o
 .comment       0x0000007f       0x80 m2m-fuota/LiteDisk.o
 .comment       0x0000007f       0x80 m2m-fuota/LiteDiskDefs.o
 .comment       0x0000007f       0x80 m2m-fuota/flash.o
 .comment       0x0000007f       0x80 m2m-fuota/version.o
 .comment       0x0000007f       0x80 m2m-fuota/xprintf.o
 .comment       0x0000007f       0x80 src/main.o
 .comment       0x0000007f       0x80 system/delay.o
 .comment       0x0000007f       0x80 system/gpio.o
 .comment       0x0000007f       0x80 system/timer.o

.debug_frame    0x00000000     0x2218
 .debug_frame   0x00000000      0x1bc boards/m2m-76-impulse-counter/board.o
 .debug_frame   0x000001bc       0x28 boards/m2m-76-impulse-counter/delay-board.o
 .debug_frame   0x000001e4      0x128 boards/m2m-76-impulse-counter/gpio-board.o
 .debug_frame   0x0000030c       0xe4 boards/m2m-76-impulse-counter/lpm-board.o
 .debug_frame   0x000003f0      0x25c boards/m2m-76-impulse-counter/rtc-board.o
 .debug_frame   0x0000064c       0xa8 boards/m2m-76-impulse-counter/spi-board.o
 .debug_frame   0x000006f4       0x6c boards/m2m-76-impulse-counter/uart-board.o
 .debug_frame   0x00000760       0x3c boards/m2m-76-impulse-counter/cmsis/system_stm32l0xx.o
 .debug_frame   0x0000079c      0x1c4 boards/mcu/stm32/STM32L0xx_HAL_Driver/Src/stm32l0xx_hal.o
 .debug_frame   0x00000960       0xfc boards/mcu/stm32/STM32L0xx_HAL_Driver/Src/stm32l0xx_hal_cortex.o
 .debug_frame   0x00000a5c       0xbc boards/mcu/stm32/STM32L0xx_HAL_Driver/Src/stm32l0xx_hal_gpio.o
 .debug_frame   0x00000b18      0x154 boards/mcu/stm32/STM32L0xx_HAL_Driver/Src/stm32l0xx_hal_rcc.o
 .debug_frame   0x00000c6c       0xc0 boards/mcu/stm32/STM32L0xx_HAL_Driver/Src/stm32l0xx_hal_rcc_ex.o
 .debug_frame   0x00000d2c      0x230 boards/mcu/stm32/STM32L0xx_HAL_Driver/Src/stm32l0xx_hal_rtc.o
 .debug_frame   0x00000f5c      0x3ac boards/mcu/stm32/STM32L0xx_HAL_Driver/Src/stm32l0xx_hal_rtc_ex.o
 .debug_frame   0x00001308      0x3d8 boards/mcu/stm32/STM32L0xx_HAL_Driver/Src/stm32l0xx_hal_spi.o
 .debug_frame   0x000016e0       0x50 boards/mcu/stm32/STM32L0xx_HAL_Driver/Src/stm32l0xx_ll_gpio.o
 .debug_frame   0x00001730       0xf8 boards/mcu/stm32/STM32L0xx_HAL_Driver/Src/stm32l0xx_ll_rcc.o
 .debug_frame   0x00001828       0x78 boards/mcu/stm32/STM32L0xx_HAL_Driver/Src/stm32l0xx_ll_usart.o
 .debug_frame   0x000018a0       0x60 boards/mcu/stm32/sysIrqHandlers.o
 .debug_frame   0x00001900      0x110 m2m-fuota/AT25SF041.o
 .debug_frame   0x00001a10       0xa8 m2m-fuota/LiteDisk.o
 .debug_frame   0x00001ab8       0x20 m2m-fuota/flash.o
 .debug_frame   0x00001ad8       0x30 m2m-fuota/version.o
 .debug_frame   0x00001b08      0x114 m2m-fuota/xprintf.o
 .debug_frame   0x00001c1c       0xcc src/main.o
 .debug_frame   0x00001ce8       0x40 system/delay.o
 .debug_frame   0x00001d28       0xc0 system/gpio.o
 .debug_frame   0x00001de8      0x168 system/timer.o
 .debug_frame   0x00001f50       0x20 c:/ac6/systemworkbench/plugins/fr.ac6.mcu.externaltools.arm-none.win32_1.17.0.201812190825/tools/compiler/bin/../lib/gcc/arm-none-eabi/7.3.1/thumb/v6-m\libgcc.a(_udivsi3.o)
 .debug_frame   0x00001f70       0x20 c:/ac6/systemworkbench/plugins/fr.ac6.mcu.externaltools.arm-none.win32_1.17.0.201812190825/tools/compiler/bin/../lib/gcc/arm-none-eabi/7.3.1/thumb/v6-m\libgcc.a(_divsi3.o)
 .debug_frame   0x00001f90       0x3c c:/ac6/systemworkbench/plugins/fr.ac6.mcu.externaltools.arm-none.win32_1.17.0.201812190825/tools/compiler/bin/../lib/gcc/arm-none-eabi/7.3.1/thumb/v6-m\libgcc.a(_udivmoddi4.o)
 .debug_frame   0x00001fcc       0x2c c:/ac6/systemworkbench/plugins/fr.ac6.mcu.externaltools.arm-none.win32_1.17.0.201812190825/tools/compiler/bin/../lib/gcc/arm-none-eabi/7.3.1/../../../../arm-none-eabi/lib/thumb/v6-m\libc.a(lib_a-init.o)
 .debug_frame   0x00001ff8       0x30 c:/ac6/systemworkbench/plugins/fr.ac6.mcu.externaltools.arm-none.win32_1.17.0.201812190825/tools/compiler/bin/../lib/gcc/arm-none-eabi/7.3.1/../../../../arm-none-eabi/lib/thumb/v6-m\libc.a(lib_a-memcpy-stub.o)
 .debug_frame   0x00002028       0x30 c:/ac6/systemworkbench/plugins/fr.ac6.mcu.externaltools.arm-none.win32_1.17.0.201812190825/tools/compiler/bin/../lib/gcc/arm-none-eabi/7.3.1/../../../../arm-none-eabi/lib/thumb/v6-m\libc.a(lib_a-memset.o)
 .debug_frame   0x00002058       0x2c c:/ac6/systemworkbench/plugins/fr.ac6.mcu.externaltools.arm-none.win32_1.17.0.201812190825/tools/compiler/bin/../lib/gcc/arm-none-eabi/7.3.1/../../../../arm-none-eabi/lib/thumb/v6-m\libc.a(lib_a-strncmp.o)
 .debug_frame   0x00002084       0x54 c:/ac6/systemworkbench/plugins/fr.ac6.mcu.externaltools.arm-none.win32_1.17.0.201812190825/tools/compiler/bin/../lib/gcc/arm-none-eabi/7.3.1/../../../../arm-none-eabi/lib/thumb/v6-m\libc.a(lib_a-__call_atexit.o)
 .debug_frame   0x000020d8       0x28 c:/ac6/systemworkbench/plugins/fr.ac6.mcu.externaltools.arm-none.win32_1.17.0.201812190825/tools/compiler/bin/../lib/gcc/arm-none-eabi/7.3.1/../../../../arm-none-eabi/lib/thumb/v6-m\libc.a(lib_a-atexit.o)
 .debug_frame   0x00002100       0x2c c:/ac6/systemworkbench/plugins/fr.ac6.mcu.externaltools.arm-none.win32_1.17.0.201812190825/tools/compiler/bin/../lib/gcc/arm-none-eabi/7.3.1/../../../../arm-none-eabi/lib/thumb/v6-m\libc.a(lib_a-fini.o)
 .debug_frame   0x0000212c       0xb0 c:/ac6/systemworkbench/plugins/fr.ac6.mcu.externaltools.arm-none.win32_1.17.0.201812190825/tools/compiler/bin/../lib/gcc/arm-none-eabi/7.3.1/../../../../arm-none-eabi/lib/thumb/v6-m\libc.a(lib_a-lock.o)
 .debug_frame   0x000021dc       0x3c c:/ac6/systemworkbench/plugins/fr.ac6.mcu.externaltools.arm-none.win32_1.17.0.201812190825/tools/compiler/bin/../lib/gcc/arm-none-eabi/7.3.1/../../../../arm-none-eabi/lib/thumb/v6-m\libc.a(lib_a-__atexit.o)
