Archive member included to satisfy reference by file (symbol)

c:/ac6/systemworkbench/plugins/fr.ac6.mcu.externaltools.arm-none.win32_1.17.0.201812190825/tools/compiler/bin/../lib/gcc/arm-none-eabi/7.3.1/../../../../arm-none-eabi/lib/thumb/v6-m\libm.a(lib_a-s_floor.o)
                              boards/m2m-76-impulse-counter/rtc-board.o (floor)
c:/ac6/systemworkbench/plugins/fr.ac6.mcu.externaltools.arm-none.win32_1.17.0.201812190825/tools/compiler/bin/../lib/gcc/arm-none-eabi/7.3.1/thumb/v6-m\libgcc.a(_thumb1_case_uqi.o)
                              boards/m2m-76-impulse-counter/cmsis/system_stm32l0xx.o (__gnu_thumb1_case_uqi)
c:/ac6/systemworkbench/plugins/fr.ac6.mcu.externaltools.arm-none.win32_1.17.0.201812190825/tools/compiler/bin/../lib/gcc/arm-none-eabi/7.3.1/thumb/v6-m\libgcc.a(_udivsi3.o)
                              boards/m2m-76-impulse-counter/board.o (__aeabi_uidiv)
c:/ac6/systemworkbench/plugins/fr.ac6.mcu.externaltools.arm-none.win32_1.17.0.201812190825/tools/compiler/bin/../lib/gcc/arm-none-eabi/7.3.1/thumb/v6-m\libgcc.a(_divsi3.o)
                              boards/mcu/stm32/STM32L0xx_HAL_Driver/Src/stm32l0xx_hal_rcc.o (__aeabi_idiv)
c:/ac6/systemworkbench/plugins/fr.ac6.mcu.externaltools.arm-none.win32_1.17.0.201812190825/tools/compiler/bin/../lib/gcc/arm-none-eabi/7.3.1/thumb/v6-m\libgcc.a(_dvmd_tls.o)
                              c:/ac6/systemworkbench/plugins/fr.ac6.mcu.externaltools.arm-none.win32_1.17.0.201812190825/tools/compiler/bin/../lib/gcc/arm-none-eabi/7.3.1/thumb/v6-m\libgcc.a(_udivsi3.o) (__aeabi_idiv0)
c:/ac6/systemworkbench/plugins/fr.ac6.mcu.externaltools.arm-none.win32_1.17.0.201812190825/tools/compiler/bin/../lib/gcc/arm-none-eabi/7.3.1/thumb/v6-m\libgcc.a(_arm_cmpdf2.o)
                              system/gps.o (__aeabi_dcmpeq)
c:/ac6/systemworkbench/plugins/fr.ac6.mcu.externaltools.arm-none.win32_1.17.0.201812190825/tools/compiler/bin/../lib/gcc/arm-none-eabi/7.3.1/thumb/v6-m\libgcc.a(_arm_cmpsf2.o)
                              boards/m2m-76-impulse-counter/rtc-board.o (__aeabi_fcmplt)
c:/ac6/systemworkbench/plugins/fr.ac6.mcu.externaltools.arm-none.win32_1.17.0.201812190825/tools/compiler/bin/../lib/gcc/arm-none-eabi/7.3.1/thumb/v6-m\libgcc.a(_aeabi_ldivmod.o)
                              boards/m2m-76-impulse-counter/rtc-board.o (__aeabi_ldivmod)
c:/ac6/systemworkbench/plugins/fr.ac6.mcu.externaltools.arm-none.win32_1.17.0.201812190825/tools/compiler/bin/../lib/gcc/arm-none-eabi/7.3.1/thumb/v6-m\libgcc.a(_aeabi_uldivmod.o)
                              boards/m2m-76-impulse-counter/rtc-board.o (__aeabi_uldivmod)
c:/ac6/systemworkbench/plugins/fr.ac6.mcu.externaltools.arm-none.win32_1.17.0.201812190825/tools/compiler/bin/../lib/gcc/arm-none-eabi/7.3.1/thumb/v6-m\libgcc.a(_fixunssfsi.o)
                              boards/m2m-76-impulse-counter/rtc-board.o (__aeabi_f2uiz)
c:/ac6/systemworkbench/plugins/fr.ac6.mcu.externaltools.arm-none.win32_1.17.0.201812190825/tools/compiler/bin/../lib/gcc/arm-none-eabi/7.3.1/thumb/v6-m\libgcc.a(_udivmoddi4.o)
                              c:/ac6/systemworkbench/plugins/fr.ac6.mcu.externaltools.arm-none.win32_1.17.0.201812190825/tools/compiler/bin/../lib/gcc/arm-none-eabi/7.3.1/thumb/v6-m\libgcc.a(_aeabi_uldivmod.o) (__udivmoddi4)
c:/ac6/systemworkbench/plugins/fr.ac6.mcu.externaltools.arm-none.win32_1.17.0.201812190825/tools/compiler/bin/../lib/gcc/arm-none-eabi/7.3.1/thumb/v6-m\libgcc.a(bpabi.o)
                              c:/ac6/systemworkbench/plugins/fr.ac6.mcu.externaltools.arm-none.win32_1.17.0.201812190825/tools/compiler/bin/../lib/gcc/arm-none-eabi/7.3.1/thumb/v6-m\libgcc.a(_aeabi_ldivmod.o) (__gnu_ldivmod_helper)
c:/ac6/systemworkbench/plugins/fr.ac6.mcu.externaltools.arm-none.win32_1.17.0.201812190825/tools/compiler/bin/../lib/gcc/arm-none-eabi/7.3.1/thumb/v6-m\libgcc.a(addsf3.o)
                              boards/m2m-76-impulse-counter/rtc-board.o (__aeabi_fadd)
c:/ac6/systemworkbench/plugins/fr.ac6.mcu.externaltools.arm-none.win32_1.17.0.201812190825/tools/compiler/bin/../lib/gcc/arm-none-eabi/7.3.1/thumb/v6-m\libgcc.a(divsf3.o)
                              boards/m2m-76-impulse-counter/rtc-board.o (__aeabi_fdiv)
c:/ac6/systemworkbench/plugins/fr.ac6.mcu.externaltools.arm-none.win32_1.17.0.201812190825/tools/compiler/bin/../lib/gcc/arm-none-eabi/7.3.1/thumb/v6-m\libgcc.a(eqsf2.o)
                              c:/ac6/systemworkbench/plugins/fr.ac6.mcu.externaltools.arm-none.win32_1.17.0.201812190825/tools/compiler/bin/../lib/gcc/arm-none-eabi/7.3.1/thumb/v6-m\libgcc.a(_arm_cmpsf2.o) (__eqsf2)
c:/ac6/systemworkbench/plugins/fr.ac6.mcu.externaltools.arm-none.win32_1.17.0.201812190825/tools/compiler/bin/../lib/gcc/arm-none-eabi/7.3.1/thumb/v6-m\libgcc.a(gesf2.o)
                              c:/ac6/systemworkbench/plugins/fr.ac6.mcu.externaltools.arm-none.win32_1.17.0.201812190825/tools/compiler/bin/../lib/gcc/arm-none-eabi/7.3.1/thumb/v6-m\libgcc.a(_arm_cmpsf2.o) (__gesf2)
[...]
Memory Configuration

Name             Origin             Length             Attributes
RAM              0x20000000         0x00005000         xrw
ROM              0x08000000         0x00006000         xr
*default*        0x00000000         0xffffffff

Linker script and memory map

LOAD c:/ac6/systemworkbench/plugins/fr.ac6.mcu.externaltools.arm-none.win32_1.17.0.201812190825/tools/compiler/bin/../lib/gcc/arm-none-eabi/7.3.1/thumb/v6-m/crti.o
LOAD c:/ac6/systemworkbench/plugins/fr.ac6.mcu.externaltools.arm-none.win32_1.17.0.201812190825/tools/compiler/bin/../lib/gcc/arm-none-eabi/7.3.1/thumb/v6-m/crtbegin.o
LOAD c:/ac6/systemworkbench/plugins/fr.ac6.mcu.externaltools.arm-none.win32_1.17.0.201812190825/tools/compiler/bin/../lib/gcc/arm-none-eabi/7.3.1/../../../../arm-none-eabi/lib/thumb/v6-m/crt0.o
LOAD boards/m2m-76-impulse-counter/adc-board.o
LOAD boards/m2m-76-impulse-counter/ade7953.o
LOAD boards/m2m-76-impulse-counter/board.o
LOAD boards/m2m-76-impulse-counter/delay-board.o
LOAD boards/m2m-76-impulse-counter/eeprom-board.o
LOAD boards/m2m-76-impulse-counter/gpio-board.o
LOAD boards/m2m-76-impulse-counter/lpm-board.o
LOAD boards/m2m-76-impulse-counter/rtc-board.o
LOAD boards/m2m-76-impulse-counter/spi-board.o
LOAD boards/m2m-76-impulse-counter/sx1276mb1las-board.o
LOAD boards/m2m-76-impulse-counter/uart-board.o
LOAD boards/m2m-76-impulse-counter/cmsis/system_stm32l0xx.o
LOAD boards/mcu/stm32/STM32L0xx_HAL_Driver/Src/stm32l0xx_hal.o
LOAD boards/mcu/stm32/STM32L0xx_HAL_Driver/Src/stm32l0xx_hal_adc.o
LOAD boards/mcu/stm32/STM32L0xx_HAL_Driver/Src/stm32l0xx_hal_adc_ex.o
LOAD boards/mcu/stm32/STM32L0xx_HAL_Driver/Src/stm32l0xx_hal_cortex.o
LOAD boards/mcu/stm32/STM32L0xx_HAL_Driver/Src/stm32l0xx_hal_dma.o
LOAD boards/mcu/stm32/STM32L0xx_HAL_Driver/Src/stm32l0xx_hal_flash.o
LOAD boards/mcu/stm32/STM32L0xx_HAL_Driver/Src/stm32l0xx_hal_flash_ex.o
LOAD boards/mcu/stm32/STM32L0xx_HAL_Driver/Src/stm32l0xx_hal_flash_ramfunc.o
LOAD boards/mcu/stm32/STM32L0xx_HAL_Driver/Src/stm32l0xx_hal_gpio.o
LOAD boards/mcu/stm32/STM32L0xx_HAL_Driver/Src/stm32l0xx_hal_i2c.o
LOAD boards/mcu/stm32/STM32L0xx_HAL_Driver/Src/stm32l0xx_hal_i2c_ex.o
LOAD boards/mcu/stm32/STM32L0xx_HAL_Driver/Src/stm32l0xx_hal_i2s.o
LOAD boards/mcu/stm32/STM32L0xx_HAL_Driver/Src/stm32l0xx_hal_pwr.o
LOAD boards/mcu/stm32/STM32L0xx_HAL_Driver/Src/stm32l0xx_hal_pwr_ex.o
LOAD boards/mcu/stm32/STM32L0xx_HAL_Driver/Src/stm32l0xx_hal_rcc.o
LOAD boards/mcu/stm32/STM32L0xx_HAL_Driver/Src/stm32l0xx_hal_rcc_ex.o
LOAD boards/mcu/stm32/STM32L0xx_HAL_Driver/Src/stm32l0xx_hal_rtc.o
LOAD boards/mcu/stm32/STM32L0xx_HAL_Driver/Src/stm32l0xx_hal_rtc_ex.o
LOAD boards/mcu/stm32/STM32L0xx_HAL_Driver/Src/stm32l0xx_hal_smartcard.o
LOAD boards/mcu/stm32/STM32L0xx_HAL_Driver/Src/stm32l0xx_hal_spi.o
LOAD boards/mcu/stm32/STM32L0xx_HAL_Driver/Src/stm32l0xx_hal_tim.o
LOAD boards/mcu/stm32/STM32L0xx_HAL_Driver/Src/stm32l0xx_hal_tim_ex.o
LOAD boards/mcu/stm32/STM32L0xx_HAL_Driver/Src/stm32l0xx_hal_uart.o
LOAD boards/mcu/stm32/STM32L0xx_HAL_Driver/Src/stm32l0xx_hal_uart_ex.o
LOAD boards/mcu/stm32/STM32L0xx_HAL_Driver/Src/stm32l0xx_hal_usart.o
LOAD boards/mcu/stm32/STM32L0xx_HAL_Driver/Src/stm32l0xx_hal_wwdg.o
LOAD boards/mcu/stm32/STM32L0xx_HAL_Driver/Src/stm32l0xx_ll_gpio.o
LOAD boards/mcu/stm32/STM32L0xx_HAL_Driver/Src/stm32l0xx_ll_lptim.o
LOAD boards/mcu/stm32/STM32L0xx_HAL_Driver/Src/stm32l0xx_ll_rcc.o
LOAD boards/mcu/stm32/STM32L0xx_HAL_Driver/Src/stm32l0xx_ll_spi.o
LOAD boards/mcu/stm32/STM32L0xx_HAL_Driver/Src/stm32l0xx_ll_usart.o
LOAD boards/mcu/stm32/sysIrqHandlers.o
LOAD boards/mcu/utilities.o
LOAD src/main.o
LOAD src/version.o
LOAD startup/startup_stm32.o
LOAD startup/sysmem.o
LOAD system/adc.o
LOAD system/delay.o
LOAD system/eeprom.o
LOAD system/fifo.o
LOAD system/gpio.o
LOAD system/gps.o
LOAD system/i2c.o
LOAD system/nvmm.o
LOAD system/systime.o
LOAD system/timer.o
LOAD system/uart.o
LOAD c:/ac6/systemworkbench/plugins/fr.ac6.mcu.externaltools.arm-none.win32_1.17.0.201812190825/tools/compiler/bin/../lib/gcc/arm-none-eabi/7.3.1/../../../../arm-none-eabi/lib/thumb/v6-m\libm.a
START GROUP
LOAD c:/ac6/systemworkbench/plugins/fr.ac6.mcu.externaltools.arm-none.win32_1.17.0.201812190825/tools/compiler/bin/../lib/gcc/arm-none-eabi/7.3.1/thumb/v6-m\libgcc.a
LOAD c:/ac6/systemworkbench/plugins/fr.ac6.mcu.externaltools.arm-none.win32_1.17.0.201812190825/tools/compiler/bin/../lib/gcc/arm-none-eabi/7.3.1/../../../../arm-none-eabi/lib/thumb/v6-m\libc.a
END GROUP
START GROUP
LOAD c:/ac6/systemworkbench/plugins/fr.ac6.mcu.externaltools.arm-none.win32_1.17.0.201812190825/tools/compiler/bin/../lib/gcc/arm-none-eabi/7.3.1/thumb/v6-m\libgcc.a
LOAD c:/ac6/systemworkbench/plugins/fr.ac6.mcu.externaltools.arm-none.win32_1.17.0.201812190825/tools/compiler/bin/../lib/gcc/arm-none-eabi/7.3.1/../../../../arm-none-eabi/lib/thumb/v6-m\libc.a
LOAD c:/ac6/systemworkbench/plugins/fr.ac6.mcu.externaltools.arm-none.win32_1.17.0.201812190825/tools/compiler/bin/../lib/gcc/arm-none-eabi/7.3.1/../../../../arm-none-eabi/lib/thumb/v6-m\libnosys.a
END GROUP
LOAD c:/ac6/systemworkbench/plugins/fr.ac6.mcu.externaltools.arm-none.win32_1.17.0.201812190825/tools/compiler/bin/../lib/gcc/arm-none-eabi/7.3.1/thumb/v6-m/crtend.o
LOAD c:/ac6/systemworkbench/plugins/fr.ac6.mcu.externaltools.arm-none.win32_1.17.0.201812190825/tools/compiler/bin/../lib/gcc/arm-none-eabi/7.3.1/thumb/v6-m/crtn.o
                0x20005000                _estack = 0x20005000
                0x00000000                _Min_Heap_Size = 0x0
                0x00000400                _Min_Stack_Size = 0x400

.isr_vector     0x08000000       0xb8
                0x08000000                . = ALIGN (0x4)
 *(.isr_vector)
 .isr_vector    0x08000000       0xb8 startup/startup_stm32.o
                0x08000000                g_pfnVectors
                0x080000b8                . = ALIGN (0x4)

.version        0x080000b8       0x10
                0x080000b8                . = ALIGN (0x4)
 *(.version)
 .version       0x080000b8       0x10 src/version.o
                0x080000b8                __ver_struct
                0x080000c8                . = ALIGN (0x4)

.text           0x080000c8     0x4380
                0x080000c8                . = ALIGN (0x4)
 *(.text)
 .text          0x080000c8       0x48 c:/ac6/systemworkbench/plugins/fr.ac6.mcu.externaltools.arm-none.win32_1.17.0.201812190825/tools/compiler/bin/../lib/gcc/arm-none-eabi/7.3.1/thumb/v6-m/crtbegin.o
 .text          0x08000110       0x14 c:/ac6/systemworkbench/plugins/fr.ac6.mcu.externaltools.arm-none.win32_1.17.0.201812190825/tools/compiler/bin/../lib/gcc/arm-none-eabi/7.3.1/thumb/v6-m\libgcc.a(_thumb1_case_uqi.o)
                0x08000110                __gnu_thumb1_case_uqi
 .text          0x08000124      0x114 c:/ac6/systemworkbench/plugins/fr.ac6.mcu.externaltools.arm-none.win32_1.17.0.201812190825/tools/compiler/bin/../lib/gcc/arm-none-eabi/7.3.1/thumb/v6-m\libgcc.a(_udivsi3.o)
                0x08000124                __aeabi_uidiv
                0x08000124                __udivsi3
                0x08000230                __aeabi_uidivmod
 .text          0x08000238      0x1d4 c:/ac6/systemworkbench/plugins/fr.ac6.mcu.externaltools.arm-none.win32_1.17.0.201812190825/tools/compiler/bin/../lib/gcc/arm-none-eabi/7.3.1/thumb/v6-m\libgcc.a(_divsi3.o)
                0x08000238                __divsi3
                0x08000238                __aeabi_idiv
                0x08000404                __aeabi_idivmod
 .text          0x0800040c        0x4 c:/ac6/systemworkbench/plugins/fr.ac6.mcu.externaltools.arm-none.win32_1.17.0.201812190825/tools/compiler/bin/../lib/gcc/arm-none-eabi/7.3.1/thumb/v6-m\libgcc.a(_dvmd_tls.o)
                0x0800040c                __aeabi_idiv0
                0x0800040c                __aeabi_ldiv0
 .text          0x08000410       0x40 c:/ac6/systemworkbench/plugins/fr.ac6.mcu.externaltools.arm-none.win32_1.17.0.201812190825/tools/compiler/bin/../lib/gcc/arm-none-eabi/7.3.1/thumb/v6-m\libgcc.a(_aeabi_uldivmod.o)
                0x08000410                __aeabi_uldivmod
 .text          0x08000450      0x184 c:/ac6/systemworkbench/plugins/fr.ac6.mcu.externaltools.arm-none.win32_1.17.0.201812190825/tools/compiler/bin/../lib/gcc/arm-none-eabi/7.3.1/thumb/v6-m\libgcc.a(_udivmoddi4.o)
                0x08000450                __udivmoddi4
 .text          0x080005d4       0x3c c:/ac6/systemworkbench/plugins/fr.ac6.mcu.externaltools.arm-none.win32_1.17.0.201812190825/tools/compiler/bin/../lib/gcc/arm-none-eabi/7.3.1/thumb/v6-m\libgcc.a(_clzsi2.o)
                0x080005d4                __clzsi2
 .text          0x08000610       0x18 c:/ac6/systemworkbench/plugins/fr.ac6.mcu.externaltools.arm-none.win32_1.17.0.201812190825/tools/compiler/bin/../lib/gcc/arm-none-eabi/7.3.1/thumb/v6-m\libgcc.a(_clzdi2.o)
                0x08000610                __clzdi2
 *(.text*)
 .text.OnCalibrateSystemWakeupTimeTimerEvent
                0x08000628       0x14 boards/m2m-76-impulse-counter/board.o
 .text.BoardCriticalSectionBegin
                0x0800063c        0xa boards/m2m-76-impulse-counter/board.o
                0x0800063c                BoardCriticalSectionBegin
 .text.BoardCriticalSectionEnd
                0x08000646        0x8 boards/m2m-76-impulse-counter/board.o
                0x08000646                BoardCriticalSectionEnd
 .text.BoardInitPeriph
                0x0800064e        0x2 boards/m2m-76-impulse-counter/board.o
                0x0800064e                BoardInitPeriph
 .text.BoardResetMcu
                0x08000650       0x24 boards/m2m-76-impulse-counter/board.o
                0x08000650                BoardResetMcu
 .text.SysTick_Handler
                0x08000674        0xc boards/m2m-76-impulse-counter/board.o
                0x08000674                SysTick_Handler
 .text.GetBoardPowerSource
                0x08000680       0x10 boards/m2m-76-impulse-counter/board.o
                0x08000680                GetBoardPowerSource
 .text.BoardInitMcu
                0x08000690      0x1a0 boards/m2m-76-impulse-counter/board.o
                0x08000690                BoardInitMcu
 .text._write   0x08000830       0x1a boards/m2m-76-impulse-counter/board.o
                0x08000830                _write
 .text._read    0x0800084a        0x4 boards/m2m-76-impulse-counter/board.o
                0x0800084a                _read
 .text.GpioMcuWrite
                0x0800084e       0x1a boards/m2m-76-impulse-counter/gpio-board.o
                0x0800084e                GpioMcuWrite
 .text.GpioMcuInit
                0x08000868      0x100 boards/m2m-76-impulse-counter/gpio-board.o
                0x08000868                GpioMcuInit
 .text.EXTI0_1_IRQHandler
                0x08000968       0x10 boards/m2m-76-impulse-counter/gpio-board.o
                0x08000968                EXTI0_1_IRQHandler
 .text.EXTI2_3_IRQHandler
                0x08000978       0x10 boards/m2m-76-impulse-counter/gpio-board.o
                0x08000978                EXTI2_3_IRQHandler
 .text.EXTI4_15_IRQHandler
                0x08000988       0x5c boards/m2m-76-impulse-counter/gpio-board.o
                0x08000988                EXTI4_15_IRQHandler
 .text.HAL_GPIO_EXTI_Callback
                0x080009e4       0x30 boards/m2m-76-impulse-counter/gpio-board.o
                0x080009e4                HAL_GPIO_EXTI_Callback
 .text.LpmSetOffMode
                0x08000a14       0x34 boards/m2m-76-impulse-counter/lpm-board.o
                0x08000a14                LpmSetOffMode
 .text.LpmSetStopMode
                0x08000a48       0x34 boards/m2m-76-impulse-counter/lpm-board.o
                0x08000a48                LpmSetStopMode
 .text.LpmGetMode
                0x08000a7c       0x28 boards/m2m-76-impulse-counter/lpm-board.o
                0x08000a7c                LpmGetMode
 .text.RtcGetCalendarValue
                0x08000aa4       0xb0 boards/m2m-76-impulse-counter/rtc-board.o
 .text.RtcSetTimerContext
                0x08000b54       0x18 boards/m2m-76-impulse-counter/rtc-board.o
                0x08000b54                RtcSetTimerContext
 .text.RtcInit  0x08000b6c       0x98 boards/m2m-76-impulse-counter/rtc-board.o
                0x08000b6c                RtcInit
 .text.RtcGetTimerContext
                0x08000c04        0xc boards/m2m-76-impulse-counter/rtc-board.o
                0x08000c04                RtcGetTimerContext
 .text.RtcGetMinimumTimeout
                0x08000c10        0x4 boards/m2m-76-impulse-counter/rtc-board.o
                0x08000c10                RtcGetMinimumTimeout
 .text.RtcMs2Tick
                0x08000c14       0x10 boards/m2m-76-impulse-counter/rtc-board.o
                0x08000c14                RtcMs2Tick
 .text.RtcStopAlarm
                0x08000c24       0x30 boards/m2m-76-impulse-counter/rtc-board.o
                0x08000c24                RtcStopAlarm
 .text.RtcStartAlarm
                0x08000c54      0x13c boards/m2m-76-impulse-counter/rtc-board.o
                0x08000c54                RtcStartAlarm
 .text.RtcGetTimerElapsedTime
                0x08000d90       0x18 boards/m2m-76-impulse-counter/rtc-board.o
                0x08000d90                RtcGetTimerElapsedTime
 .text.RtcSetAlarm
                0x08000da8       0x4c boards/m2m-76-impulse-counter/rtc-board.o
                0x08000da8                RtcSetAlarm
 .text.RtcSetMcuWakeUpTime
                0x08000df4       0x78 boards/m2m-76-impulse-counter/rtc-board.o
                0x08000df4                RtcSetMcuWakeUpTime
 .text.RTC_IRQHandler
                0x08000e6c       0x40 boards/m2m-76-impulse-counter/rtc-board.o
                0x08000e6c                RTC_IRQHandler
 .text.Board_LL_Usart2_Config
                0x08000eac       0xec boards/m2m-76-impulse-counter/uart-board.o
                0x08000eac                Board_LL_Usart2_Config
 .text.Board_LL_Usart2_Init
                0x08000f98       0x70 boards/m2m-76-impulse-counter/uart-board.o
                0x08000f98                Board_LL_Usart2_Init
 .text.USART2_sendChar
                0x08001008       0x14 boards/m2m-76-impulse-counter/uart-board.o
                0x08001008                USART2_sendChar
 .text.USART2_IRQHandler
                0x0800101c       0x10 boards/m2m-76-impulse-counter/uart-board.o
                0x0800101c                USART2_IRQHandler
 .text.SystemInit
                0x0800102c       0x5c boards/m2m-76-impulse-counter/cmsis/system_stm32l0xx.o
                0x0800102c                SystemInit
 .text.HAL_MspInit
                0x08001088        0x2 boards/mcu/stm32/STM32L0xx_HAL_Driver/Src/stm32l0xx_hal.o
                0x08001088                HAL_MspInit
 *fill*         0x0800108a        0x2 
 .text.HAL_InitTick
                0x0800108c       0x28 boards/mcu/stm32/STM32L0xx_HAL_Driver/Src/stm32l0xx_hal.o
                0x0800108c                HAL_InitTick
 .text.HAL_Init
                0x080010b4       0x20 boards/mcu/stm32/STM32L0xx_HAL_Driver/Src/stm32l0xx_hal.o
                0x080010b4                HAL_Init
 .text.HAL_IncTick
                0x080010d4       0x10 boards/mcu/stm32/STM32L0xx_HAL_Driver/Src/stm32l0xx_hal.o
                0x080010d4                HAL_IncTick
 .text.HAL_GetTick
                0x080010e4        0xc boards/mcu/stm32/STM32L0xx_HAL_Driver/Src/stm32l0xx_hal.o
                0x080010e4                HAL_GetTick
 .text.HAL_DBGMCU_EnableDBGSleepMode
                0x080010f0       0x10 boards/mcu/stm32/STM32L0xx_HAL_Driver/Src/stm32l0xx_hal.o
                0x080010f0                HAL_DBGMCU_EnableDBGSleepMode
 .text.HAL_DBGMCU_EnableDBGStopMode
                0x08001100       0x10 boards/mcu/stm32/STM32L0xx_HAL_Driver/Src/stm32l0xx_hal.o
                0x08001100                HAL_DBGMCU_EnableDBGStopMode
 .text.HAL_DBGMCU_EnableDBGStandbyMode
                0x08001110       0x10 boards/mcu/stm32/STM32L0xx_HAL_Driver/Src/stm32l0xx_hal.o
                0x08001110                HAL_DBGMCU_EnableDBGStandbyMode
 .text.HAL_NVIC_SetPriority
                0x08001120       0x54 boards/mcu/stm32/STM32L0xx_HAL_Driver/Src/stm32l0xx_hal_cortex.o
                0x08001120                HAL_NVIC_SetPriority
 .text.HAL_NVIC_EnableIRQ
                0x08001174       0x14 boards/mcu/stm32/STM32L0xx_HAL_Driver/Src/stm32l0xx_hal_cortex.o
                0x08001174                HAL_NVIC_EnableIRQ
 .text.HAL_SYSTICK_Config
                0x08001188       0x34 boards/mcu/stm32/STM32L0xx_HAL_Driver/Src/stm32l0xx_hal_cortex.o
                0x08001188                HAL_SYSTICK_Config
 .text.HAL_NVIC_GetPendingIRQ
                0x080011bc       0x18 boards/mcu/stm32/STM32L0xx_HAL_Driver/Src/stm32l0xx_hal_cortex.o
                0x080011bc                HAL_NVIC_GetPendingIRQ
 .text.HAL_SYSTICK_CLKSourceConfig
                0x080011d4       0x1c boards/mcu/stm32/STM32L0xx_HAL_Driver/Src/stm32l0xx_hal_cortex.o
                0x080011d4                HAL_SYSTICK_CLKSourceConfig
 .text.HAL_SYSTICK_Callback
                0x080011f0        0x2 boards/mcu/stm32/STM32L0xx_HAL_Driver/Src/stm32l0xx_hal_cortex.o
                0x080011f0                HAL_SYSTICK_Callback
 .text.HAL_SYSTICK_IRQHandler
                0x080011f2        0x8 boards/mcu/stm32/STM32L0xx_HAL_Driver/Src/stm32l0xx_hal_cortex.o
                0x080011f2                HAL_SYSTICK_IRQHandler
 *fill*         0x080011fa        0x2 
 .text.HAL_GPIO_Init
                0x080011fc      0x174 boards/mcu/stm32/STM32L0xx_HAL_Driver/Src/stm32l0xx_hal_gpio.o
                0x080011fc                HAL_GPIO_Init
 .text.HAL_GPIO_WritePin
                0x08001370        0xc boards/mcu/stm32/STM32L0xx_HAL_Driver/Src/stm32l0xx_hal_gpio.o
                0x08001370                HAL_GPIO_WritePin
 .text.HAL_GPIO_EXTI_IRQHandler
                0x0800137c       0x18 boards/mcu/stm32/STM32L0xx_HAL_Driver/Src/stm32l0xx_hal_gpio.o
                0x0800137c                HAL_GPIO_EXTI_IRQHandler
 .text.RCC_SetFlashLatencyFromMSIRange
                0x08001394       0x70 boards/mcu/stm32/STM32L0xx_HAL_Driver/Src/stm32l0xx_hal_rcc.o
 .text.HAL_RCC_OscConfig
                0x08001404      0x464 boards/mcu/stm32/STM32L0xx_HAL_Driver/Src/stm32l0xx_hal_rcc.o
                0x08001404                HAL_RCC_OscConfig
 .text.HAL_RCC_GetSysClockFreq
                0x08001868       0x80 boards/mcu/stm32/STM32L0xx_HAL_Driver/Src/stm32l0xx_hal_rcc.o
                0x08001868                HAL_RCC_GetSysClockFreq
 .text.HAL_RCC_ClockConfig
                0x080018e8      0x170 boards/mcu/stm32/STM32L0xx_HAL_Driver/Src/stm32l0xx_hal_rcc.o
                0x080018e8                HAL_RCC_ClockConfig
 .text.HAL_RCC_GetHCLKFreq
                0x08001a58        0xc boards/mcu/stm32/STM32L0xx_HAL_Driver/Src/stm32l0xx_hal_rcc.o
                0x08001a58                HAL_RCC_GetHCLKFreq
 .text.HAL_RCCEx_PeriphCLKConfig
                0x08001a64      0x19c boards/mcu/stm32/STM32L0xx_HAL_Driver/Src/stm32l0xx_hal_rcc_ex.o
                0x08001a64                HAL_RCCEx_PeriphCLKConfig
 .text.HAL_RTC_MspInit
                0x08001c00        0x2 boards/mcu/stm32/STM32L0xx_HAL_Driver/Src/stm32l0xx_hal_rtc.o
                0x08001c00                HAL_RTC_MspInit
 *fill*         0x08001c02        0x2 
 .text.HAL_RTC_DeactivateAlarm
                0x08001c04       0xc0 boards/mcu/stm32/STM32L0xx_HAL_Driver/Src/stm32l0xx_hal_rtc.o
                0x08001c04                HAL_RTC_DeactivateAlarm
 .text.HAL_RTC_WaitForSynchro
                0x08001cc4       0x34 boards/mcu/stm32/STM32L0xx_HAL_Driver/Src/stm32l0xx_hal_rtc.o
                0x08001cc4                HAL_RTC_WaitForSynchro
 .text.RTC_EnterInitMode
                0x08001cf8       0x38 boards/mcu/stm32/STM32L0xx_HAL_Driver/Src/stm32l0xx_hal_rtc.o
                0x08001cf8                RTC_EnterInitMode
 .text.HAL_RTC_Init
                0x08001d30       0x94 boards/mcu/stm32/STM32L0xx_HAL_Driver/Src/stm32l0xx_hal_rtc.o
                0x08001d30                HAL_RTC_Init
 .text.RTC_ByteToBcd2
                0x08001dc4       0x16 boards/mcu/stm32/STM32L0xx_HAL_Driver/Src/stm32l0xx_hal_rtc.o
                0x08001dc4                RTC_ByteToBcd2
 *fill*         0x08001dda        0x2 
 .text.HAL_RTC_SetTime
                0x08001ddc      0x100 boards/mcu/stm32/STM32L0xx_HAL_Driver/Src/stm32l0xx_hal_rtc.o
                0x08001ddc                HAL_RTC_SetTime
 .text.HAL_RTC_SetDate
                0x08001edc       0xd8 boards/mcu/stm32/STM32L0xx_HAL_Driver/Src/stm32l0xx_hal_rtc.o
                0x08001edc                HAL_RTC_SetDate
 .text.HAL_RTC_SetAlarm_IT
                0x08001fb4      0x190 boards/mcu/stm32/STM32L0xx_HAL_Driver/Src/stm32l0xx_hal_rtc.o
                0x08001fb4                HAL_RTC_SetAlarm_IT
 .text.RTC_Bcd2ToByte
                0x08002144       0x10 boards/mcu/stm32/STM32L0xx_HAL_Driver/Src/stm32l0xx_hal_rtc.o
                0x08002144                RTC_Bcd2ToByte
 .text.HAL_RTC_GetTime
                0x08002154       0x54 boards/mcu/stm32/STM32L0xx_HAL_Driver/Src/stm32l0xx_hal_rtc.o
                0x08002154                HAL_RTC_GetTime
 .text.HAL_RTC_GetDate
                0x080021a8       0x44 boards/mcu/stm32/STM32L0xx_HAL_Driver/Src/stm32l0xx_hal_rtc.o
                0x080021a8                HAL_RTC_GetDate
 .text.HAL_RTC_GetAlarm
                0x080021ec       0xc4 boards/mcu/stm32/STM32L0xx_HAL_Driver/Src/stm32l0xx_hal_rtc.o
                0x080021ec                HAL_RTC_GetAlarm
 .text.HAL_RTCEx_EnableBypassShadow
                0x080022b0       0x34 boards/mcu/stm32/STM32L0xx_HAL_Driver/Src/stm32l0xx_hal_rtc_ex.o
                0x080022b0                HAL_RTCEx_EnableBypassShadow
 .text.LL_GPIO_Init
                0x080022e4       0xb8 boards/mcu/stm32/STM32L0xx_HAL_Driver/Src/stm32l0xx_ll_gpio.o
                0x080022e4                LL_GPIO_Init
 .text.LL_GPIO_StructInit
                0x0800239c       0x18 boards/mcu/stm32/STM32L0xx_HAL_Driver/Src/stm32l0xx_ll_gpio.o
                0x0800239c                LL_GPIO_StructInit
 .text.RCC_GetHCLKClockFreq
                0x080023b4       0x18 boards/mcu/stm32/STM32L0xx_HAL_Driver/Src/stm32l0xx_ll_rcc.o
                0x080023b4                RCC_GetHCLKClockFreq
 .text.RCC_GetPCLK1ClockFreq
                0x080023cc       0x18 boards/mcu/stm32/STM32L0xx_HAL_Driver/Src/stm32l0xx_ll_rcc.o
                0x080023cc                RCC_GetPCLK1ClockFreq
 .text.RCC_GetPCLK2ClockFreq
                0x080023e4       0x18 boards/mcu/stm32/STM32L0xx_HAL_Driver/Src/stm32l0xx_ll_rcc.o
                0x080023e4                RCC_GetPCLK2ClockFreq
 .text.RCC_PLL_GetFreqDomain_SYS
                0x080023fc       0x3c boards/mcu/stm32/STM32L0xx_HAL_Driver/Src/stm32l0xx_ll_rcc.o
                0x080023fc                RCC_PLL_GetFreqDomain_SYS
 .text.RCC_GetSystemClockFreq
                0x08002438       0x48 boards/mcu/stm32/STM32L0xx_HAL_Driver/Src/stm32l0xx_ll_rcc.o
                0x08002438                RCC_GetSystemClockFreq
 .text.LL_RCC_GetSystemClocksFreq
                0x08002480       0x20 boards/mcu/stm32/STM32L0xx_HAL_Driver/Src/stm32l0xx_ll_rcc.o
                0x08002480                LL_RCC_GetSystemClocksFreq
 .text.LL_RCC_GetUSARTClockFreq
                0x080024a0       0xa8 boards/mcu/stm32/STM32L0xx_HAL_Driver/Src/stm32l0xx_ll_rcc.o
                0x080024a0                LL_RCC_GetUSARTClockFreq
 .text.LL_USART_Init
                0x08002548       0xc8 boards/mcu/stm32/STM32L0xx_HAL_Driver/Src/stm32l0xx_ll_usart.o
                0x08002548                LL_USART_Init
 .text.NMI_Handler
                0x08002610        0x2 boards/mcu/stm32/sysIrqHandlers.o
                0x08002610                NMI_Handler
 *fill*         0x08002612        0x2 
 .text.startup.main
                0x08002614       0xb0 src/main.o
                0x08002614                main
 .text.Reset_Handler
                0x080026c4       0x50 startup/startup_stm32.o
                0x080026c4                Reset_Handler
 .text.Default_Handler
                0x08002714        0x2 startup/startup_stm32.o
                0x08002714                HardFault_Handler
                0x08002714                TIM6_IRQHandler
                0x08002714                PVD_IRQHandler
                0x08002714                PendSV_Handler
                0x08002714                I2C1_IRQHandler
                0x08002714                USART4_USART5_IRQHandler
                0x08002714                SPI1_IRQHandler
                0x08002714                I2C2_IRQHandler
                0x08002714                TIM3_IRQHandler
                0x08002714                RCC_IRQHandler
                0x08002714                DMA1_Channel1_IRQHandler
                0x08002714                Default_Handler
                0x08002714                TIM22_IRQHandler
                0x08002714                TIM7_IRQHandler
                0x08002714                I2C3_IRQHandler
                0x08002714                SPI2_IRQHandler
                0x08002714                SVC_Handler
                0x08002714                TIM21_IRQHandler
                0x08002714                WWDG_IRQHandler
                0x08002714                TIM2_IRQHandler
                0x08002714                DMA1_Channel2_3_IRQHandler
                0x08002714                ADC_COMP_IRQHandler
                0x08002714                DMA1_Channel4_7_IRQHandler
                0x08002714                FLASH_IRQHandler
                0x08002714                USART1_IRQHandler
                0x08002714                AES_RNG_LPUART1_IRQHandler
                0x08002714                LPTIM1_IRQHandler
 *fill*         0x08002716        0x2 
 .text._sbrk    0x08002718       0x34 startup/sysmem.o
                0x08002718                _sbrk
 .text.GpioInit
                0x0800274c       0x12 system/gpio.o
                0x0800274c                GpioInit
 .text.GpioWrite
                0x0800275e        0x8 system/gpio.o
                0x0800275e                GpioWrite
 .text.TimerSetTimeout
                0x08002766       0x2a system/timer.o
 .text.TimerInsertNewHeadTimer
                0x08002790       0x1c system/timer.o
 .text.TimerInit
                0x080027ac       0x12 system/timer.o
                0x080027ac                TimerInit
 *fill*         0x080027be        0x2 
 .text.TimerStart
                0x080027c0       0x78 system/timer.o
                0x080027c0                TimerStart
 .text.TimerIrqHandler
                0x08002838       0x84 system/timer.o
                0x08002838                TimerIrqHandler
 .text.TimerStop
                0x080028bc       0x5c system/timer.o
                0x080028bc                TimerStop
 .text.TimerSetValue
                0x08002918       0x22 system/timer.o
                0x08002918                TimerSetValue
 *fill*         0x0800293a        0x2 
 .text.__errno  0x0800293c        0xc c:/ac6/systemworkbench/plugins/fr.ac6.mcu.externaltools.arm-none.win32_1.17.0.201812190825/tools/compiler/bin/../lib/gcc/arm-none-eabi/7.3.1/../../../../arm-none-eabi/lib/thumb/v6-m\libc.a(lib_a-errno.o)
                0x0800293c                __errno
 .text.__libc_init_array
                0x08002948       0x48 c:/ac6/systemworkbench/plugins/fr.ac6.mcu.externaltools.arm-none.win32_1.17.0.201812190825/tools/compiler/bin/../lib/gcc/arm-none-eabi/7.3.1/../../../../arm-none-eabi/lib/thumb/v6-m\libc.a(lib_a-init.o)
                0x08002948                __libc_init_array
 .text.memset   0x08002990       0x9c c:/ac6/systemworkbench/plugins/fr.ac6.mcu.externaltools.arm-none.win32_1.17.0.201812190825/tools/compiler/bin/../lib/gcc/arm-none-eabi/7.3.1/../../../../arm-none-eabi/lib/thumb/v6-m\libc.a(lib_a-memset.o)
                0x08002990                memset
 .text._puts_r  0x08002a2c       0xa0 c:/ac6/systemworkbench/plugins/fr.ac6.mcu.externaltools.arm-none.win32_1.17.0.201812190825/tools/compiler/bin/../lib/gcc/arm-none-eabi/7.3.1/../../../../arm-none-eabi/lib/thumb/v6-m\libc.a(lib_a-puts.o)
                0x08002a2c                _puts_r
 .text.puts     0x08002acc       0x14 c:/ac6/systemworkbench/plugins/fr.ac6.mcu.externaltools.arm-none.win32_1.17.0.201812190825/tools/compiler/bin/../lib/gcc/arm-none-eabi/7.3.1/../../../../arm-none-eabi/lib/thumb/v6-m\libc.a(lib_a-puts.o)
                0x08002acc                puts
 .text.strlen   0x08002ae0       0x64 c:/ac6/systemworkbench/plugins/fr.ac6.mcu.externaltools.arm-none.win32_1.17.0.201812190825/tools/compiler/bin/../lib/gcc/arm-none-eabi/7.3.1/../../../../arm-none-eabi/lib/thumb/v6-m\libc.a(lib_a-strlen-stub.o)
                0x08002ae0                strlen
 .text.startup.register_fini
                0x08002b44       0x18 c:/ac6/systemworkbench/plugins/fr.ac6.mcu.externaltools.arm-none.win32_1.17.0.201812190825/tools/compiler/bin/../lib/gcc/arm-none-eabi/7.3.1/../../../../arm-none-eabi/lib/thumb/v6-m\libc.a(lib_a-__call_atexit.o)
 .text.atexit   0x08002b5c       0x10 c:/ac6/systemworkbench/plugins/fr.ac6.mcu.externaltools.arm-none.win32_1.17.0.201812190825/tools/compiler/bin/../lib/gcc/arm-none-eabi/7.3.1/../../../../arm-none-eabi/lib/thumb/v6-m\libc.a(lib_a-atexit.o)
                0x08002b5c                atexit
 .text.std      0x08002b6c       0x50 c:/ac6/systemworkbench/plugins/fr.ac6.mcu.externaltools.arm-none.win32_1.17.0.201812190825/tools/compiler/bin/../lib/gcc/arm-none-eabi/7.3.1/../../../../arm-none-eabi/lib/thumb/v6-m\libc.a(lib_a-findfp.o)
 .text._cleanup_r
                0x08002bbc       0x10 c:/ac6/systemworkbench/plugins/fr.ac6.mcu.externaltools.arm-none.win32_1.17.0.201812190825/tools/compiler/bin/../lib/gcc/arm-none-eabi/7.3.1/../../../../arm-none-eabi/lib/thumb/v6-m\libc.a(lib_a-findfp.o)
                0x08002bbc                _cleanup_r
 .text.__sinit  0x08002bcc       0x60 c:/ac6/systemworkbench/plugins/fr.ac6.mcu.externaltools.arm-none.win32_1.17.0.201812190825/tools/compiler/bin/../lib/gcc/arm-none-eabi/7.3.1/../../../../arm-none-eabi/lib/thumb/v6-m\libc.a(lib_a-findfp.o)
                0x08002bcc                __sinit
 .text.__sfp_lock_acquire
                0x08002c2c       0x10 c:/ac6/systemworkbench/plugins/fr.ac6.mcu.externaltools.arm-none.win32_1.17.0.201812190825/tools/compiler/bin/../lib/gcc/arm-none-eabi/7.3.1/../../../../arm-none-eabi/lib/thumb/v6-m\libc.a(lib_a-findfp.o)
                0x08002c2c                __sfp_lock_acquire
 .text.__sfp_lock_release
                0x08002c3c       0x10 c:/ac6/systemworkbench/plugins/fr.ac6.mcu.externaltools.arm-none.win32_1.17.0.201812190825/tools/compiler/bin/../lib/gcc/arm-none-eabi/7.3.1/../../../../arm-none-eabi/lib/thumb/v6-m\libc.a(lib_a-findfp.o)
                0x08002c3c                __sfp_lock_release
 .text.__libc_fini_array
                0x08002c4c       0x34 c:/ac6/systemworkbench/plugins/fr.ac6.mcu.externaltools.arm-none.win32_1.17.0.201812190825/tools/compiler/bin/../lib/gcc/arm-none-eabi/7.3.1/../../../../arm-none-eabi/lib/thumb/v6-m\libc.a(lib_a-fini.o)
                0x08002c4c                __libc_fini_array
 .text.__sfvwrite_r
                0x08002c80      0x2fc c:/ac6/systemworkbench/plugins/fr.ac6.mcu.externaltools.arm-none.win32_1.17.0.201812190825/tools/compiler/bin/../lib/gcc/arm-none-eabi/7.3.1/../../../../arm-none-eabi/lib/thumb/v6-m\libc.a(lib_a-fvwrite.o)
                0x08002c80                __sfvwrite_r
 .text._fwalk_reent
                0x08002f7c       0x4c c:/ac6/systemworkbench/plugins/fr.ac6.mcu.externaltools.arm-none.win32_1.17.0.201812190825/tools/compiler/bin/../lib/gcc/arm-none-eabi/7.3.1/../../../../arm-none-eabi/lib/thumb/v6-m\libc.a(lib_a-fwalk.o)
                0x08002f7c                _fwalk_reent
 .text.__retarget_lock_init_recursive
                0x08002fc8        0x4 c:/ac6/systemworkbench/plugins/fr.ac6.mcu.externaltools.arm-none.win32_1.17.0.201812190825/tools/compiler/bin/../lib/gcc/arm-none-eabi/7.3.1/../../../../arm-none-eabi/lib/thumb/v6-m\libc.a(lib_a-lock.o)
                0x08002fc8                __retarget_lock_init_recursive
 .text.__retarget_lock_close_recursive
                0x08002fcc        0x4 c:/ac6/systemworkbench/plugins/fr.ac6.mcu.externaltools.arm-none.win32_1.17.0.201812190825/tools/compiler/bin/../lib/gcc/arm-none-eabi/7.3.1/../../../../arm-none-eabi/lib/thumb/v6-m\libc.a(lib_a-lock.o)
                0x08002fcc                __retarget_lock_close_recursive
 .text.__retarget_lock_acquire_recursive
                0x08002fd0        0x4 c:/ac6/systemworkbench/plugins/fr.ac6.mcu.externaltools.arm-none.win32_1.17.0.201812190825/tools/compiler/bin/../lib/gcc/arm-none-eabi/7.3.1/../../../../arm-none-eabi/lib/thumb/v6-m\libc.a(lib_a-lock.o)
                0x08002fd0                __retarget_lock_acquire_recursive
 .text.__retarget_lock_release_recursive
                0x08002fd4        0x4 c:/ac6/systemworkbench/plugins/fr.ac6.mcu.externaltools.arm-none.win32_1.17.0.201812190825/tools/compiler/bin/../lib/gcc/arm-none-eabi/7.3.1/../../../../arm-none-eabi/lib/thumb/v6-m\libc.a(lib_a-lock.o)
                0x08002fd4                __retarget_lock_release_recursive
 .text._malloc_r
                0x08002fd8      0x554 c:/ac6/systemworkbench/plugins/fr.ac6.mcu.externaltools.arm-none.win32_1.17.0.201812190825/tools/compiler/bin/../lib/gcc/arm-none-eabi/7.3.1/../../../../arm-none-eabi/lib/thumb/v6-m\libc.a(lib_a-mallocr.o)
                0x08002fd8                _malloc_r
 .text.memchr   0x0800352c       0x80 c:/ac6/systemworkbench/plugins/fr.ac6.mcu.externaltools.arm-none.win32_1.17.0.201812190825/tools/compiler/bin/../lib/gcc/arm-none-eabi/7.3.1/../../../../arm-none-eabi/lib/thumb/v6-m\libc.a(lib_a-memchr-stub.o)
                0x0800352c                memchr
 .text.memcpy   0x080035ac       0x88 c:/ac6/systemworkbench/plugins/fr.ac6.mcu.externaltools.arm-none.win32_1.17.0.201812190825/tools/compiler/bin/../lib/gcc/arm-none-eabi/7.3.1/../../../../arm-none-eabi/lib/thumb/v6-m\libc.a(lib_a-memcpy-stub.o)
                0x080035ac                memcpy
 .text.memmove  0x08003634       0x9c c:/ac6/systemworkbench/plugins/fr.ac6.mcu.externaltools.arm-none.win32_1.17.0.201812190825/tools/compiler/bin/../lib/gcc/arm-none-eabi/7.3.1/../../../../arm-none-eabi/lib/thumb/v6-m\libc.a(lib_a-memmove.o)
                0x08003634                memmove
 .text.__malloc_lock
                0x080036d0       0x10 c:/ac6/systemworkbench/plugins/fr.ac6.mcu.externaltools.arm-none.win32_1.17.0.201812190825/tools/compiler/bin/../lib/gcc/arm-none-eabi/7.3.1/../../../../arm-none-eabi/lib/thumb/v6-m\libc.a(lib_a-mlock.o)
                0x080036d0                __malloc_lock
 .text.__malloc_unlock
                0x080036e0       0x10 c:/ac6/systemworkbench/plugins/fr.ac6.mcu.externaltools.arm-none.win32_1.17.0.201812190825/tools/compiler/bin/../lib/gcc/arm-none-eabi/7.3.1/../../../../arm-none-eabi/lib/thumb/v6-m\libc.a(lib_a-mlock.o)
                0x080036e0                __malloc_unlock
 .text._realloc_r
                0x080036f0      0x3b0 c:/ac6/systemworkbench/plugins/fr.ac6.mcu.externaltools.arm-none.win32_1.17.0.201812190825/tools/compiler/bin/../lib/gcc/arm-none-eabi/7.3.1/../../../../arm-none-eabi/lib/thumb/v6-m\libc.a(lib_a-reallocr.o)
                0x080036f0                _realloc_r
 .text._sbrk_r  0x08003aa0       0x24 c:/ac6/systemworkbench/plugins/fr.ac6.mcu.externaltools.arm-none.win32_1.17.0.201812190825/tools/compiler/bin/../lib/gcc/arm-none-eabi/7.3.1/../../../../arm-none-eabi/lib/thumb/v6-m\libc.a(lib_a-sbrkr.o)
                0x08003aa0                _sbrk_r
 .text.__sread  0x08003ac4       0x28 c:/ac6/systemworkbench/plugins/fr.ac6.mcu.externaltools.arm-none.win32_1.17.0.201812190825/tools/compiler/bin/../lib/gcc/arm-none-eabi/7.3.1/../../../../arm-none-eabi/lib/thumb/v6-m\libc.a(lib_a-stdio.o)
                0x08003ac4                __sread
 .text.__swrite
                0x08003aec       0x3c c:/ac6/systemworkbench/plugins/fr.ac6.mcu.externaltools.arm-none.win32_1.17.0.201812190825/tools/compiler/bin/../lib/gcc/arm-none-eabi/7.3.1/../../../../arm-none-eabi/lib/thumb/v6-m\libc.a(lib_a-stdio.o)
                0x08003aec                __swrite
 .text.__sseek  0x08003b28       0x2c c:/ac6/systemworkbench/plugins/fr.ac6.mcu.externaltools.arm-none.win32_1.17.0.201812190825/tools/compiler/bin/../lib/gcc/arm-none-eabi/7.3.1/../../../../arm-none-eabi/lib/thumb/v6-m\libc.a(lib_a-stdio.o)
                0x08003b28                __sseek
 .text.__sclose
                0x08003b54        0xc c:/ac6/systemworkbench/plugins/fr.ac6.mcu.externaltools.arm-none.win32_1.17.0.201812190825/tools/compiler/bin/../lib/gcc/arm-none-eabi/7.3.1/../../../../arm-none-eabi/lib/thumb/v6-m\libc.a(lib_a-stdio.o)
                0x08003b54                __sclose
 .text._write_r
                0x08003b60       0x28 c:/ac6/systemworkbench/plugins/fr.ac6.mcu.externaltools.arm-none.win32_1.17.0.201812190825/tools/compiler/bin/../lib/gcc/arm-none-eabi/7.3.1/../../../../arm-none-eabi/lib/thumb/v6-m\libc.a(lib_a-writer.o)
                0x08003b60                _write_r
 .text.__swsetup_r
                0x08003b88       0xd4 c:/ac6/systemworkbench/plugins/fr.ac6.mcu.externaltools.arm-none.win32_1.17.0.201812190825/tools/compiler/bin/../lib/gcc/arm-none-eabi/7.3.1/../../../../arm-none-eabi/lib/thumb/v6-m\libc.a(lib_a-wsetup.o)
                0x08003b88                __swsetup_r
 .text.__register_exitproc
                0x08003c5c       0xf4 c:/ac6/systemworkbench/plugins/fr.ac6.mcu.externaltools.arm-none.win32_1.17.0.201812190825/tools/compiler/bin/../lib/gcc/arm-none-eabi/7.3.1/../../../../arm-none-eabi/lib/thumb/v6-m\libc.a(lib_a-__atexit.o)
                0x08003c5c                __register_exitproc
 .text._close_r
                0x08003d50       0x24 c:/ac6/systemworkbench/plugins/fr.ac6.mcu.externaltools.arm-none.win32_1.17.0.201812190825/tools/compiler/bin/../lib/gcc/arm-none-eabi/7.3.1/../../../../arm-none-eabi/lib/thumb/v6-m\libc.a(lib_a-closer.o)
                0x08003d50                _close_r
 .text._fclose_r
                0x08003d74       0xd8 c:/ac6/systemworkbench/plugins/fr.ac6.mcu.externaltools.arm-none.win32_1.17.0.201812190825/tools/compiler/bin/../lib/gcc/arm-none-eabi/7.3.1/../../../../arm-none-eabi/lib/thumb/v6-m\libc.a(lib_a-fclose.o)
                0x08003d74                _fclose_r
 .text.__sflush_r
                0x08003e4c      0x150 c:/ac6/systemworkbench/plugins/fr.ac6.mcu.externaltools.arm-none.win32_1.17.0.201812190825/tools/compiler/bin/../lib/gcc/arm-none-eabi/7.3.1/../../../../arm-none-eabi/lib/thumb/v6-m\libc.a(lib_a-fflush.o)
                0x08003e4c                __sflush_r
 .text._fflush_r
                0x08003f9c       0x54 c:/ac6/systemworkbench/plugins/fr.ac6.mcu.externaltools.arm-none.win32_1.17.0.201812190825/tools/compiler/bin/../lib/gcc/arm-none-eabi/7.3.1/../../../../arm-none-eabi/lib/thumb/v6-m\libc.a(lib_a-fflush.o)
                0x08003f9c                _fflush_r
 .text._malloc_trim_r
                0x08003ff0       0xa0 c:/ac6/systemworkbench/plugins/fr.ac6.mcu.externaltools.arm-none.win32_1.17.0.201812190825/tools/compiler/bin/../lib/gcc/arm-none-eabi/7.3.1/../../../../arm-none-eabi/lib/thumb/v6-m\libc.a(lib_a-freer.o)
                0x08003ff0                _malloc_trim_r
 .text._free_r  0x08004090      0x1d4 c:/ac6/systemworkbench/plugins/fr.ac6.mcu.externaltools.arm-none.win32_1.17.0.201812190825/tools/compiler/bin/../lib/gcc/arm-none-eabi/7.3.1/../../../../arm-none-eabi/lib/thumb/v6-m\libc.a(lib_a-freer.o)
                0x08004090                _free_r
 .text._lseek_r
                0x08004264       0x28 c:/ac6/systemworkbench/plugins/fr.ac6.mcu.externaltools.arm-none.win32_1.17.0.201812190825/tools/compiler/bin/../lib/gcc/arm-none-eabi/7.3.1/../../../../arm-none-eabi/lib/thumb/v6-m\libc.a(lib_a-lseekr.o)
                0x08004264                _lseek_r
 .text.__swhatbuf_r
                0x0800428c       0x60 c:/ac6/systemworkbench/plugins/fr.ac6.mcu.externaltools.arm-none.win32_1.17.0.201812190825/tools/compiler/bin/../lib/gcc/arm-none-eabi/7.3.1/../../../../arm-none-eabi/lib/thumb/v6-m\libc.a(lib_a-makebuf.o)
                0x0800428c                __swhatbuf_r
 .text.__smakebuf_r
                0x080042ec       0x90 c:/ac6/systemworkbench/plugins/fr.ac6.mcu.externaltools.arm-none.win32_1.17.0.201812190825/tools/compiler/bin/../lib/gcc/arm-none-eabi/7.3.1/../../../../arm-none-eabi/lib/thumb/v6-m\libc.a(lib_a-makebuf.o)
                0x080042ec                __smakebuf_r
 .text._read_r  0x0800437c       0x28 c:/ac6/systemworkbench/plugins/fr.ac6.mcu.externaltools.arm-none.win32_1.17.0.201812190825/tools/compiler/bin/../lib/gcc/arm-none-eabi/7.3.1/../../../../arm-none-eabi/lib/thumb/v6-m\libc.a(lib_a-readr.o)
                0x0800437c                _read_r
 .text._fstat_r
                0x080043a4       0x28 c:/ac6/systemworkbench/plugins/fr.ac6.mcu.externaltools.arm-none.win32_1.17.0.201812190825/tools/compiler/bin/../lib/gcc/arm-none-eabi/7.3.1/../../../../arm-none-eabi/lib/thumb/v6-m\libc.a(lib_a-fstatr.o)
                0x080043a4                _fstat_r
 .text._isatty_r
                0x080043cc       0x24 c:/ac6/systemworkbench/plugins/fr.ac6.mcu.externaltools.arm-none.win32_1.17.0.201812190825/tools/compiler/bin/../lib/gcc/arm-none-eabi/7.3.1/../../../../arm-none-eabi/lib/thumb/v6-m\libc.a(lib_a-isattyr.o)
                0x080043cc                _isatty_r
 .text._close   0x080043f0       0x10 c:/ac6/systemworkbench/plugins/fr.ac6.mcu.externaltools.arm-none.win32_1.17.0.201812190825/tools/compiler/bin/../lib/gcc/arm-none-eabi/7.3.1/../../../../arm-none-eabi/lib/thumb/v6-m\libnosys.a(close.o)
                0x080043f0                _close
 .text._fstat   0x08004400       0x10 c:/ac6/systemworkbench/plugins/fr.ac6.mcu.externaltools.arm-none.win32_1.17.0.201812190825/tools/compiler/bin/../lib/gcc/arm-none-eabi/7.3.1/../../../../arm-none-eabi/lib/thumb/v6-m\libnosys.a(fstat.o)
                0x08004400                _fstat
 .text._isatty  0x08004410       0x10 c:/ac6/systemworkbench/plugins/fr.ac6.mcu.externaltools.arm-none.win32_1.17.0.201812190825/tools/compiler/bin/../lib/gcc/arm-none-eabi/7.3.1/../../../../arm-none-eabi/lib/thumb/v6-m\libnosys.a(isatty.o)
                0x08004410                _isatty
 .text._lseek   0x08004420       0x10 c:/ac6/systemworkbench/plugins/fr.ac6.mcu.externaltools.arm-none.win32_1.17.0.201812190825/tools/compiler/bin/../lib/gcc/arm-none-eabi/7.3.1/../../../../arm-none-eabi/lib/thumb/v6-m\libnosys.a(lseek.o)
                0x08004420                _lseek
 *(.glue_7)
 .glue_7        0x08004430        0x0 linker stubs
 *(.glue_7t)
 .glue_7t       0x08004430        0x0 linker stubs
 *(.eh_frame)
 .eh_frame      0x08004430        0x0 c:/ac6/systemworkbench/plugins/fr.ac6.mcu.externaltools.arm-none.win32_1.17.0.201812190825/tools/compiler/bin/../lib/gcc/arm-none-eabi/7.3.1/thumb/v6-m/crtbegin.o
 *(.init)
 .init          0x08004430        0x4 c:/ac6/systemworkbench/plugins/fr.ac6.mcu.externaltools.arm-none.win32_1.17.0.201812190825/tools/compiler/bin/../lib/gcc/arm-none-eabi/7.3.1/thumb/v6-m/crti.o
                0x08004430                _init
 .init          0x08004434        0x8 c:/ac6/systemworkbench/plugins/fr.ac6.mcu.externaltools.arm-none.win32_1.17.0.201812190825/tools/compiler/bin/../lib/gcc/arm-none-eabi/7.3.1/thumb/v6-m/crtn.o
 *(.fini)
 .fini          0x0800443c        0x4 c:/ac6/systemworkbench/plugins/fr.ac6.mcu.externaltools.arm-none.win32_1.17.0.201812190825/tools/compiler/bin/../lib/gcc/arm-none-eabi/7.3.1/thumb/v6-m/crti.o
                0x0800443c                _fini
 .fini          0x08004440        0x8 c:/ac6/systemworkbench/plugins/fr.ac6.mcu.externaltools.arm-none.win32_1.17.0.201812190825/tools/compiler/bin/../lib/gcc/arm-none-eabi/7.3.1/thumb/v6-m/crtn.o
                0x08004448                . = ALIGN (0x4)
                0x08004448                _etext = .

.vfp11_veneer   0x08004448        0x0
 .vfp11_veneer  0x08004448        0x0 linker stubs

.v4_bx          0x08004448        0x0
 .v4_bx         0x08004448        0x0 linker stubs

.iplt           0x08004448        0x0
 .iplt          0x08004448        0x0 c:/ac6/systemworkbench/plugins/fr.ac6.mcu.externaltools.arm-none.win32_1.17.0.201812190825/tools/compiler/bin/../lib/gcc/arm-none-eabi/7.3.1/thumb/v6-m/crtbegin.o

.rodata         0x08004448       0xec
                0x08004448                . = ALIGN (0x4)
 *(.rodata)
 .rodata        0x08004448       0x18 boards/m2m-76-impulse-counter/rtc-board.o
 .rodata        0x08004460       0x21 boards/m2m-76-impulse-counter/cmsis/system_stm32l0xx.o
                0x08004460                PLLMulTable
                0x08004469                AHBPrescTable
                0x08004479                APBPrescTable
 *fill*         0x08004481        0x3 
 .rodata        0x08004484       0x28 src/main.o
 *(.rodata*)
 .rodata.str1.1
                0x080044ac       0x7e src/main.o
 *fill*         0x0800452a        0x2 
 .rodata._global_impure_ptr
                0x0800452c        0x4 c:/ac6/systemworkbench/plugins/fr.ac6.mcu.externaltools.arm-none.win32_1.17.0.201812190825/tools/compiler/bin/../lib/gcc/arm-none-eabi/7.3.1/../../../../arm-none-eabi/lib/thumb/v6-m\libc.a(lib_a-impure.o)
                0x0800452c                _global_impure_ptr
 .rodata._puts_r.str1.4
                0x08004530        0x4 c:/ac6/systemworkbench/plugins/fr.ac6.mcu.externaltools.arm-none.win32_1.17.0.201812190825/tools/compiler/bin/../lib/gcc/arm-none-eabi/7.3.1/../../../../arm-none-eabi/lib/thumb/v6-m\libc.a(lib_a-puts.o)
                                  0x2 (size before relaxing)
                0x08004534                . = ALIGN (0x4)

.ARM.extab      0x08004534        0x0
                0x08004534                . = ALIGN (0x4)
 *(.ARM.extab* .gnu.linkonce.armextab.*)
                0x08004534                . = ALIGN (0x4)

.ARM            0x08004534        0x8
                0x08004534                . = ALIGN (0x4)
                0x08004534                __exidx_start = .
 *(.ARM.exidx*)
 .ARM.exidx     0x08004534        0x8 c:/ac6/systemworkbench/plugins/fr.ac6.mcu.externaltools.arm-none.win32_1.17.0.201812190825/tools/compiler/bin/../lib/gcc/arm-none-eabi/7.3.1/thumb/v6-m\libgcc.a(_udivmoddi4.o)
                0x0800453c                __exidx_end = .
                0x0800453c                . = ALIGN (0x4)

.rel.dyn        0x0800453c        0x0
 .rel.iplt      0x0800453c        0x0 c:/ac6/systemworkbench/plugins/fr.ac6.mcu.externaltools.arm-none.win32_1.17.0.201812190825/tools/compiler/bin/../lib/gcc/arm-none-eabi/7.3.1/thumb/v6-m/crtbegin.o

.preinit_array  0x0800453c        0x0
                0x0800453c                . = ALIGN (0x4)
                0x0800453c                PROVIDE (__preinit_array_start = .)
 *(.preinit_array*)
                0x0800453c                PROVIDE (__preinit_array_end = .)
                0x0800453c                . = ALIGN (0x4)

.init_array     0x0800453c        0x8
                0x0800453c                . = ALIGN (0x4)
                0x0800453c                PROVIDE (__init_array_start = .)
 *(SORT_BY_NAME(.init_array.*))
 .init_array.00000
                0x0800453c        0x4 c:/ac6/systemworkbench/plugins/fr.ac6.mcu.externaltools.arm-none.win32_1.17.0.201812190825/tools/compiler/bin/../lib/gcc/arm-none-eabi/7.3.1/../../../../arm-none-eabi/lib/thumb/v6-m\libc.a(lib_a-__call_atexit.o)
 *(.init_array*)
 .init_array    0x08004540        0x4 c:/ac6/systemworkbench/plugins/fr.ac6.mcu.externaltools.arm-none.win32_1.17.0.201812190825/tools/compiler/bin/../lib/gcc/arm-none-eabi/7.3.1/thumb/v6-m/crtbegin.o
                0x08004544                PROVIDE (__init_array_end = .)
                0x08004544                . = ALIGN (0x4)

.fini_array     0x08004544        0x4
                0x08004544                . = ALIGN (0x4)
                0x08004544                PROVIDE (__fini_array_start = .)
 *(SORT_BY_NAME(.fini_array.*))
 *(.fini_array*)
 .fini_array    0x08004544        0x4 c:/ac6/systemworkbench/plugins/fr.ac6.mcu.externaltools.arm-none.win32_1.17.0.201812190825/tools/compiler/bin/../lib/gcc/arm-none-eabi/7.3.1/thumb/v6-m/crtbegin.o
                0x08004548                PROVIDE (__fini_array_end = .)
                0x08004548                . = ALIGN (0x4)
                0x08004548                _sidata = LOADADDR (.data)

.data           0x20000000      0x844 load address 0x08004548
                0x20000000                . = ALIGN (0x4)
                0x20000000                _sdata = .
 *(.data)
 .data          0x20000000        0x4 boards/m2m-76-impulse-counter/cmsis/system_stm32l0xx.o
                0x20000000                SystemCoreClock
 *(.data*)
 .data._impure_ptr
                0x20000004        0x4 c:/ac6/systemworkbench/plugins/fr.ac6.mcu.externaltools.arm-none.win32_1.17.0.201812190825/tools/compiler/bin/../lib/gcc/arm-none-eabi/7.3.1/../../../../arm-none-eabi/lib/thumb/v6-m\libc.a(lib_a-impure.o)
                0x20000004                _impure_ptr
 .data.impure_data
                0x20000008      0x428 c:/ac6/systemworkbench/plugins/fr.ac6.mcu.externaltools.arm-none.win32_1.17.0.201812190825/tools/compiler/bin/../lib/gcc/arm-none-eabi/7.3.1/../../../../arm-none-eabi/lib/thumb/v6-m\libc.a(lib_a-impure.o)
 .data.__atexit_recursive_mutex
                0x20000430        0x4 c:/ac6/systemworkbench/plugins/fr.ac6.mcu.externaltools.arm-none.win32_1.17.0.201812190825/tools/compiler/bin/../lib/gcc/arm-none-eabi/7.3.1/../../../../arm-none-eabi/lib/thumb/v6-m\libc.a(lib_a-__call_atexit.o)
                0x20000430                __atexit_recursive_mutex
 .data.__malloc_av_
                0x20000434      0x408 c:/ac6/systemworkbench/plugins/fr.ac6.mcu.externaltools.arm-none.win32_1.17.0.201812190825/tools/compiler/bin/../lib/gcc/arm-none-eabi/7.3.1/../../../../arm-none-eabi/lib/thumb/v6-m\libc.a(lib_a-mallocr.o)
                0x20000434                __malloc_av_
 .data.__malloc_sbrk_base
                0x2000083c        0x4 c:/ac6/systemworkbench/plugins/fr.ac6.mcu.externaltools.arm-none.win32_1.17.0.201812190825/tools/compiler/bin/../lib/gcc/arm-none-eabi/7.3.1/../../../../arm-none-eabi/lib/thumb/v6-m\libc.a(lib_a-mallocr.o)
                0x2000083c                __malloc_sbrk_base
 .data.__malloc_trim_threshold
                0x20000840        0x4 c:/ac6/systemworkbench/plugins/fr.ac6.mcu.externaltools.arm-none.win32_1.17.0.201812190825/tools/compiler/bin/../lib/gcc/arm-none-eabi/7.3.1/../../../../arm-none-eabi/lib/thumb/v6-m\libc.a(lib_a-mallocr.o)
                0x20000840                __malloc_trim_threshold
                0x20000844                . = ALIGN (0x4)
                0x20000844                _edata = .

.igot.plt       0x20000844        0x0 load address 0x08004d8c
 .igot.plt      0x20000844        0x0 c:/ac6/systemworkbench/plugins/fr.ac6.mcu.externaltools.arm-none.win32_1.17.0.201812190825/tools/compiler/bin/../lib/gcc/arm-none-eabi/7.3.1/thumb/v6-m/crtbegin.o
                0x20000844                . = ALIGN (0x4)

.bss            0x20000844      0x1c8 load address 0x08004d8c
                0x20000844                _sbss = .
                0x20000844                __bss_start__ = _sbss
 *(.bss)
 .bss           0x20000844       0x1c c:/ac6/systemworkbench/plugins/fr.ac6.mcu.externaltools.arm-none.win32_1.17.0.201812190825/tools/compiler/bin/../lib/gcc/arm-none-eabi/7.3.1/thumb/v6-m/crtbegin.o
 .bss           0x20000860       0x1c boards/m2m-76-impulse-counter/board.o
 .bss           0x2000087c       0x40 boards/m2m-76-impulse-counter/gpio-board.o
 .bss           0x200008bc        0x8 boards/m2m-76-impulse-counter/lpm-board.o
 .bss           0x200008c4       0x6f boards/m2m-76-impulse-counter/rtc-board.o
 *fill*         0x20000933        0x1 
 .bss           0x20000934        0x4 startup/sysmem.o
 .bss           0x20000938        0x4 system/timer.o
 *(.bss*)
 .bss.__malloc_current_mallinfo
                0x2000093c       0x28 c:/ac6/systemworkbench/plugins/fr.ac6.mcu.externaltools.arm-none.win32_1.17.0.201812190825/tools/compiler/bin/../lib/gcc/arm-none-eabi/7.3.1/../../../../arm-none-eabi/lib/thumb/v6-m\libc.a(lib_a-mallocr.o)
                0x2000093c                __malloc_current_mallinfo
 .bss.__malloc_max_sbrked_mem
                0x20000964        0x4 c:/ac6/systemworkbench/plugins/fr.ac6.mcu.externaltools.arm-none.win32_1.17.0.201812190825/tools/compiler/bin/../lib/gcc/arm-none-eabi/7.3.1/../../../../arm-none-eabi/lib/thumb/v6-m\libc.a(lib_a-mallocr.o)
                0x20000964                __malloc_max_sbrked_mem
 .bss.__malloc_max_total_mem
                0x20000968        0x4 c:/ac6/systemworkbench/plugins/fr.ac6.mcu.externaltools.arm-none.win32_1.17.0.201812190825/tools/compiler/bin/../lib/gcc/arm-none-eabi/7.3.1/../../../../arm-none-eabi/lib/thumb/v6-m\libc.a(lib_a-mallocr.o)
                0x20000968                __malloc_max_total_mem
 .bss.__malloc_top_pad
                0x2000096c        0x4 c:/ac6/systemworkbench/plugins/fr.ac6.mcu.externaltools.arm-none.win32_1.17.0.201812190825/tools/compiler/bin/../lib/gcc/arm-none-eabi/7.3.1/../../../../arm-none-eabi/lib/thumb/v6-m\libc.a(lib_a-mallocr.o)
                0x2000096c                __malloc_top_pad
 *(COMMON)
 COMMON         0x20000970       0x70 boards/m2m-76-impulse-counter/board.o
                0x20000970                Led2
                0x20000984                Uart1
                0x200009cc                Led1
 COMMON         0x200009e0        0x4 boards/mcu/stm32/STM32L0xx_HAL_Driver/Src/stm32l0xx_hal.o
                0x200009e0                uwTick
 COMMON         0x200009e4       0x21 c:/ac6/systemworkbench/plugins/fr.ac6.mcu.externaltools.arm-none.win32_1.17.0.201812190825/tools/compiler/bin/../lib/gcc/arm-none-eabi/7.3.1/../../../../arm-none-eabi/lib/thumb/v6-m\libc.a(lib_a-lock.o)
                0x200009e4                __lock___atexit_recursive_mutex
                0x200009e8                __lock___arc4random_mutex
                0x200009ec                __lock___env_recursive_mutex
                0x200009f0                __lock___sinit_recursive_mutex
                0x200009f4                __lock___malloc_recursive_mutex
                0x200009f8                __lock___at_quick_exit_mutex
                0x200009fc                __lock___dd_hash_mutex
                0x20000a00                __lock___tz_mutex
                0x20000a04                __lock___sfp_recursive_mutex
 *fill*         0x20000a05        0x3 
 COMMON         0x20000a08        0x4 c:/ac6/systemworkbench/plugins/fr.ac6.mcu.externaltools.arm-none.win32_1.17.0.201812190825/tools/compiler/bin/../lib/gcc/arm-none-eabi/7.3.1/../../../../arm-none-eabi/lib/thumb/v6-m\libc.a(lib_a-reent.o)
                0x20000a08                errno
                0x20000a0c                . = ALIGN (0x4)
                0x20000a0c                _ebss = .
                0x20000a0c                __bss_end__ = _ebss

._user_heap_stack
                0x20000a0c      0x404 load address 0x08004d8c
                0x20000a10                . = ALIGN (0x8)
 *fill*         0x20000a0c        0x4 
                0x20000a10                PROVIDE (end = .)
                [!provide]                PROVIDE (_end = .)
                0x20000a10                . = (. + _Min_Heap_Size)
                0x20000e10                . = (. + _Min_Stack_Size)
 *fill*         0x20000a10      0x400 
                0x20000e10                . = ALIGN (0x8)

/DISCARD/
 libc.a(*)
 libm.a(*)
 libgcc.a(*)

.ARM.attributes
                0x00000000       0x28
 *(.ARM.attributes)
 .ARM.attributes
                0x00000000       0x1e c:/ac6/systemworkbench/plugins/fr.ac6.mcu.externaltools.arm-none.win32_1.17.0.201812190825/tools/compiler/bin/../lib/gcc/arm-none-eabi/7.3.1/thumb/v6-m/crti.o
 .ARM.attributes
                0x0000001e       0x2c c:/ac6/systemworkbench/plugins/fr.ac6.mcu.externaltools.arm-none.win32_1.17.0.201812190825/tools/compiler/bin/../lib/gcc/arm-none-eabi/7.3.1/thumb/v6-m/crtbegin.o
 .ARM.attributes
                0x0000004a       0x32 boards/m2m-76-impulse-counter/board.o
 .ARM.attributes
                0x0000007c       0x32 boards/m2m-76-impulse-counter/gpio-board.o
 .ARM.attributes
                0x000000ae       0x32 boards/m2m-76-impulse-counter/lpm-board.o
 .ARM.attributes
                0x000000e0       0x32 boards/m2m-76-impulse-counter/rtc-board.o
 .ARM.attributes
                0x00000112       0x32 boards/m2m-76-impulse-counter/uart-board.o
 .ARM.attributes
                0x00000144       0x32 boards/m2m-76-impulse-counter/cmsis/system_stm32l0xx.o
 .ARM.attributes
                0x00000176       0x32 boards/mcu/stm32/STM32L0xx_HAL_Driver/Src/stm32l0xx_hal.o
 .ARM.attributes
                0x000001a8       0x32 boards/mcu/stm32/STM32L0xx_HAL_Driver/Src/stm32l0xx_hal_cortex.o
 .ARM.attributes
                0x000001da       0x32 boards/mcu/stm32/STM32L0xx_HAL_Driver/Src/stm32l0xx_hal_gpio.o
 .ARM.attributes
                0x0000020c       0x32 boards/mcu/stm32/STM32L0xx_HAL_Driver/Src/stm32l0xx_hal_rcc.o
 .ARM.attributes
                0x0000023e       0x32 boards/mcu/stm32/STM32L0xx_HAL_Driver/Src/stm32l0xx_hal_rcc_ex.o
 .ARM.attributes
                0x00000270       0x32 boards/mcu/stm32/STM32L0xx_HAL_Driver/Src/stm32l0xx_hal_rtc.o
 .ARM.attributes
                0x000002a2       0x32 boards/mcu/stm32/STM32L0xx_HAL_Driver/Src/stm32l0xx_hal_rtc_ex.o
 .ARM.attributes
                0x000002d4       0x32 boards/mcu/stm32/STM32L0xx_HAL_Driver/Src/stm32l0xx_ll_gpio.o
 .ARM.attributes
                0x00000306       0x32 boards/mcu/stm32/STM32L0xx_HAL_Driver/Src/stm32l0xx_ll_rcc.o
 .ARM.attributes
                0x00000338       0x32 boards/mcu/stm32/STM32L0xx_HAL_Driver/Src/stm32l0xx_ll_usart.o
 .ARM.attributes
                0x0000036a       0x32 boards/mcu/stm32/sysIrqHandlers.o
 .ARM.attributes
                0x0000039c       0x32 src/main.o
 .ARM.attributes
                0x000003ce       0x32 src/version.o
 .ARM.attributes
                0x00000400       0x22 startup/startup_stm32.o
 .ARM.attributes
                0x00000422       0x32 startup/sysmem.o
 .ARM.attributes
                0x00000454       0x32 system/gpio.o
 .ARM.attributes
                0x00000486       0x32 system/timer.o
 .ARM.attributes
                0x000004b8       0x1e c:/ac6/systemworkbench/plugins/fr.ac6.mcu.externaltools.arm-none.win32_1.17.0.201812190825/tools/compiler/bin/../lib/gcc/arm-none-eabi/7.3.1/thumb/v6-m\libgcc.a(_thumb1_case_uqi.o)
 .ARM.attributes
                0x000004d6       0x1e c:/ac6/systemworkbench/plugins/fr.ac6.mcu.externaltools.arm-none.win32_1.17.0.201812190825/tools/compiler/bin/../lib/gcc/arm-none-eabi/7.3.1/thumb/v6-m\libgcc.a(_udivsi3.o)
 .ARM.attributes
                0x000004f4       0x1e c:/ac6/systemworkbench/plugins/fr.ac6.mcu.externaltools.arm-none.win32_1.17.0.201812190825/tools/compiler/bin/../lib/gcc/arm-none-eabi/7.3.1/thumb/v6-m\libgcc.a(_divsi3.o)
 .ARM.attributes
                0x00000512       0x1e c:/ac6/systemworkbench/plugins/fr.ac6.mcu.externaltools.arm-none.win32_1.17.0.201812190825/tools/compiler/bin/../lib/gcc/arm-none-eabi/7.3.1/thumb/v6-m\libgcc.a(_dvmd_tls.o)
 .ARM.attributes
                0x00000530       0x1e c:/ac6/systemworkbench/plugins/fr.ac6.mcu.externaltools.arm-none.win32_1.17.0.201812190825/tools/compiler/bin/../lib/gcc/arm-none-eabi/7.3.1/thumb/v6-m\libgcc.a(_aeabi_uldivmod.o)
 .ARM.attributes
                0x0000054e       0x2c c:/ac6/systemworkbench/plugins/fr.ac6.mcu.externaltools.arm-none.win32_1.17.0.201812190825/tools/compiler/bin/../lib/gcc/arm-none-eabi/7.3.1/thumb/v6-m\libgcc.a(_udivmoddi4.o)
 .ARM.attributes
                0x0000057a       0x1e c:/ac6/systemworkbench/plugins/fr.ac6.mcu.externaltools.arm-none.win32_1.17.0.201812190825/tools/compiler/bin/../lib/gcc/arm-none-eabi/7.3.1/thumb/v6-m\libgcc.a(_clzsi2.o)
 .ARM.attributes
                0x00000598       0x1e c:/ac6/systemworkbench/plugins/fr.ac6.mcu.externaltools.arm-none.win32_1.17.0.201812190825/tools/compiler/bin/../lib/gcc/arm-none-eabi/7.3.1/thumb/v6-m\libgcc.a(_clzdi2.o)
 .ARM.attributes
                0x000005b6       0x2c c:/ac6/systemworkbench/plugins/fr.ac6.mcu.externaltools.arm-none.win32_1.17.0.201812190825/tools/compiler/bin/../lib/gcc/arm-none-eabi/7.3.1/../../../../arm-none-eabi/lib/thumb/v6-m\libc.a(lib_a-errno.o)
 .ARM.attributes
                0x000005e2       0x2c c:/ac6/systemworkbench/plugins/fr.ac6.mcu.externaltools.arm-none.win32_1.17.0.201812190825/tools/compiler/bin/../lib/gcc/arm-none-eabi/7.3.1/../../../../arm-none-eabi/lib/thumb/v6-m\libc.a(lib_a-impure.o)
 .ARM.attributes
                0x0000060e       0x2c c:/ac6/systemworkbench/plugins/fr.ac6.mcu.externaltools.arm-none.win32_1.17.0.201812190825/tools/compiler/bin/../lib/gcc/arm-none-eabi/7.3.1/../../../../arm-none-eabi/lib/thumb/v6-m\libc.a(lib_a-init.o)
 .ARM.attributes
                0x0000063a       0x2c c:/ac6/systemworkbench/plugins/fr.ac6.mcu.externaltools.arm-none.win32_1.17.0.201812190825/tools/compiler/bin/../lib/gcc/arm-none-eabi/7.3.1/../../../../arm-none-eabi/lib/thumb/v6-m\libc.a(lib_a-memset.o)
 .ARM.attributes
                0x00000666       0x2c c:/ac6/systemworkbench/plugins/fr.ac6.mcu.externaltools.arm-none.win32_1.17.0.201812190825/tools/compiler/bin/../lib/gcc/arm-none-eabi/7.3.1/../../../../arm-none-eabi/lib/thumb/v6-m\libc.a(lib_a-puts.o)
 .ARM.attributes
                0x00000692       0x2c c:/ac6/systemworkbench/plugins/fr.ac6.mcu.externaltools.arm-none.win32_1.17.0.201812190825/tools/compiler/bin/../lib/gcc/arm-none-eabi/7.3.1/../../../../arm-none-eabi/lib/thumb/v6-m\libc.a(lib_a-strlen-stub.o)
 .ARM.attributes
                0x000006be       0x2c c:/ac6/systemworkbench/plugins/fr.ac6.mcu.externaltools.arm-none.win32_1.17.0.201812190825/tools/compiler/bin/../lib/gcc/arm-none-eabi/7.3.1/../../../../arm-none-eabi/lib/thumb/v6-m\libc.a(lib_a-__call_atexit.o)
 .ARM.attributes
                0x000006ea       0x2c c:/ac6/systemworkbench/plugins/fr.ac6.mcu.externaltools.arm-none.win32_1.17.0.201812190825/tools/compiler/bin/../lib/gcc/arm-none-eabi/7.3.1/../../../../arm-none-eabi/lib/thumb/v6-m\libc.a(lib_a-atexit.o)
 .ARM.attributes
                0x00000716       0x2c c:/ac6/systemworkbench/plugins/fr.ac6.mcu.externaltools.arm-none.win32_1.17.0.201812190825/tools/compiler/bin/../lib/gcc/arm-none-eabi/7.3.1/../../../../arm-none-eabi/lib/thumb/v6-m\libc.a(lib_a-findfp.o)
 .ARM.attributes
                0x00000742       0x2c c:/ac6/systemworkbench/plugins/fr.ac6.mcu.externaltools.arm-none.win32_1.17.0.201812190825/tools/compiler/bin/../lib/gcc/arm-none-eabi/7.3.1/../../../../arm-none-eabi/lib/thumb/v6-m\libc.a(lib_a-fini.o)
 .ARM.attributes
                0x0000076e       0x2c c:/ac6/systemworkbench/plugins/fr.ac6.mcu.externaltools.arm-none.win32_1.17.0.201812190825/tools/compiler/bin/../lib/gcc/arm-none-eabi/7.3.1/../../../../arm-none-eabi/lib/thumb/v6-m\libc.a(lib_a-fvwrite.o)
 .ARM.attributes
                0x0000079a       0x2c c:/ac6/systemworkbench/plugins/fr.ac6.mcu.externaltools.arm-none.win32_1.17.0.201812190825/tools/compiler/bin/../lib/gcc/arm-none-eabi/7.3.1/../../../../arm-none-eabi/lib/thumb/v6-m\libc.a(lib_a-fwalk.o)
 .ARM.attributes
                0x000007c6       0x2c c:/ac6/systemworkbench/plugins/fr.ac6.mcu.externaltools.arm-none.win32_1.17.0.201812190825/tools/compiler/bin/../lib/gcc/arm-none-eabi/7.3.1/../../../../arm-none-eabi/lib/thumb/v6-m\libc.a(lib_a-lock.o)
 .ARM.attributes
                0x000007f2       0x2c c:/ac6/systemworkbench/plugins/fr.ac6.mcu.externaltools.arm-none.win32_1.17.0.201812190825/tools/compiler/bin/../lib/gcc/arm-none-eabi/7.3.1/../../../../arm-none-eabi/lib/thumb/v6-m\libc.a(lib_a-mallocr.o)
 .ARM.attributes
                0x0000081e       0x2c c:/ac6/systemworkbench/plugins/fr.ac6.mcu.externaltools.arm-none.win32_1.17.0.201812190825/tools/compiler/bin/../lib/gcc/arm-none-eabi/7.3.1/../../../../arm-none-eabi/lib/thumb/v6-m\libc.a(lib_a-memchr-stub.o)
 .ARM.attributes
                0x0000084a       0x2c c:/ac6/systemworkbench/plugins/fr.ac6.mcu.externaltools.arm-none.win32_1.17.0.201812190825/tools/compiler/bin/../lib/gcc/arm-none-eabi/7.3.1/../../../../arm-none-eabi/lib/thumb/v6-m\libc.a(lib_a-memcpy-stub.o)
 .ARM.attributes
                0x00000876       0x2c c:/ac6/systemworkbench/plugins/fr.ac6.mcu.externaltools.arm-none.win32_1.17.0.201812190825/tools/compiler/bin/../lib/gcc/arm-none-eabi/7.3.1/../../../../arm-none-eabi/lib/thumb/v6-m\libc.a(lib_a-memmove.o)
 .ARM.attributes
                0x000008a2       0x2c c:/ac6/systemworkbench/plugins/fr.ac6.mcu.externaltools.arm-none.win32_1.17.0.201812190825/tools/compiler/bin/../lib/gcc/arm-none-eabi/7.3.1/../../../../arm-none-eabi/lib/thumb/v6-m\libc.a(lib_a-mlock.o)
 .ARM.attributes
                0x000008ce       0x2c c:/ac6/systemworkbench/plugins/fr.ac6.mcu.externaltools.arm-none.win32_1.17.0.201812190825/tools/compiler/bin/../lib/gcc/arm-none-eabi/7.3.1/../../../../arm-none-eabi/lib/thumb/v6-m\libc.a(lib_a-reallocr.o)
 .ARM.attributes
                0x000008fa       0x2c c:/ac6/systemworkbench/plugins/fr.ac6.mcu.externaltools.arm-none.win32_1.17.0.201812190825/tools/compiler/bin/../lib/gcc/arm-none-eabi/7.3.1/../../../../arm-none-eabi/lib/thumb/v6-m\libc.a(lib_a-sbrkr.o)
 .ARM.attributes
                0x00000926       0x2c c:/ac6/systemworkbench/plugins/fr.ac6.mcu.externaltools.arm-none.win32_1.17.0.201812190825/tools/compiler/bin/../lib/gcc/arm-none-eabi/7.3.1/../../../../arm-none-eabi/lib/thumb/v6-m\libc.a(lib_a-stdio.o)
 .ARM.attributes
                0x00000952       0x2c c:/ac6/systemworkbench/plugins/fr.ac6.mcu.externaltools.arm-none.win32_1.17.0.201812190825/tools/compiler/bin/../lib/gcc/arm-none-eabi/7.3.1/../../../../arm-none-eabi/lib/thumb/v6-m\libc.a(lib_a-writer.o)
 .ARM.attributes
                0x0000097e       0x2c c:/ac6/systemworkbench/plugins/fr.ac6.mcu.externaltools.arm-none.win32_1.17.0.201812190825/tools/compiler/bin/../lib/gcc/arm-none-eabi/7.3.1/../../../../arm-none-eabi/lib/thumb/v6-m\libc.a(lib_a-wsetup.o)
 .ARM.attributes
                0x000009aa       0x2c c:/ac6/systemworkbench/plugins/fr.ac6.mcu.externaltools.arm-none.win32_1.17.0.201812190825/tools/compiler/bin/../lib/gcc/arm-none-eabi/7.3.1/../../../../arm-none-eabi/lib/thumb/v6-m\libc.a(lib_a-__atexit.o)
 .ARM.attributes
                0x000009d6       0x2c c:/ac6/systemworkbench/plugins/fr.ac6.mcu.externaltools.arm-none.win32_1.17.0.201812190825/tools/compiler/bin/../lib/gcc/arm-none-eabi/7.3.1/../../../../arm-none-eabi/lib/thumb/v6-m\libc.a(lib_a-closer.o)
 .ARM.attributes
                0x00000a02       0x2c c:/ac6/systemworkbench/plugins/fr.ac6.mcu.externaltools.arm-none.win32_1.17.0.201812190825/tools/compiler/bin/../lib/gcc/arm-none-eabi/7.3.1/../../../../arm-none-eabi/lib/thumb/v6-m\libc.a(lib_a-fclose.o)
 .ARM.attributes
                0x00000a2e       0x2c c:/ac6/systemworkbench/plugins/fr.ac6.mcu.externaltools.arm-none.win32_1.17.0.201812190825/tools/compiler/bin/../lib/gcc/arm-none-eabi/7.3.1/../../../../arm-none-eabi/lib/thumb/v6-m\libc.a(lib_a-fflush.o)
 .ARM.attributes
                0x00000a5a       0x2c c:/ac6/systemworkbench/plugins/fr.ac6.mcu.externaltools.arm-none.win32_1.17.0.201812190825/tools/compiler/bin/../lib/gcc/arm-none-eabi/7.3.1/../../../../arm-none-eabi/lib/thumb/v6-m\libc.a(lib_a-freer.o)
 .ARM.attributes
                0x00000a86       0x2c c:/ac6/systemworkbench/plugins/fr.ac6.mcu.externaltools.arm-none.win32_1.17.0.201812190825/tools/compiler/bin/../lib/gcc/arm-none-eabi/7.3.1/../../../../arm-none-eabi/lib/thumb/v6-m\libc.a(lib_a-lseekr.o)
 .ARM.attributes
                0x00000ab2       0x2c c:/ac6/systemworkbench/plugins/fr.ac6.mcu.externaltools.arm-none.win32_1.17.0.201812190825/tools/compiler/bin/../lib/gcc/arm-none-eabi/7.3.1/../../../../arm-none-eabi/lib/thumb/v6-m\libc.a(lib_a-makebuf.o)
 .ARM.attributes
                0x00000ade       0x2c c:/ac6/systemworkbench/plugins/fr.ac6.mcu.externaltools.arm-none.win32_1.17.0.201812190825/tools/compiler/bin/../lib/gcc/arm-none-eabi/7.3.1/../../../../arm-none-eabi/lib/thumb/v6-m\libc.a(lib_a-readr.o)
 .ARM.attributes
                0x00000b0a       0x2c c:/ac6/systemworkbench/plugins/fr.ac6.mcu.externaltools.arm-none.win32_1.17.0.201812190825/tools/compiler/bin/../lib/gcc/arm-none-eabi/7.3.1/../../../../arm-none-eabi/lib/thumb/v6-m\libc.a(lib_a-reent.o)
 .ARM.attributes
                0x00000b36       0x2c c:/ac6/systemworkbench/plugins/fr.ac6.mcu.externaltools.arm-none.win32_1.17.0.201812190825/tools/compiler/bin/../lib/gcc/arm-none-eabi/7.3.1/../../../../arm-none-eabi/lib/thumb/v6-m\libc.a(lib_a-fstatr.o)
 .ARM.attributes
                0x00000b62       0x2c c:/ac6/systemworkbench/plugins/fr.ac6.mcu.externaltools.arm-none.win32_1.17.0.201812190825/tools/compiler/bin/../lib/gcc/arm-none-eabi/7.3.1/../../../../arm-none-eabi/lib/thumb/v6-m\libc.a(lib_a-isattyr.o)
 .ARM.attributes
                0x00000b8e       0x2c c:/ac6/systemworkbench/plugins/fr.ac6.mcu.externaltools.arm-none.win32_1.17.0.201812190825/tools/compiler/bin/../lib/gcc/arm-none-eabi/7.3.1/../../../../arm-none-eabi/lib/thumb/v6-m\libnosys.a(close.o)
 .ARM.attributes
                0x00000bba       0x2c c:/ac6/systemworkbench/plugins/fr.ac6.mcu.externaltools.arm-none.win32_1.17.0.201812190825/tools/compiler/bin/../lib/gcc/arm-none-eabi/7.3.1/../../../../arm-none-eabi/lib/thumb/v6-m\libnosys.a(fstat.o)
 .ARM.attributes
                0x00000be6       0x2c c:/ac6/systemworkbench/plugins/fr.ac6.mcu.externaltools.arm-none.win32_1.17.0.201812190825/tools/compiler/bin/../lib/gcc/arm-none-eabi/7.3.1/../../../../arm-none-eabi/lib/thumb/v6-m\libnosys.a(isatty.o)
 .ARM.attributes
                0x00000c12       0x2c c:/ac6/systemworkbench/plugins/fr.ac6.mcu.externaltools.arm-none.win32_1.17.0.201812190825/tools/compiler/bin/../lib/gcc/arm-none-eabi/7.3.1/../../../../arm-none-eabi/lib/thumb/v6-m\libnosys.a(lseek.o)
 .ARM.attributes
                0x00000c3e       0x1e c:/ac6/systemworkbench/plugins/fr.ac6.mcu.externaltools.arm-none.win32_1.17.0.201812190825/tools/compiler/bin/../lib/gcc/arm-none-eabi/7.3.1/thumb/v6-m/crtn.o
OUTPUT(m2m-76-impulse-counter-bootloader.elf elf32-littlearm)

.debug_info     0x00000000    0x1655d
 .debug_info    0x00000000     0x25c5 boards/m2m-76-impulse-counter/board.o
 .debug_info    0x000025c5     0x166a boards/m2m-76-impulse-counter/gpio-board.o
 .debug_info    0x00003c2f      0xba5 boards/m2m-76-impulse-counter/lpm-board.o
 .debug_info    0x000047d4     0x1ad5 boards/m2m-76-impulse-counter/rtc-board.o
 .debug_info    0x000062a9     0x1f10 boards/m2m-76-impulse-counter/uart-board.o
 .debug_info    0x000081b9      0xbab boards/m2m-76-impulse-counter/cmsis/system_stm32l0xx.o
 .debug_info    0x00008d64     0x1008 boards/mcu/stm32/STM32L0xx_HAL_Driver/Src/stm32l0xx_hal.o
 .debug_info    0x00009d6c     0x115a boards/mcu/stm32/STM32L0xx_HAL_Driver/Src/stm32l0xx_hal_cortex.o
 .debug_info    0x0000aec6      0xee6 boards/mcu/stm32/STM32L0xx_HAL_Driver/Src/stm32l0xx_hal_gpio.o
 .debug_info    0x0000bdac     0x132f boards/mcu/stm32/STM32L0xx_HAL_Driver/Src/stm32l0xx_hal_rcc.o
 .debug_info    0x0000d0db      0xd8d boards/mcu/stm32/STM32L0xx_HAL_Driver/Src/stm32l0xx_hal_rcc_ex.o
 .debug_info    0x0000de68     0x15c7 boards/mcu/stm32/STM32L0xx_HAL_Driver/Src/stm32l0xx_hal_rtc.o
 .debug_info    0x0000f42f     0x181c boards/mcu/stm32/STM32L0xx_HAL_Driver/Src/stm32l0xx_hal_rtc_ex.o
 .debug_info    0x00010c4b      0xfb6 boards/mcu/stm32/STM32L0xx_HAL_Driver/Src/stm32l0xx_ll_gpio.o
 .debug_info    0x00011c01     0x119f boards/mcu/stm32/STM32L0xx_HAL_Driver/Src/stm32l0xx_ll_rcc.o
 .debug_info    0x00012da0     0x10bc boards/mcu/stm32/STM32L0xx_HAL_Driver/Src/stm32l0xx_ll_usart.o
 .debug_info    0x00013e5c       0x7b boards/mcu/stm32/sysIrqHandlers.o
 .debug_info    0x00013ed7      0xd0e src/main.o
 .debug_info    0x00014be5       0xf0 src/version.o
 .debug_info    0x00014cd5       0x22 startup/startup_stm32.o
 .debug_info    0x00014cf7      0x946 startup/sysmem.o
 .debug_info    0x0001563d      0x7b3 system/gpio.o
 .debug_info    0x00015df0      0x76d system/timer.o

.debug_abbrev   0x00000000     0x3d85
 .debug_abbrev  0x00000000      0x532 boards/m2m-76-impulse-counter/board.o
 .debug_abbrev  0x00000532      0x37c boards/m2m-76-impulse-counter/gpio-board.o
 .debug_abbrev  0x000008ae      0x28e boards/m2m-76-impulse-counter/lpm-board.o
 .debug_abbrev  0x00000b3c      0x46c boards/m2m-76-impulse-counter/rtc-board.o
 .debug_abbrev  0x00000fa8      0x33e boards/m2m-76-impulse-counter/uart-board.o
 .debug_abbrev  0x000012e6      0x205 boards/m2m-76-impulse-counter/cmsis/system_stm32l0xx.o
 .debug_abbrev  0x000014eb      0x2fd boards/mcu/stm32/STM32L0xx_HAL_Driver/Src/stm32l0xx_hal.o
 .debug_abbrev  0x000017e8      0x34b boards/mcu/stm32/STM32L0xx_HAL_Driver/Src/stm32l0xx_hal_cortex.o
 .debug_abbrev  0x00001b33      0x28f boards/mcu/stm32/STM32L0xx_HAL_Driver/Src/stm32l0xx_hal_gpio.o
 .debug_abbrev  0x00001dc2      0x36d boards/mcu/stm32/STM32L0xx_HAL_Driver/Src/stm32l0xx_hal_rcc.o
 .debug_abbrev  0x0000212f      0x2a3 boards/mcu/stm32/STM32L0xx_HAL_Driver/Src/stm32l0xx_hal_rcc_ex.o
 .debug_abbrev  0x000023d2      0x2f4 boards/mcu/stm32/STM32L0xx_HAL_Driver/Src/stm32l0xx_hal_rtc.o
 .debug_abbrev  0x000026c6      0x303 boards/mcu/stm32/STM32L0xx_HAL_Driver/Src/stm32l0xx_hal_rtc_ex.o
 .debug_abbrev  0x000029c9      0x2ab boards/mcu/stm32/STM32L0xx_HAL_Driver/Src/stm32l0xx_ll_gpio.o
 .debug_abbrev  0x00002c74      0x38d boards/mcu/stm32/STM32L0xx_HAL_Driver/Src/stm32l0xx_ll_rcc.o
 .debug_abbrev  0x00003001      0x37f boards/mcu/stm32/STM32L0xx_HAL_Driver/Src/stm32l0xx_ll_usart.o
 .debug_abbrev  0x00003380       0x5f boards/mcu/stm32/sysIrqHandlers.o
 .debug_abbrev  0x000033df      0x31a src/main.o
 .debug_abbrev  0x000036f9       0x82 src/version.o
 .debug_abbrev  0x0000377b       0x12 startup/startup_stm32.o
 .debug_abbrev  0x0000378d      0x21e startup/sysmem.o
 .debug_abbrev  0x000039ab      0x124 system/gpio.o
 .debug_abbrev  0x00003acf      0x2b6 system/timer.o

.debug_loc      0x00000000     0x5ae8
 .debug_loc     0x00000000      0x18d boards/m2m-76-impulse-counter/board.o
 .debug_loc     0x0000018d      0x44e boards/m2m-76-impulse-counter/gpio-board.o
 .debug_loc     0x000005db       0x97 boards/m2m-76-impulse-counter/lpm-board.o
 .debug_loc     0x00000672      0xfaa boards/m2m-76-impulse-counter/rtc-board.o
 .debug_loc     0x0000161c      0x269 boards/m2m-76-impulse-counter/uart-board.o
 .debug_loc     0x00001885      0x17f boards/m2m-76-impulse-counter/cmsis/system_stm32l0xx.o
 .debug_loc     0x00001a04       0xac boards/mcu/stm32/STM32L0xx_HAL_Driver/Src/stm32l0xx_hal.o
 .debug_loc     0x00001ab0      0x3aa boards/mcu/stm32/STM32L0xx_HAL_Driver/Src/stm32l0xx_hal_cortex.o
 .debug_loc     0x00001e5a      0x2ed boards/mcu/stm32/STM32L0xx_HAL_Driver/Src/stm32l0xx_hal_gpio.o
 .debug_loc     0x00002147      0x571 boards/mcu/stm32/STM32L0xx_HAL_Driver/Src/stm32l0xx_hal_rcc.o
 .debug_loc     0x000026b8      0x44d boards/mcu/stm32/STM32L0xx_HAL_Driver/Src/stm32l0xx_hal_rcc_ex.o
 .debug_loc     0x00002b05      0xc39 boards/mcu/stm32/STM32L0xx_HAL_Driver/Src/stm32l0xx_hal_rtc.o
 .debug_loc     0x0000373e      0xfc7 boards/mcu/stm32/STM32L0xx_HAL_Driver/Src/stm32l0xx_hal_rtc_ex.o
 .debug_loc     0x00004705      0x344 boards/mcu/stm32/STM32L0xx_HAL_Driver/Src/stm32l0xx_ll_gpio.o
 .debug_loc     0x00004a49      0x3ec boards/mcu/stm32/STM32L0xx_HAL_Driver/Src/stm32l0xx_ll_rcc.o
 .debug_loc     0x00004e35      0x42e boards/mcu/stm32/STM32L0xx_HAL_Driver/Src/stm32l0xx_ll_usart.o
 .debug_loc     0x00005263      0x156 src/main.o
 .debug_loc     0x000053b9       0x4a startup/sysmem.o
 .debug_loc     0x00005403      0x247 system/gpio.o
 .debug_loc     0x0000564a      0x49e system/timer.o

.debug_aranges  0x00000000      0x938
 .debug_aranges
                0x00000000       0xb0 boards/m2m-76-impulse-counter/board.o
 .debug_aranges
                0x000000b0       0x70 boards/m2m-76-impulse-counter/gpio-board.o
 .debug_aranges
                0x00000120       0x40 boards/m2m-76-impulse-counter/lpm-board.o
 .debug_aranges
                0x00000160       0xc8 boards/m2m-76-impulse-counter/rtc-board.o
 .debug_aranges
                0x00000228       0x38 boards/m2m-76-impulse-counter/uart-board.o
 .debug_aranges
                0x00000260       0x28 boards/m2m-76-impulse-counter/cmsis/system_stm32l0xx.o
 .debug_aranges
                0x00000288       0xd8 boards/mcu/stm32/STM32L0xx_HAL_Driver/Src/stm32l0xx_hal.o
 .debug_aranges
                0x00000360       0x80 boards/mcu/stm32/STM32L0xx_HAL_Driver/Src/stm32l0xx_hal_cortex.o
 .debug_aranges
                0x000003e0       0x58 boards/mcu/stm32/STM32L0xx_HAL_Driver/Src/stm32l0xx_hal_gpio.o
 .debug_aranges
                0x00000438       0x88 boards/mcu/stm32/STM32L0xx_HAL_Driver/Src/stm32l0xx_hal_rcc.o
 .debug_aranges
                0x000004c0       0x58 boards/mcu/stm32/STM32L0xx_HAL_Driver/Src/stm32l0xx_hal_rcc_ex.o
 .debug_aranges
                0x00000518       0xa8 boards/mcu/stm32/STM32L0xx_HAL_Driver/Src/stm32l0xx_hal_rtc.o
 .debug_aranges
                0x000005c0      0x108 boards/mcu/stm32/STM32L0xx_HAL_Driver/Src/stm32l0xx_hal_rtc_ex.o
 .debug_aranges
                0x000006c8       0x30 boards/mcu/stm32/STM32L0xx_HAL_Driver/Src/stm32l0xx_ll_gpio.o
 .debug_aranges
                0x000006f8       0x70 boards/mcu/stm32/STM32L0xx_HAL_Driver/Src/stm32l0xx_ll_rcc.o
 .debug_aranges
                0x00000768       0x40 boards/mcu/stm32/STM32L0xx_HAL_Driver/Src/stm32l0xx_ll_usart.o
 .debug_aranges
                0x000007a8       0x38 boards/mcu/stm32/sysIrqHandlers.o
 .debug_aranges
                0x000007e0       0x20 src/main.o
 .debug_aranges
                0x00000800       0x18 src/version.o
 .debug_aranges
                0x00000818       0x28 startup/startup_stm32.o
 .debug_aranges
                0x00000840       0x20 startup/sysmem.o
 .debug_aranges
                0x00000860       0x50 system/gpio.o
 .debug_aranges
                0x000008b0       0x88 system/timer.o

.debug_ranges   0x00000000      0xcf0
 .debug_ranges  0x00000000       0xb8 boards/m2m-76-impulse-counter/board.o
 .debug_ranges  0x000000b8       0xc0 boards/m2m-76-impulse-counter/gpio-board.o
 .debug_ranges  0x00000178       0x30 boards/m2m-76-impulse-counter/lpm-board.o
 .debug_ranges  0x000001a8       0xd8 boards/m2m-76-impulse-counter/rtc-board.o
 .debug_ranges  0x00000280      0x170 boards/m2m-76-impulse-counter/uart-board.o
 .debug_ranges  0x000003f0       0x18 boards/m2m-76-impulse-counter/cmsis/system_stm32l0xx.o
 .debug_ranges  0x00000408       0xc8 boards/mcu/stm32/STM32L0xx_HAL_Driver/Src/stm32l0xx_hal.o
 .debug_ranges  0x000004d0      0x128 boards/mcu/stm32/STM32L0xx_HAL_Driver/Src/stm32l0xx_hal_cortex.o
 .debug_ranges  0x000005f8       0x48 boards/mcu/stm32/STM32L0xx_HAL_Driver/Src/stm32l0xx_hal_gpio.o
 .debug_ranges  0x00000640       0xe0 boards/mcu/stm32/STM32L0xx_HAL_Driver/Src/stm32l0xx_hal_rcc.o
 .debug_ranges  0x00000720       0x68 boards/mcu/stm32/STM32L0xx_HAL_Driver/Src/stm32l0xx_hal_rcc_ex.o
 .debug_ranges  0x00000788       0x98 boards/mcu/stm32/STM32L0xx_HAL_Driver/Src/stm32l0xx_hal_rtc.o
 .debug_ranges  0x00000820       0xf8 boards/mcu/stm32/STM32L0xx_HAL_Driver/Src/stm32l0xx_hal_rtc_ex.o
 .debug_ranges  0x00000918       0x80 boards/mcu/stm32/STM32L0xx_HAL_Driver/Src/stm32l0xx_ll_gpio.o
 .debug_ranges  0x00000998      0x178 boards/mcu/stm32/STM32L0xx_HAL_Driver/Src/stm32l0xx_ll_rcc.o
 .debug_ranges  0x00000b10       0x60 boards/mcu/stm32/STM32L0xx_HAL_Driver/Src/stm32l0xx_ll_usart.o
 .debug_ranges  0x00000b70       0x28 boards/mcu/stm32/sysIrqHandlers.o
 .debug_ranges  0x00000b98       0x58 src/main.o
 .debug_ranges  0x00000bf0       0x20 startup/startup_stm32.o
 .debug_ranges  0x00000c10       0x10 startup/sysmem.o
 .debug_ranges  0x00000c20       0x40 system/gpio.o
 .debug_ranges  0x00000c60       0x90 system/timer.o

.debug_macro    0x00000000     0x70be
 .debug_macro   0x00000000      0x46b boards/m2m-76-impulse-counter/board.o
 .debug_macro   0x0000046b       0x34 boards/m2m-76-impulse-counter/board.o
 .debug_macro   0x0000049f       0x36 boards/m2m-76-impulse-counter/board.o
 .debug_macro   0x000004d5       0x22 boards/m2m-76-impulse-counter/board.o
 .debug_macro   0x000004f7     0x14bd boards/m2m-76-impulse-counter/board.o
 .debug_macro   0x000019b4      0x79c boards/m2m-76-impulse-counter/board.o
 .debug_macro   0x00002150       0x2b boards/m2m-76-impulse-counter/board.o
 .debug_macro   0x0000217b       0x10 boards/m2m-76-impulse-counter/board.o
 .debug_macro   0x0000218b       0x35 boards/m2m-76-impulse-counter/board.o
 .debug_macro   0x000021c0      0x31b boards/m2m-76-impulse-counter/board.o
 .debug_macro   0x000024db      0x394 boards/m2m-76-impulse-counter/gpio-board.o
 .debug_macro   0x0000286f       0x1c boards/m2m-76-impulse-counter/gpio-board.o
 .debug_macro   0x0000288b      0x346 boards/m2m-76-impulse-counter/lpm-board.o
 .debug_macro   0x00002bd1      0x456 boards/m2m-76-impulse-counter/rtc-board.o
 .debug_macro   0x00003027      0x174 boards/m2m-76-impulse-counter/rtc-board.o
 .debug_macro   0x0000319b      0x1e1 boards/m2m-76-impulse-counter/rtc-board.o
 .debug_macro   0x0000337c       0x16 boards/m2m-76-impulse-counter/rtc-board.o
 .debug_macro   0x00003392       0x10 boards/m2m-76-impulse-counter/rtc-board.o
 .debug_macro   0x000033a2       0x10 boards/m2m-76-impulse-counter/rtc-board.o
 .debug_macro   0x000033b2       0x35 boards/m2m-76-impulse-counter/rtc-board.o
 .debug_macro   0x000033e7       0x1c boards/m2m-76-impulse-counter/rtc-board.o
 .debug_macro   0x00003403       0x10 boards/m2m-76-impulse-counter/rtc-board.o
 .debug_macro   0x00003413       0xac boards/m2m-76-impulse-counter/rtc-board.o
 .debug_macro   0x000034bf      0x3ab boards/m2m-76-impulse-counter/uart-board.o
 .debug_macro   0x0000386a      0x102 boards/m2m-76-impulse-counter/uart-board.o
 .debug_macro   0x0000396c      0x13a boards/m2m-76-impulse-counter/uart-board.o
 .debug_macro   0x00003aa6      0x336 boards/m2m-76-impulse-counter/cmsis/system_stm32l0xx.o
 .debug_macro   0x00003ddc      0x354 boards/mcu/stm32/STM32L0xx_HAL_Driver/Src/stm32l0xx_hal.o
 .debug_macro   0x00004130      0x330 boards/mcu/stm32/STM32L0xx_HAL_Driver/Src/stm32l0xx_hal_cortex.o
 .debug_macro   0x00004460      0x368 boards/mcu/stm32/STM32L0xx_HAL_Driver/Src/stm32l0xx_hal_gpio.o
 .debug_macro   0x000047c8      0x390 boards/mcu/stm32/STM32L0xx_HAL_Driver/Src/stm32l0xx_hal_rcc.o
 .debug_macro   0x00004b58      0x330 boards/mcu/stm32/STM32L0xx_HAL_Driver/Src/stm32l0xx_hal_rcc_ex.o
 .debug_macro   0x00004e88      0x330 boards/mcu/stm32/STM32L0xx_HAL_Driver/Src/stm32l0xx_hal_rtc.o
 .debug_macro   0x000051b8      0x330 boards/mcu/stm32/STM32L0xx_HAL_Driver/Src/stm32l0xx_hal_rtc_ex.o
 .debug_macro   0x000054e8      0x372 boards/mcu/stm32/STM32L0xx_HAL_Driver/Src/stm32l0xx_ll_gpio.o
 .debug_macro   0x0000585a      0x134 boards/mcu/stm32/STM32L0xx_HAL_Driver/Src/stm32l0xx_ll_gpio.o
 .debug_macro   0x0000598e      0x35d boards/mcu/stm32/STM32L0xx_HAL_Driver/Src/stm32l0xx_ll_rcc.o
 .debug_macro   0x00005ceb      0x429 boards/mcu/stm32/STM32L0xx_HAL_Driver/Src/stm32l0xx_ll_rcc.o
 .debug_macro   0x00006114      0x399 boards/mcu/stm32/STM32L0xx_HAL_Driver/Src/stm32l0xx_ll_usart.o
 .debug_macro   0x000064ad      0x315 boards/mcu/stm32/STM32L0xx_HAL_Driver/Src/stm32l0xx_ll_usart.o
 .debug_macro   0x000067c2       0x11 boards/mcu/stm32/sysIrqHandlers.o
 .debug_macro   0x000067d3      0x372 src/main.o
 .debug_macro   0x00006b45       0x26 src/version.o
 .debug_macro   0x00006b6b       0x16 src/version.o
 .debug_macro   0x00006b81      0x1ae startup/sysmem.o
 .debug_macro   0x00006d2f       0x10 startup/sysmem.o
 .debug_macro   0x00006d3f      0x23b startup/sysmem.o
 .debug_macro   0x00006f7a       0x89 system/gpio.o
 .debug_macro   0x00007003       0xbb system/timer.o

.debug_line     0x00000000     0xc6bf
 .debug_line    0x00000000      0xce3 boards/m2m-76-impulse-counter/board.o
 .debug_line    0x00000ce3      0xa8b boards/m2m-76-impulse-counter/gpio-board.o
 .debug_line    0x0000176e      0x919 boards/m2m-76-impulse-counter/lpm-board.o
 .debug_line    0x00002087      0xc48 boards/m2m-76-impulse-counter/rtc-board.o
 .debug_line    0x00002ccf      0xae8 boards/m2m-76-impulse-counter/uart-board.o
 .debug_line    0x000037b7      0x841 boards/m2m-76-impulse-counter/cmsis/system_stm32l0xx.o
 .debug_line    0x00003ff8      0xa3a boards/mcu/stm32/STM32L0xx_HAL_Driver/Src/stm32l0xx_hal.o
 .debug_line    0x00004a32      0xa1f boards/mcu/stm32/STM32L0xx_HAL_Driver/Src/stm32l0xx_hal_cortex.o
 .debug_line    0x00005451      0x9ff boards/mcu/stm32/STM32L0xx_HAL_Driver/Src/stm32l0xx_hal_gpio.o
 .debug_line    0x00005e50      0xbfe boards/mcu/stm32/STM32L0xx_HAL_Driver/Src/stm32l0xx_hal_rcc.o
 .debug_line    0x00006a4e      0xa54 boards/mcu/stm32/STM32L0xx_HAL_Driver/Src/stm32l0xx_hal_rcc_ex.o
 .debug_line    0x000074a2      0xca1 boards/mcu/stm32/STM32L0xx_HAL_Driver/Src/stm32l0xx_hal_rtc.o
 .debug_line    0x00008143      0xfe4 boards/mcu/stm32/STM32L0xx_HAL_Driver/Src/stm32l0xx_hal_rtc_ex.o
 .debug_line    0x00009127      0x970 boards/mcu/stm32/STM32L0xx_HAL_Driver/Src/stm32l0xx_ll_gpio.o
 .debug_line    0x00009a97      0xb3e boards/mcu/stm32/STM32L0xx_HAL_Driver/Src/stm32l0xx_ll_rcc.o
 .debug_line    0x0000a5d5      0x9a6 boards/mcu/stm32/STM32L0xx_HAL_Driver/Src/stm32l0xx_ll_usart.o
 .debug_line    0x0000af7b       0xb0 boards/mcu/stm32/sysIrqHandlers.o
 .debug_line    0x0000b02b      0x90a src/main.o
 .debug_line    0x0000b935       0x3e src/version.o
 .debug_line    0x0000b973       0x7c startup/startup_stm32.o
 .debug_line    0x0000b9ef      0x3eb startup/sysmem.o
 .debug_line    0x0000bdda      0x3ca system/gpio.o
 .debug_line    0x0000c1a4      0x51b system/timer.o

.debug_str      0x00000000    0x88319
 .debug_str     0x00000000    0x802de boards/m2m-76-impulse-counter/board.o
                              0x80abc (size before relaxing)
 .debug_str     0x000802de      0x34b boards/m2m-76-impulse-counter/gpio-board.o
                              0x773cd (size before relaxing)
 .debug_str     0x00080629      0x10d boards/m2m-76-impulse-counter/lpm-board.o
                              0x767db (size before relaxing)
 .debug_str     0x00080736     0x1604 boards/m2m-76-impulse-counter/rtc-board.o
                              0x785e2 (size before relaxing)
 .debug_str     0x00081d3a     0x15e3 boards/m2m-76-impulse-counter/uart-board.o
                              0x7986a (size before relaxing)
 .debug_str     0x0008331d       0xbf boards/m2m-76-impulse-counter/cmsis/system_stm32l0xx.o
                              0x76471 (size before relaxing)
 .debug_str     0x000833dc      0x3ed boards/mcu/stm32/STM32L0xx_HAL_Driver/Src/stm32l0xx_hal.o
                              0x76a6d (size before relaxing)
 .debug_str     0x000837c9      0x1e7 boards/mcu/stm32/STM32L0xx_HAL_Driver/Src/stm32l0xx_hal_cortex.o
                              0x7686d (size before relaxing)
 .debug_str     0x000839b0      0x1d7 boards/mcu/stm32/STM32L0xx_HAL_Driver/Src/stm32l0xx_hal_gpio.o
                              0x7670d (size before relaxing)
 .debug_str     0x00083b87      0x427 boards/mcu/stm32/STM32L0xx_HAL_Driver/Src/stm32l0xx_hal_rcc.o
                              0x76a79 (size before relaxing)
 .debug_str     0x00083fae      0x14a boards/mcu/stm32/STM32L0xx_HAL_Driver/Src/stm32l0xx_hal_rcc_ex.o
                              0x76691 (size before relaxing)
 .debug_str     0x000840f8      0x18d boards/mcu/stm32/STM32L0xx_HAL_Driver/Src/stm32l0xx_hal_rtc.o
                              0x76851 (size before relaxing)
 .debug_str     0x00084285      0x547 boards/mcu/stm32/STM32L0xx_HAL_Driver/Src/stm32l0xx_hal_rtc_ex.o
                              0x76bb3 (size before relaxing)
 .debug_str     0x000847cc      0x577 boards/mcu/stm32/STM32L0xx_HAL_Driver/Src/stm32l0xx_ll_gpio.o
                              0x7780d (size before relaxing)
 .debug_str     0x00084d43     0x22f0 boards/mcu/stm32/STM32L0xx_HAL_Driver/Src/stm32l0xx_ll_rcc.o
                              0x786ba (size before relaxing)
 .debug_str     0x00087033      0x859 boards/mcu/stm32/STM32L0xx_HAL_Driver/Src/stm32l0xx_ll_usart.o
                              0x7a3c0 (size before relaxing)
 .debug_str     0x0008788c       0xa3 boards/mcu/stm32/sysIrqHandlers.o
                               0x2d5a (size before relaxing)
 .debug_str     0x0008792f      0x20f src/main.o
                              0x76a6c (size before relaxing)
 .debug_str     0x00087b3e       0x86 src/version.o
                               0x2d97 (size before relaxing)
 .debug_str     0x00087bc4       0x29 startup/startup_stm32.o
                                 0x93 (size before relaxing)
 .debug_str     0x00087bed      0x4c5 startup/sysmem.o
                               0x77a5 (size before relaxing)
 .debug_str     0x000880b2       0x84 system/gpio.o
                               0x451f (size before relaxing)
 .debug_str     0x00088136      0x1e3 system/timer.o
                               0x44bd (size before relaxing)

.comment        0x00000000       0x7f
 .comment       0x00000000       0x7f boards/m2m-76-impulse-counter/board.o
                                 0x80 (size before relaxing)
 .comment       0x0000007f       0x80 boards/m2m-76-impulse-counter/gpio-board.o
 .comment       0x0000007f       0x80 boards/m2m-76-impulse-counter/lpm-board.o
 .comment       0x0000007f       0x80 boards/m2m-76-impulse-counter/rtc-board.o
 .comment       0x0000007f       0x80 boards/m2m-76-impulse-counter/uart-board.o
 .comment       0x0000007f       0x80 boards/m2m-76-impulse-counter/cmsis/system_stm32l0xx.o
 .comment       0x0000007f       0x80 boards/mcu/stm32/STM32L0xx_HAL_Driver/Src/stm32l0xx_hal.o
 .comment       0x0000007f       0x80 boards/mcu/stm32/STM32L0xx_HAL_Driver/Src/stm32l0xx_hal_cortex.o
 .comment       0x0000007f       0x80 boards/mcu/stm32/STM32L0xx_HAL_Driver/Src/stm32l0xx_hal_gpio.o
 .comment       0x0000007f       0x80 boards/mcu/stm32/STM32L0xx_HAL_Driver/Src/stm32l0xx_hal_rcc.o
 .comment       0x0000007f       0x80 boards/mcu/stm32/STM32L0xx_HAL_Driver/Src/stm32l0xx_hal_rcc_ex.o
 .comment       0x0000007f       0x80 boards/mcu/stm32/STM32L0xx_HAL_Driver/Src/stm32l0xx_hal_rtc.o
 .comment       0x0000007f       0x80 boards/mcu/stm32/STM32L0xx_HAL_Driver/Src/stm32l0xx_hal_rtc_ex.o
 .comment       0x0000007f       0x80 boards/mcu/stm32/STM32L0xx_HAL_Driver/Src/stm32l0xx_ll_gpio.o
 .comment       0x0000007f       0x80 boards/mcu/stm32/STM32L0xx_HAL_Driver/Src/stm32l0xx_ll_rcc.o
 .comment       0x0000007f       0x80 boards/mcu/stm32/STM32L0xx_HAL_Driver/Src/stm32l0xx_ll_usart.o
 .comment       0x0000007f       0x80 boards/mcu/stm32/sysIrqHandlers.o
 .comment       0x0000007f       0x80 src/main.o
 .comment       0x0000007f       0x80 src/version.o
 .comment       0x0000007f       0x80 startup/sysmem.o
 .comment       0x0000007f       0x80 system/gpio.o
 .comment       0x0000007f       0x80 system/timer.o

.debug_frame    0x00000000     0x212c
 .debug_frame   0x00000000      0x1bc boards/m2m-76-impulse-counter/board.o
 .debug_frame   0x000001bc      0x128 boards/m2m-76-impulse-counter/gpio-board.o
 .debug_frame   0x000002e4       0xe4 boards/m2m-76-impulse-counter/lpm-board.o
 .debug_frame   0x000003c8      0x25c boards/m2m-76-impulse-counter/rtc-board.o
 .debug_frame   0x00000624       0x6c boards/m2m-76-impulse-counter/uart-board.o
 .debug_frame   0x00000690       0x3c boards/m2m-76-impulse-counter/cmsis/system_stm32l0xx.o
 .debug_frame   0x000006cc      0x1c4 boards/mcu/stm32/STM32L0xx_HAL_Driver/Src/stm32l0xx_hal.o
 .debug_frame   0x00000890       0xfc boards/mcu/stm32/STM32L0xx_HAL_Driver/Src/stm32l0xx_hal_cortex.o
 .debug_frame   0x0000098c       0xbc boards/mcu/stm32/STM32L0xx_HAL_Driver/Src/stm32l0xx_hal_gpio.o
 .debug_frame   0x00000a48      0x154 boards/mcu/stm32/STM32L0xx_HAL_Driver/Src/stm32l0xx_hal_rcc.o
 .debug_frame   0x00000b9c       0xc0 boards/mcu/stm32/STM32L0xx_HAL_Driver/Src/stm32l0xx_hal_rcc_ex.o
 .debug_frame   0x00000c5c      0x230 boards/mcu/stm32/STM32L0xx_HAL_Driver/Src/stm32l0xx_hal_rtc.o
 .debug_frame   0x00000e8c      0x3ac boards/mcu/stm32/STM32L0xx_HAL_Driver/Src/stm32l0xx_hal_rtc_ex.o
 .debug_frame   0x00001238       0x50 boards/mcu/stm32/STM32L0xx_HAL_Driver/Src/stm32l0xx_ll_gpio.o
 .debug_frame   0x00001288       0xf8 boards/mcu/stm32/STM32L0xx_HAL_Driver/Src/stm32l0xx_ll_rcc.o
 .debug_frame   0x00001380       0x78 boards/mcu/stm32/STM32L0xx_HAL_Driver/Src/stm32l0xx_ll_usart.o
 .debug_frame   0x000013f8       0x60 boards/mcu/stm32/sysIrqHandlers.o
 .debug_frame   0x00001458       0x34 src/main.o
 .debug_frame   0x0000148c       0x28 startup/sysmem.o
 .debug_frame   0x000014b4       0xc0 system/gpio.o
 .debug_frame   0x00001574      0x168 system/timer.o
 .debug_frame   0x000016dc       0x20 c:/ac6/systemworkbench/plugins/fr.ac6.mcu.externaltools.arm-none.win32_1.17.0.201812190825/tools/compiler/bin/../lib/gcc/arm-none-eabi/7.3.1/thumb/v6-m\libgcc.a(_udivsi3.o)
 .debug_frame   0x000016fc       0x20 c:/ac6/systemworkbench/plugins/fr.ac6.mcu.externaltools.arm-none.win32_1.17.0.201812190825/tools/compiler/bin/../lib/gcc/arm-none-eabi/7.3.1/thumb/v6-m\libgcc.a(_divsi3.o)
 .debug_frame   0x0000171c       0x3c c:/ac6/systemworkbench/plugins/fr.ac6.mcu.externaltools.arm-none.win32_1.17.0.201812190825/tools/compiler/bin/../lib/gcc/arm-none-eabi/7.3.1/thumb/v6-m\libgcc.a(_udivmoddi4.o)
 .debug_frame   0x00001758       0x20 c:/ac6/systemworkbench/plugins/fr.ac6.mcu.externaltools.arm-none.win32_1.17.0.201812190825/tools/compiler/bin/../lib/gcc/arm-none-eabi/7.3.1/../../../../arm-none-eabi/lib/thumb/v6-m\libc.a(lib_a-errno.o)
 .debug_frame   0x00001778       0x2c c:/ac6/systemworkbench/plugins/fr.ac6.mcu.externaltools.arm-none.win32_1.17.0.201812190825/tools/compiler/bin/../lib/gcc/arm-none-eabi/7.3.1/../../../../arm-none-eabi/lib/thumb/v6-m\libc.a(lib_a-init.o)
 .debug_frame   0x000017a4       0x30 c:/ac6/systemworkbench/plugins/fr.ac6.mcu.externaltools.arm-none.win32_1.17.0.201812190825/tools/compiler/bin/../lib/gcc/arm-none-eabi/7.3.1/../../../../arm-none-eabi/lib/thumb/v6-m\libc.a(lib_a-memset.o)